<?xml version="1.0" encoding="UTF-8"?>
<TestRun id="edb9471b-0e33-42d5-9f07-4ca371e90407" name="PC@PC-PC 2012-07-01 20:47:46" runUser="PC-PC\PC" xmlns="http://microsoft.com/schemas/VisualStudio/TeamTest/2010">
  <TestSettings name="Local" id="3b433da5-8bdf-4d84-8a00-442453038e74">
    <Description>These are default test settings for a local test run.</Description>
    <Deployment enabled="false" runDeploymentRoot="PC_PC-PC 2012-07-01 20_47_46">
      <DeploymentItem filename="C:\Users\PC\Documents\Visual Studio 2010\Projects\bsn\core\bin\Debug\core.dll" />
      <DeploymentItem filename="C:\Users\PC\Documents\Visual Studio 2010\Projects\bsn\bsn.testes\bin\Debug\MongoDB.Bson.dll" />
      <DeploymentItem filename="C:\Users\PC\Documents\Visual Studio 2010\Projects\bsn\bsn.testes\bin\Debug\MongoDB.Driver.dll" />
      <DeploymentItem filename="C:\Users\PC\Documents\Visual Studio 2010\Projects\bsn\bsn.dal\bin\Debug\bsn.dal.dll" />
    </Deployment>
    <Execution>
      <TestTypeSpecific />
      <AgentRule name="Execution Agents">
      </AgentRule>
    </Execution>
  </TestSettings>
  <Times creation="2012-07-01T20:47:46.1517039-03:00" queuing="2012-07-01T20:47:47.7067929-03:00" start="2012-07-01T20:47:47.8958037-03:00" finish="2012-07-01T20:48:12.4972108-03:00" />
  <ResultSummary outcome="Error">
    <Counters total="56" executed="2" error="0" failed="1" timeout="0" aborted="1" inconclusive="0" passedButRunAborted="0" notRunnable="0" notExecuted="54" disconnected="0" warning="0" passed="0" completed="0" inProgress="0" pending="0" />
    <RunInfos>
      <RunInfo computerName="PC-PC" outcome="Error" timestamp="2012-07-01T20:48:12.4262067-03:00">
        <Text>Test host process exited unexpectedly.</Text>
      </RunInfo>
    </RunInfos>
  </ResultSummary>
  <TestDefinitions>
    <UnitTest name="RegexPrecoTest" storage="c:\users\pc\documents\visual studio 2010\projects\bsn\bsn.testes\bin\debug\bsn.testes.dll" id="6a6976cc-2b3f-5994-b391-27013bcc262a">
      <Execution id="bb523a77-344d-4813-8e76-2f79a8c5bad1" />
      <TestMethod codeBase="C:/Users/PC/Documents/Visual Studio 2010/Projects/bsn/bsn.testes/bin/Debug/bsn.testes.DLL" adapterTypeName="Microsoft.VisualStudio.TestTools.TestTypes.Unit.UnitTestAdapter, Microsoft.VisualStudio.QualityTools.Tips.UnitTest.Adapter, Version=10.0.0.0, Culture=neutral, PublicKeyToken=b03f5f7f11d50a3a" className="bsn.testes.SiteClassificadoTest, bsn.testes, Version=1.0.0.0, Culture=neutral, PublicKeyToken=null" name="RegexPrecoTest" />
    </UnitTest>
    <UnitTest name="retrieveTest" storage="c:\users\pc\documents\visual studio 2010\projects\bsn\bsn.testes\bin\debug\bsn.testes.dll" id="48cfa31e-c995-f8bd-a145-f4c486ec352d">
      <Execution id="1cc36060-3052-4a4d-9f4a-f30b13c1e744" />
      <TestMethod codeBase="C:/Users/PC/Documents/Visual Studio 2010/Projects/bsn/bsn.testes/bin/Debug/bsn.testes.DLL" adapterTypeName="Microsoft.VisualStudio.TestTools.TestTypes.Unit.UnitTestAdapter, Microsoft.VisualStudio.QualityTools.Tips.UnitTest.Adapter, Version=10.0.0.0, Culture=neutral, PublicKeyToken=b03f5f7f11d50a3a" className="bsn.testes.PaginaTest, bsn.testes, Version=1.0.0.0, Culture=neutral, PublicKeyToken=null" name="retrieveTest" />
    </UnitTest>
    <UnitTest name="getPhoneNumberTest" storage="c:\users\pc\documents\visual studio 2010\projects\bsn\bsn.testes\bin\debug\bsn.testes.dll" id="cc12d89e-03af-d849-790c-d1c82ad78f45">
      <Execution id="1c5adfe8-abad-4708-9683-591c81361748" />
      <TestMethod codeBase="C:/Users/PC/Documents/Visual Studio 2010/Projects/bsn/bsn.testes/bin/Debug/bsn.testes.DLL" adapterTypeName="Microsoft.VisualStudio.TestTools.TestTypes.Unit.UnitTestAdapter, Microsoft.VisualStudio.QualityTools.Tips.UnitTest.Adapter, Version=10.0.0.0, Culture=neutral, PublicKeyToken=b03f5f7f11d50a3a" className="bsn.testes.AnuncioTest, bsn.testes, Version=1.0.0.0, Culture=neutral, PublicKeyToken=null" name="getPhoneNumberTest" />
    </UnitTest>
    <UnitTest name="GetSiteInfonetMongoInfonet" storage="c:\users\pc\documents\visual studio 2010\projects\bsn\bsn.testes\bin\debug\bsn.testes.dll" id="2a3693e1-d1d4-1361-bf39-bcd62f65504c">
      <Execution id="15f1212a-f552-44bd-821d-7654fdfe6665" />
      <TestMethod codeBase="C:/Users/PC/Documents/Visual Studio 2010/Projects/bsn/bsn.testes/bin/Debug/bsn.testes.DLL" adapterTypeName="Microsoft.VisualStudio.TestTools.TestTypes.Unit.UnitTestAdapter, Microsoft.VisualStudio.QualityTools.Tips.UnitTest.Adapter, Version=10.0.0.0, Culture=neutral, PublicKeyToken=b03f5f7f11d50a3a" className="bsn.testes.SiteClassificadoTest, bsn.testes, Version=1.0.0.0, Culture=neutral, PublicKeyToken=null" name="GetSiteInfonetMongoInfonet" />
    </UnitTest>
    <UnitTest name="PaginaConstructorTest" storage="c:\users\pc\documents\visual studio 2010\projects\bsn\bsn.testes\bin\debug\bsn.testes.dll" id="83cd4b8d-4c02-62c0-beba-0952bfcb3bb1">
      <Execution id="d363b06a-2189-49e2-bf0c-ee01f8a7c729" />
      <TestMethod codeBase="C:/Users/PC/Documents/Visual Studio 2010/Projects/bsn/bsn.testes/bin/Debug/bsn.testes.DLL" adapterTypeName="Microsoft.VisualStudio.TestTools.TestTypes.Unit.UnitTestAdapter, Microsoft.VisualStudio.QualityTools.Tips.UnitTest.Adapter, Version=10.0.0.0, Culture=neutral, PublicKeyToken=b03f5f7f11d50a3a" className="bsn.testes.PaginaTest, bsn.testes, Version=1.0.0.0, Culture=neutral, PublicKeyToken=null" name="PaginaConstructorTest" />
    </UnitTest>
    <UnitTest name="ActiveAnnoucementIsAnnoucementTest" storage="c:\users\pc\documents\visual studio 2010\projects\bsn\bsn.testes\bin\debug\bsn.testes.dll" id="fc23e177-694b-ee89-05ed-f7a945d80a04">
      <Execution id="2bf31f45-8112-4135-a977-56b13bda32ea" />
      <TestMethod codeBase="C:/Users/PC/Documents/Visual Studio 2010/Projects/bsn/bsn.testes/bin/Debug/bsn.testes.DLL" adapterTypeName="Microsoft.VisualStudio.TestTools.TestTypes.Unit.UnitTestAdapter, Microsoft.VisualStudio.QualityTools.Tips.UnitTest.Adapter, Version=10.0.0.0, Culture=neutral, PublicKeyToken=b03f5f7f11d50a3a" className="bsn.testes.SiteClassificadoTest, bsn.testes, Version=1.0.0.0, Culture=neutral, PublicKeyToken=null" name="ActiveAnnoucementIsAnnoucementTest" />
    </UnitTest>
    <UnitTest name="IdTest" storage="c:\users\pc\documents\visual studio 2010\projects\bsn\bsn.testes\bin\debug\bsn.testes.dll" id="fa334ddd-d82c-9fb0-d8b7-fd0aa767efda">
      <Execution id="b13cc4b3-e9f7-4a38-94da-ee89d39ae84e" />
      <TestMethod codeBase="C:/Users/PC/Documents/Visual Studio 2010/Projects/bsn/bsn.testes/bin/Debug/bsn.testes.DLL" adapterTypeName="Microsoft.VisualStudio.TestTools.TestTypes.Unit.UnitTestAdapter, Microsoft.VisualStudio.QualityTools.Tips.UnitTest.Adapter, Version=10.0.0.0, Culture=neutral, PublicKeyToken=b03f5f7f11d50a3a" className="bsn.testes.SiteClassificadoTest, bsn.testes, Version=1.0.0.0, Culture=neutral, PublicKeyToken=null" name="IdTest" />
    </UnitTest>
    <UnitTest name="isValidPageTest" storage="c:\users\pc\documents\visual studio 2010\projects\bsn\bsn.testes\bin\debug\bsn.testes.dll" id="5563289a-8135-277f-2a7f-feefb03b5eb5">
      <Execution id="061d3275-e36d-4509-935d-c49fa1c54740" />
      <TestMethod codeBase="C:/Users/PC/Documents/Visual Studio 2010/Projects/bsn/bsn.testes/bin/Debug/bsn.testes.DLL" adapterTypeName="Microsoft.VisualStudio.TestTools.TestTypes.Unit.UnitTestAdapter, Microsoft.VisualStudio.QualityTools.Tips.UnitTest.Adapter, Version=10.0.0.0, Culture=neutral, PublicKeyToken=b03f5f7f11d50a3a" className="bsn.testes.SiteClassificadoTest, bsn.testes, Version=1.0.0.0, Culture=neutral, PublicKeyToken=null" name="isValidPageTest" />
    </UnitTest>
    <UnitTest name="RemovedAnnouncementSignatureTest" storage="c:\users\pc\documents\visual studio 2010\projects\bsn\bsn.testes\bin\debug\bsn.testes.dll" id="65b1a735-3de2-3a71-9b25-323bd23f557e">
      <Execution id="8640716a-0441-4400-a4fe-0ad2feeb380b" />
      <TestMethod codeBase="C:/Users/PC/Documents/Visual Studio 2010/Projects/bsn/bsn.testes/bin/Debug/bsn.testes.DLL" adapterTypeName="Microsoft.VisualStudio.TestTools.TestTypes.Unit.UnitTestAdapter, Microsoft.VisualStudio.QualityTools.Tips.UnitTest.Adapter, Version=10.0.0.0, Culture=neutral, PublicKeyToken=b03f5f7f11d50a3a" className="bsn.testes.SiteClassificadoTest, bsn.testes, Version=1.0.0.0, Culture=neutral, PublicKeyToken=null" name="RemovedAnnouncementSignatureTest" />
    </UnitTest>
    <UnitTest name="setPhoneNumberTest" storage="c:\users\pc\documents\visual studio 2010\projects\bsn\bsn.testes\bin\debug\bsn.testes.dll" id="caa6c26d-62bc-e705-127a-4f22802bcdb0">
      <Execution id="8a04d22b-9132-4fbf-a282-93228b94e20e" />
      <TestMethod codeBase="C:/Users/PC/Documents/Visual Studio 2010/Projects/bsn/bsn.testes/bin/Debug/bsn.testes.DLL" adapterTypeName="Microsoft.VisualStudio.TestTools.TestTypes.Unit.UnitTestAdapter, Microsoft.VisualStudio.QualityTools.Tips.UnitTest.Adapter, Version=10.0.0.0, Culture=neutral, PublicKeyToken=b03f5f7f11d50a3a" className="bsn.testes.AnuncioTest, bsn.testes, Version=1.0.0.0, Culture=neutral, PublicKeyToken=null" name="setPhoneNumberTest" />
    </UnitTest>
    <UnitTest name="getTextsInIgnoredPagesTest" storage="c:\users\pc\documents\visual studio 2010\projects\bsn\bsn.testes\bin\debug\bsn.testes.dll" id="7df6e744-46e2-f346-3513-53e0d3dd5f7d">
      <Execution id="01d44b3c-57a6-4617-b7a2-7ab1cb7a9002" />
      <TestMethod codeBase="C:/Users/PC/Documents/Visual Studio 2010/Projects/bsn/bsn.testes/bin/Debug/bsn.testes.DLL" adapterTypeName="Microsoft.VisualStudio.TestTools.TestTypes.Unit.UnitTestAdapter, Microsoft.VisualStudio.QualityTools.Tips.UnitTest.Adapter, Version=10.0.0.0, Culture=neutral, PublicKeyToken=b03f5f7f11d50a3a" className="bsn.testes.SiteClassificadoTest, bsn.testes, Version=1.0.0.0, Culture=neutral, PublicKeyToken=null" name="getTextsInIgnoredPagesTest" />
    </UnitTest>
    <UnitTest name="SiteClassificadoConstructorTest" storage="c:\users\pc\documents\visual studio 2010\projects\bsn\bsn.testes\bin\debug\bsn.testes.dll" id="977d10a7-25f3-505d-59bf-208d54a8dbb6">
      <Execution id="5a96d550-b0ad-445e-abe6-f443fe0460f5" />
      <TestMethod codeBase="C:/Users/PC/Documents/Visual Studio 2010/Projects/bsn/bsn.testes/bin/Debug/bsn.testes.DLL" adapterTypeName="Microsoft.VisualStudio.TestTools.TestTypes.Unit.UnitTestAdapter, Microsoft.VisualStudio.QualityTools.Tips.UnitTest.Adapter, Version=10.0.0.0, Culture=neutral, PublicKeyToken=b03f5f7f11d50a3a" className="bsn.testes.SiteClassificadoTest, bsn.testes, Version=1.0.0.0, Culture=neutral, PublicKeyToken=null" name="SiteClassificadoConstructorTest" />
    </UnitTest>
    <UnitTest name="RegexBairroTest" storage="c:\users\pc\documents\visual studio 2010\projects\bsn\bsn.testes\bin\debug\bsn.testes.dll" id="b8133cef-caec-432d-c60c-f792c1356424">
      <Execution id="bb88274d-97ca-4f33-9679-fd7949b73971" />
      <TestMethod codeBase="C:/Users/PC/Documents/Visual Studio 2010/Projects/bsn/bsn.testes/bin/Debug/bsn.testes.DLL" adapterTypeName="Microsoft.VisualStudio.TestTools.TestTypes.Unit.UnitTestAdapter, Microsoft.VisualStudio.QualityTools.Tips.UnitTest.Adapter, Version=10.0.0.0, Culture=neutral, PublicKeyToken=b03f5f7f11d50a3a" className="bsn.testes.SiteClassificadoTest, bsn.testes, Version=1.0.0.0, Culture=neutral, PublicKeyToken=null" name="RegexBairroTest" />
    </UnitTest>
    <UnitTest name="ActiveAnnoucementIsValidTest" storage="c:\users\pc\documents\visual studio 2010\projects\bsn\bsn.testes\bin\debug\bsn.testes.dll" id="3c4c0693-eeb3-3493-7983-fc3dd9aa2513">
      <Execution id="d09d7235-3d3d-40fa-92a7-ebaad60d0589" />
      <TestMethod codeBase="C:/Users/PC/Documents/Visual Studio 2010/Projects/bsn/bsn.testes/bin/Debug/bsn.testes.DLL" adapterTypeName="Microsoft.VisualStudio.TestTools.TestTypes.Unit.UnitTestAdapter, Microsoft.VisualStudio.QualityTools.Tips.UnitTest.Adapter, Version=10.0.0.0, Culture=neutral, PublicKeyToken=b03f5f7f11d50a3a" className="bsn.testes.SiteClassificadoTest, bsn.testes, Version=1.0.0.0, Culture=neutral, PublicKeyToken=null" name="ActiveAnnoucementIsValidTest" />
    </UnitTest>
    <UnitTest name="PararTest" storage="c:\users\pc\documents\visual studio 2010\projects\bsn\bsn.testes\bin\debug\bsn.testes.dll" id="dbee80ea-94db-3fdd-925d-c9340afcfd2b">
      <Execution id="ead6af86-0ad4-4ceb-9f17-196fd61b34c5" />
      <TestMethod codeBase="C:/Users/PC/Documents/Visual Studio 2010/Projects/bsn/bsn.testes/bin/Debug/bsn.testes.DLL" adapterTypeName="Microsoft.VisualStudio.TestTools.TestTypes.Unit.UnitTestAdapter, Microsoft.VisualStudio.QualityTools.Tips.UnitTest.Adapter, Version=10.0.0.0, Culture=neutral, PublicKeyToken=b03f5f7f11d50a3a" className="bsn.testes.EngineTest, bsn.testes, Version=1.0.0.0, Culture=neutral, PublicKeyToken=null" name="PararTest" />
    </UnitTest>
    <UnitTest name="AnnoucementeSignatureTest" storage="c:\users\pc\documents\visual studio 2010\projects\bsn\bsn.testes\bin\debug\bsn.testes.dll" id="f1863733-713b-3d74-c344-4595b3c5d0ea">
      <Execution id="f15d80ec-d9aa-4522-80ee-e3654beb43a1" />
      <TestMethod codeBase="C:/Users/PC/Documents/Visual Studio 2010/Projects/bsn/bsn.testes/bin/Debug/bsn.testes.DLL" adapterTypeName="Microsoft.VisualStudio.TestTools.TestTypes.Unit.UnitTestAdapter, Microsoft.VisualStudio.QualityTools.Tips.UnitTest.Adapter, Version=10.0.0.0, Culture=neutral, PublicKeyToken=b03f5f7f11d50a3a" className="bsn.testes.SiteClassificadoTest, bsn.testes, Version=1.0.0.0, Culture=neutral, PublicKeyToken=null" name="AnnoucementeSignatureTest" />
    </UnitTest>
    <UnitTest name="setNumberOfRoomsTest" storage="c:\users\pc\documents\visual studio 2010\projects\bsn\bsn.testes\bin\debug\bsn.testes.dll" id="db6baa02-a9f5-368e-455f-b6f3c6d76b83">
      <Execution id="8b9febe1-bda5-4a8c-a02c-0026fe6fe584" />
      <TestMethod codeBase="C:/Users/PC/Documents/Visual Studio 2010/Projects/bsn/bsn.testes/bin/Debug/bsn.testes.DLL" adapterTypeName="Microsoft.VisualStudio.TestTools.TestTypes.Unit.UnitTestAdapter, Microsoft.VisualStudio.QualityTools.Tips.UnitTest.Adapter, Version=10.0.0.0, Culture=neutral, PublicKeyToken=b03f5f7f11d50a3a" className="bsn.testes.AnuncioTest, bsn.testes, Version=1.0.0.0, Culture=neutral, PublicKeyToken=null" name="setNumberOfRoomsTest" />
    </UnitTest>
    <UnitTest name="setTemplateUrlTest" storage="c:\users\pc\documents\visual studio 2010\projects\bsn\bsn.testes\bin\debug\bsn.testes.dll" id="cfacbd58-3e0f-3567-d1af-c72f7e1c24e0">
      <Execution id="d9df1f3e-7abd-473b-a3e3-260938611c23" />
      <TestMethod codeBase="C:/Users/PC/Documents/Visual Studio 2010/Projects/bsn/bsn.testes/bin/Debug/bsn.testes.DLL" adapterTypeName="Microsoft.VisualStudio.TestTools.TestTypes.Unit.UnitTestAdapter, Microsoft.VisualStudio.QualityTools.Tips.UnitTest.Adapter, Version=10.0.0.0, Culture=neutral, PublicKeyToken=b03f5f7f11d50a3a" className="bsn.testes.SiteClassificadoTest, bsn.testes, Version=1.0.0.0, Culture=neutral, PublicKeyToken=null" name="setTemplateUrlTest" />
    </UnitTest>
    <UnitTest name="isPageNotFoundTest" storage="c:\users\pc\documents\visual studio 2010\projects\bsn\bsn.testes\bin\debug\bsn.testes.dll" id="5368c8eb-5bb5-a8cb-2dc3-1cb85f98ee4b">
      <Execution id="9338955b-1e88-49b2-8b8c-354ef671165b" />
      <TestMethod codeBase="C:/Users/PC/Documents/Visual Studio 2010/Projects/bsn/bsn.testes/bin/Debug/bsn.testes.DLL" adapterTypeName="Microsoft.VisualStudio.TestTools.TestTypes.Unit.UnitTestAdapter, Microsoft.VisualStudio.QualityTools.Tips.UnitTest.Adapter, Version=10.0.0.0, Culture=neutral, PublicKeyToken=b03f5f7f11d50a3a" className="bsn.testes.SiteClassificadoTest, bsn.testes, Version=1.0.0.0, Culture=neutral, PublicKeyToken=null" name="isPageNotFoundTest" />
    </UnitTest>
    <UnitTest name="AnuncioConstructorTest1" storage="c:\users\pc\documents\visual studio 2010\projects\bsn\bsn.testes\bin\debug\bsn.testes.dll" id="1236b1e3-a21f-06a6-8800-ecaf66d22d63">
      <Execution id="584b47ba-58e6-4b83-98a8-5dceeddc494e" />
      <TestMethod codeBase="C:/Users/PC/Documents/Visual Studio 2010/Projects/bsn/bsn.testes/bin/Debug/bsn.testes.DLL" adapterTypeName="Microsoft.VisualStudio.TestTools.TestTypes.Unit.UnitTestAdapter, Microsoft.VisualStudio.QualityTools.Tips.UnitTest.Adapter, Version=10.0.0.0, Culture=neutral, PublicKeyToken=b03f5f7f11d50a3a" className="bsn.testes.AnuncioTest, bsn.testes, Version=1.0.0.0, Culture=neutral, PublicKeyToken=null" name="AnuncioConstructorTest1" />
    </UnitTest>
    <UnitTest name="ExpiredAnnouncementIsNotValidTest" storage="c:\users\pc\documents\visual studio 2010\projects\bsn\bsn.testes\bin\debug\bsn.testes.dll" id="02495e72-679a-012b-3ce3-de11ca9c2c09">
      <Execution id="31f7fc03-8f2a-4242-988b-5b4fe1ea0ce2" />
      <TestMethod codeBase="C:/Users/PC/Documents/Visual Studio 2010/Projects/bsn/bsn.testes/bin/Debug/bsn.testes.DLL" adapterTypeName="Microsoft.VisualStudio.TestTools.TestTypes.Unit.UnitTestAdapter, Microsoft.VisualStudio.QualityTools.Tips.UnitTest.Adapter, Version=10.0.0.0, Culture=neutral, PublicKeyToken=b03f5f7f11d50a3a" className="bsn.testes.SiteClassificadoTest, bsn.testes, Version=1.0.0.0, Culture=neutral, PublicKeyToken=null" name="ExpiredAnnouncementIsNotValidTest" />
    </UnitTest>
    <UnitTest name="TemplateUrlTest" storage="c:\users\pc\documents\visual studio 2010\projects\bsn\bsn.testes\bin\debug\bsn.testes.dll" id="71d867b4-693e-970e-3cde-7db77311d000">
      <Execution id="fdf956ff-a3c6-43d2-b928-71f9538db5f6" />
      <TestMethod codeBase="C:/Users/PC/Documents/Visual Studio 2010/Projects/bsn/bsn.testes/bin/Debug/bsn.testes.DLL" adapterTypeName="Microsoft.VisualStudio.TestTools.TestTypes.Unit.UnitTestAdapter, Microsoft.VisualStudio.QualityTools.Tips.UnitTest.Adapter, Version=10.0.0.0, Culture=neutral, PublicKeyToken=b03f5f7f11d50a3a" className="bsn.testes.SiteClassificadoTest, bsn.testes, Version=1.0.0.0, Culture=neutral, PublicKeyToken=null" name="TemplateUrlTest" />
    </UnitTest>
    <UnitTest name="ToStringTest" storage="c:\users\pc\documents\visual studio 2010\projects\bsn\bsn.testes\bin\debug\bsn.testes.dll" id="d75814a2-bdfd-d346-ed92-4ba8314971c7">
      <Execution id="97e7838e-d222-4a3b-8954-9eedde5889ad" />
      <TestMethod codeBase="C:/Users/PC/Documents/Visual Studio 2010/Projects/bsn/bsn.testes/bin/Debug/bsn.testes.DLL" adapterTypeName="Microsoft.VisualStudio.TestTools.TestTypes.Unit.UnitTestAdapter, Microsoft.VisualStudio.QualityTools.Tips.UnitTest.Adapter, Version=10.0.0.0, Culture=neutral, PublicKeyToken=b03f5f7f11d50a3a" className="bsn.testes.AnuncioTest, bsn.testes, Version=1.0.0.0, Culture=neutral, PublicKeyToken=null" name="ToStringTest" />
    </UnitTest>
    <UnitTest name="teste" storage="c:\users\pc\documents\visual studio 2010\projects\bsn\bsn.testes\bin\debug\bsn.testes.dll" id="552b1b97-0f72-2d2f-7a21-e916174348ec">
      <Execution id="5930bfeb-04a1-4229-bbf1-eeb283b1fb57" />
      <TestMethod codeBase="C:/Users/PC/Documents/Visual Studio 2010/Projects/bsn/bsn.testes/bin/Debug/bsn.testes.DLL" adapterTypeName="Microsoft.VisualStudio.TestTools.TestTypes.Unit.UnitTestAdapter, Microsoft.VisualStudio.QualityTools.Tips.UnitTest.Adapter, Version=10.0.0.0, Culture=neutral, PublicKeyToken=b03f5f7f11d50a3a" className="bsn.testes.BuscadorTest, bsn.testes, Version=1.0.0.0, Culture=neutral, PublicKeyToken=null" name="teste" />
    </UnitTest>
    <UnitTest name="nextRealEstateTest" storage="c:\users\pc\documents\visual studio 2010\projects\bsn\bsn.testes\bin\debug\bsn.testes.dll" id="8624d0e0-435c-ae66-f21f-a38248e0bba4">
      <Execution id="23df6357-abeb-4b29-b463-3e8abda319f6" />
      <TestMethod codeBase="C:/Users/PC/Documents/Visual Studio 2010/Projects/bsn/bsn.testes/bin/Debug/bsn.testes.DLL" adapterTypeName="Microsoft.VisualStudio.TestTools.TestTypes.Unit.UnitTestAdapter, Microsoft.VisualStudio.QualityTools.Tips.UnitTest.Adapter, Version=10.0.0.0, Culture=neutral, PublicKeyToken=b03f5f7f11d50a3a" className="bsn.testes.BuscadorTest, bsn.testes, Version=1.0.0.0, Culture=neutral, PublicKeyToken=null" name="nextRealEstateTest" />
    </UnitTest>
    <UnitTest name="testRetrievePageInvalidUrl" storage="c:\users\pc\documents\visual studio 2010\projects\bsn\bsn.testes\bin\debug\bsn.testes.dll" id="b1d85730-def1-51ba-584f-9cb39d895ef3">
      <Execution id="23830a7b-fa36-44a4-9c5f-7dc32f676d51" />
      <TestMethod codeBase="C:/Users/PC/Documents/Visual Studio 2010/Projects/bsn/bsn.testes/bin/Debug/bsn.testes.DLL" adapterTypeName="Microsoft.VisualStudio.TestTools.TestTypes.Unit.UnitTestAdapter, Microsoft.VisualStudio.QualityTools.Tips.UnitTest.Adapter, Version=10.0.0.0, Culture=neutral, PublicKeyToken=b03f5f7f11d50a3a" className="bsn.testes.PaginaTest, bsn.testes, Version=1.0.0.0, Culture=neutral, PublicKeyToken=null" name="testRetrievePageInvalidUrl" />
    </UnitTest>
    <UnitTest name="LastValidPageRequestTest" storage="c:\users\pc\documents\visual studio 2010\projects\bsn\bsn.testes\bin\debug\bsn.testes.dll" id="5ac14d65-a48c-91f2-3358-ed9359375156">
      <Execution id="b5778e24-c0f2-479a-b60e-f52552b01bda" />
      <TestMethod codeBase="C:/Users/PC/Documents/Visual Studio 2010/Projects/bsn/bsn.testes/bin/Debug/bsn.testes.DLL" adapterTypeName="Microsoft.VisualStudio.TestTools.TestTypes.Unit.UnitTestAdapter, Microsoft.VisualStudio.QualityTools.Tips.UnitTest.Adapter, Version=10.0.0.0, Culture=neutral, PublicKeyToken=b03f5f7f11d50a3a" className="bsn.testes.SiteClassificadoTest, bsn.testes, Version=1.0.0.0, Culture=neutral, PublicKeyToken=null" name="LastValidPageRequestTest" />
    </UnitTest>
    <UnitTest name="setContactTest" storage="c:\users\pc\documents\visual studio 2010\projects\bsn\bsn.testes\bin\debug\bsn.testes.dll" id="eaa1b93d-9e04-0de2-a512-b56c2ba8f8f2">
      <Execution id="cf551630-4e4c-4b6a-a45a-6d9890c41c7b" />
      <TestMethod codeBase="C:/Users/PC/Documents/Visual Studio 2010/Projects/bsn/bsn.testes/bin/Debug/bsn.testes.DLL" adapterTypeName="Microsoft.VisualStudio.TestTools.TestTypes.Unit.UnitTestAdapter, Microsoft.VisualStudio.QualityTools.Tips.UnitTest.Adapter, Version=10.0.0.0, Culture=neutral, PublicKeyToken=b03f5f7f11d50a3a" className="bsn.testes.AnuncioTest, bsn.testes, Version=1.0.0.0, Culture=neutral, PublicKeyToken=null" name="setContactTest" />
    </UnitTest>
    <UnitTest name="setAreaTest" storage="c:\users\pc\documents\visual studio 2010\projects\bsn\bsn.testes\bin\debug\bsn.testes.dll" id="2768c13e-d39a-7b70-ff84-ca680cb07ba1">
      <Execution id="9d588f6a-2c54-46fd-b25a-79f659503ee4" />
      <TestMethod codeBase="C:/Users/PC/Documents/Visual Studio 2010/Projects/bsn/bsn.testes/bin/Debug/bsn.testes.DLL" adapterTypeName="Microsoft.VisualStudio.TestTools.TestTypes.Unit.UnitTestAdapter, Microsoft.VisualStudio.QualityTools.Tips.UnitTest.Adapter, Version=10.0.0.0, Culture=neutral, PublicKeyToken=b03f5f7f11d50a3a" className="bsn.testes.AnuncioTest, bsn.testes, Version=1.0.0.0, Culture=neutral, PublicKeyToken=null" name="setAreaTest" />
    </UnitTest>
    <UnitTest name="getContactTest" storage="c:\users\pc\documents\visual studio 2010\projects\bsn\bsn.testes\bin\debug\bsn.testes.dll" id="42cbf37a-c30c-3672-6b13-6419bff38d4a">
      <Execution id="4f7735ae-a678-474f-9225-94acd1cc25ea" />
      <TestMethod codeBase="C:/Users/PC/Documents/Visual Studio 2010/Projects/bsn/bsn.testes/bin/Debug/bsn.testes.DLL" adapterTypeName="Microsoft.VisualStudio.TestTools.TestTypes.Unit.UnitTestAdapter, Microsoft.VisualStudio.QualityTools.Tips.UnitTest.Adapter, Version=10.0.0.0, Culture=neutral, PublicKeyToken=b03f5f7f11d50a3a" className="bsn.testes.AnuncioTest, bsn.testes, Version=1.0.0.0, Culture=neutral, PublicKeyToken=null" name="getContactTest" />
    </UnitTest>
    <UnitTest name="getLinkAdTest" storage="c:\users\pc\documents\visual studio 2010\projects\bsn\bsn.testes\bin\debug\bsn.testes.dll" id="a43d1409-a06a-1fd9-4bb6-e576d6fed4b8">
      <Execution id="29b93644-515c-4113-a8a1-8fd8243f8ed9" />
      <TestMethod codeBase="C:/Users/PC/Documents/Visual Studio 2010/Projects/bsn/bsn.testes/bin/Debug/bsn.testes.DLL" adapterTypeName="Microsoft.VisualStudio.TestTools.TestTypes.Unit.UnitTestAdapter, Microsoft.VisualStudio.QualityTools.Tips.UnitTest.Adapter, Version=10.0.0.0, Culture=neutral, PublicKeyToken=b03f5f7f11d50a3a" className="bsn.testes.AnuncioTest, bsn.testes, Version=1.0.0.0, Culture=neutral, PublicKeyToken=null" name="getLinkAdTest" />
    </UnitTest>
    <UnitTest name="LinkTest" storage="c:\users\pc\documents\visual studio 2010\projects\bsn\bsn.testes\bin\debug\bsn.testes.dll" id="fb21a266-314e-0f4e-a168-8d6ac8b25057">
      <Execution id="6a9de329-5de1-4dd8-8173-a99106dcc542" />
      <TestMethod codeBase="C:/Users/PC/Documents/Visual Studio 2010/Projects/bsn/bsn.testes/bin/Debug/bsn.testes.DLL" adapterTypeName="Microsoft.VisualStudio.TestTools.TestTypes.Unit.UnitTestAdapter, Microsoft.VisualStudio.QualityTools.Tips.UnitTest.Adapter, Version=10.0.0.0, Culture=neutral, PublicKeyToken=b03f5f7f11d50a3a" className="bsn.testes.PaginaTest, bsn.testes, Version=1.0.0.0, Culture=neutral, PublicKeyToken=null" name="LinkTest" />
    </UnitTest>
    <UnitTest name="GetSitePorNomeTest" storage="c:\users\pc\documents\visual studio 2010\projects\bsn\bsn.testes\bin\debug\bsn.testes.dll" id="fb5fa2a2-905c-9518-fc01-5d7f609ff7cb">
      <Execution id="4cba222c-e0ee-4607-b003-d25484f3d05f" />
      <TestMethod codeBase="C:/Users/PC/Documents/Visual Studio 2010/Projects/bsn/bsn.testes/bin/Debug/bsn.testes.DLL" adapterTypeName="Microsoft.VisualStudio.TestTools.TestTypes.Unit.UnitTestAdapter, Microsoft.VisualStudio.QualityTools.Tips.UnitTest.Adapter, Version=10.0.0.0, Culture=neutral, PublicKeyToken=b03f5f7f11d50a3a" className="bsn.testes.SiteClassificadoTest, bsn.testes, Version=1.0.0.0, Culture=neutral, PublicKeyToken=null" name="GetSitePorNomeTest" />
    </UnitTest>
    <UnitTest name="AnuncioConstructorTest" storage="c:\users\pc\documents\visual studio 2010\projects\bsn\bsn.testes\bin\debug\bsn.testes.dll" id="f04168ba-7ed2-09a4-2e16-412a0ab7c2cd">
      <Execution id="90c61a7b-48e5-4d82-af85-cff89b09a5c0" />
      <TestMethod codeBase="C:/Users/PC/Documents/Visual Studio 2010/Projects/bsn/bsn.testes/bin/Debug/bsn.testes.DLL" adapterTypeName="Microsoft.VisualStudio.TestTools.TestTypes.Unit.UnitTestAdapter, Microsoft.VisualStudio.QualityTools.Tips.UnitTest.Adapter, Version=10.0.0.0, Culture=neutral, PublicKeyToken=b03f5f7f11d50a3a" className="bsn.testes.AnuncioTest, bsn.testes, Version=1.0.0.0, Culture=neutral, PublicKeyToken=null" name="AnuncioConstructorTest" />
    </UnitTest>
    <UnitTest name="TestarFelizola_" storage="c:\users\pc\documents\visual studio 2010\projects\bsn\bsn.testes\bin\debug\bsn.testes.dll" id="f647950d-40ad-251e-e698-f4d95a4db016">
      <Execution id="b08a8eba-7acb-44cc-9597-16a0e31870c8" />
      <TestMethod codeBase="C:/Users/PC/Documents/Visual Studio 2010/Projects/bsn/bsn.testes/bin/Debug/bsn.testes.DLL" adapterTypeName="Microsoft.VisualStudio.TestTools.TestTypes.Unit.UnitTestAdapter, Microsoft.VisualStudio.QualityTools.Tips.UnitTest.Adapter, Version=10.0.0.0, Culture=neutral, PublicKeyToken=b03f5f7f11d50a3a" className="bsn.testes.bsn.testes.dados.SitesTest, bsn.testes, Version=1.0.0.0, Culture=neutral, PublicKeyToken=null" name="TestarFelizola_" />
    </UnitTest>
    <UnitTest name="getAreaTest" storage="c:\users\pc\documents\visual studio 2010\projects\bsn\bsn.testes\bin\debug\bsn.testes.dll" id="9bca0463-631b-b06f-e589-1a7af4651a21">
      <Execution id="333e5bde-aaae-401f-8626-634c7a2fb552" />
      <TestMethod codeBase="C:/Users/PC/Documents/Visual Studio 2010/Projects/bsn/bsn.testes/bin/Debug/bsn.testes.DLL" adapterTypeName="Microsoft.VisualStudio.TestTools.TestTypes.Unit.UnitTestAdapter, Microsoft.VisualStudio.QualityTools.Tips.UnitTest.Adapter, Version=10.0.0.0, Culture=neutral, PublicKeyToken=b03f5f7f11d50a3a" className="bsn.testes.AnuncioTest, bsn.testes, Version=1.0.0.0, Culture=neutral, PublicKeyToken=null" name="getAreaTest" />
    </UnitTest>
    <UnitTest name="IniciarTest" storage="c:\users\pc\documents\visual studio 2010\projects\bsn\bsn.testes\bin\debug\bsn.testes.dll" id="f38e60c2-ebf3-cc3a-4fa0-0cc3a670f21f">
      <Execution id="b242ea2b-a893-42b7-809a-142208aab107" />
      <TestMethod codeBase="C:/Users/PC/Documents/Visual Studio 2010/Projects/bsn/bsn.testes/bin/Debug/bsn.testes.DLL" adapterTypeName="Microsoft.VisualStudio.TestTools.TestTypes.Unit.UnitTestAdapter, Microsoft.VisualStudio.QualityTools.Tips.UnitTest.Adapter, Version=10.0.0.0, Culture=neutral, PublicKeyToken=b03f5f7f11d50a3a" className="bsn.testes.EngineTest, bsn.testes, Version=1.0.0.0, Culture=neutral, PublicKeyToken=null" name="IniciarTest" />
    </UnitTest>
    <UnitTest name="setPriceAndGetPriceTest" storage="c:\users\pc\documents\visual studio 2010\projects\bsn\bsn.testes\bin\debug\bsn.testes.dll" id="8807962d-0936-7ba0-3944-2762f3f44a96">
      <Execution id="6adad035-2617-4529-9310-4e906b2447db" />
      <TestMethod codeBase="C:/Users/PC/Documents/Visual Studio 2010/Projects/bsn/bsn.testes/bin/Debug/bsn.testes.DLL" adapterTypeName="Microsoft.VisualStudio.TestTools.TestTypes.Unit.UnitTestAdapter, Microsoft.VisualStudio.QualityTools.Tips.UnitTest.Adapter, Version=10.0.0.0, Culture=neutral, PublicKeyToken=b03f5f7f11d50a3a" className="bsn.testes.AnuncioTest, bsn.testes, Version=1.0.0.0, Culture=neutral, PublicKeyToken=null" name="setPriceAndGetPriceTest" />
    </UnitTest>
    <UnitTest name="isAnnouncementTest" storage="c:\users\pc\documents\visual studio 2010\projects\bsn\bsn.testes\bin\debug\bsn.testes.dll" id="c4ac07b3-6017-d4bf-5a58-0edee35de7c1">
      <Execution id="7aeab0e2-40ed-4e36-9afa-50aa951443f7" />
      <TestMethod codeBase="C:/Users/PC/Documents/Visual Studio 2010/Projects/bsn/bsn.testes/bin/Debug/bsn.testes.DLL" adapterTypeName="Microsoft.VisualStudio.TestTools.TestTypes.Unit.UnitTestAdapter, Microsoft.VisualStudio.QualityTools.Tips.UnitTest.Adapter, Version=10.0.0.0, Culture=neutral, PublicKeyToken=b03f5f7f11d50a3a" className="bsn.testes.SiteClassificadoTest, bsn.testes, Version=1.0.0.0, Culture=neutral, PublicKeyToken=null" name="isAnnouncementTest" />
    </UnitTest>
    <UnitTest name="BairroTest" storage="c:\users\pc\documents\visual studio 2010\projects\bsn\bsn.testes\bin\debug\bsn.testes.dll" id="6af8db8b-2cd7-d359-0db8-c8c21ea4c02b">
      <Execution id="66ca1c5f-c93d-42f7-8556-d08b7be9896e" />
      <TestMethod codeBase="C:/Users/PC/Documents/Visual Studio 2010/Projects/bsn/bsn.testes/bin/Debug/bsn.testes.DLL" adapterTypeName="Microsoft.VisualStudio.TestTools.TestTypes.Unit.UnitTestAdapter, Microsoft.VisualStudio.QualityTools.Tips.UnitTest.Adapter, Version=10.0.0.0, Culture=neutral, PublicKeyToken=b03f5f7f11d50a3a" className="bsn.testes.AnuncioTest, bsn.testes, Version=1.0.0.0, Culture=neutral, PublicKeyToken=null" name="BairroTest" />
    </UnitTest>
    <UnitTest name="ExpiredAnnouncementSignatureTest" storage="c:\users\pc\documents\visual studio 2010\projects\bsn\bsn.testes\bin\debug\bsn.testes.dll" id="c40ab77e-57c1-6106-41df-08d33d527246">
      <Execution id="74e6bcc9-b084-4fb2-870a-fb8e0e11fa1e" />
      <TestMethod codeBase="C:/Users/PC/Documents/Visual Studio 2010/Projects/bsn/bsn.testes/bin/Debug/bsn.testes.DLL" adapterTypeName="Microsoft.VisualStudio.TestTools.TestTypes.Unit.UnitTestAdapter, Microsoft.VisualStudio.QualityTools.Tips.UnitTest.Adapter, Version=10.0.0.0, Culture=neutral, PublicKeyToken=b03f5f7f11d50a3a" className="bsn.testes.SiteClassificadoTest, bsn.testes, Version=1.0.0.0, Culture=neutral, PublicKeyToken=null" name="ExpiredAnnouncementSignatureTest" />
    </UnitTest>
    <UnitTest name="getNumberOfRoomsTest" storage="c:\users\pc\documents\visual studio 2010\projects\bsn\bsn.testes\bin\debug\bsn.testes.dll" id="7d982a6d-9704-8080-b098-c57b71ec3c51">
      <Execution id="df0b60fb-d3f5-43e6-aa7e-2cedbf3a5ac6" />
      <TestMethod codeBase="C:/Users/PC/Documents/Visual Studio 2010/Projects/bsn/bsn.testes/bin/Debug/bsn.testes.DLL" adapterTypeName="Microsoft.VisualStudio.TestTools.TestTypes.Unit.UnitTestAdapter, Microsoft.VisualStudio.QualityTools.Tips.UnitTest.Adapter, Version=10.0.0.0, Culture=neutral, PublicKeyToken=b03f5f7f11d50a3a" className="bsn.testes.AnuncioTest, bsn.testes, Version=1.0.0.0, Culture=neutral, PublicKeyToken=null" name="getNumberOfRoomsTest" />
    </UnitTest>
    <UnitTest name="EngineConstructorTest" storage="c:\users\pc\documents\visual studio 2010\projects\bsn\bsn.testes\bin\debug\bsn.testes.dll" id="5fa21879-07c9-aec9-5188-805a3fb7e086">
      <Execution id="9c621220-9f64-4a53-b0ae-a71663b37352" />
      <TestMethod codeBase="C:/Users/PC/Documents/Visual Studio 2010/Projects/bsn/bsn.testes/bin/Debug/bsn.testes.DLL" adapterTypeName="Microsoft.VisualStudio.TestTools.TestTypes.Unit.UnitTestAdapter, Microsoft.VisualStudio.QualityTools.Tips.UnitTest.Adapter, Version=10.0.0.0, Culture=neutral, PublicKeyToken=b03f5f7f11d50a3a" className="bsn.testes.EngineTest, bsn.testes, Version=1.0.0.0, Culture=neutral, PublicKeyToken=null" name="EngineConstructorTest" />
    </UnitTest>
    <UnitTest name="LinkTest" storage="c:\users\pc\documents\visual studio 2010\projects\bsn\bsn.testes\bin\debug\bsn.testes.dll" id="f36a005e-adb8-d007-0a86-9707547f994b">
      <Execution id="fd09fb44-4e88-4923-bf41-7dc7f981605e" />
      <TestMethod codeBase="C:/Users/PC/Documents/Visual Studio 2010/Projects/bsn/bsn.testes/bin/Debug/bsn.testes.DLL" adapterTypeName="Microsoft.VisualStudio.TestTools.TestTypes.Unit.UnitTestAdapter, Microsoft.VisualStudio.QualityTools.Tips.UnitTest.Adapter, Version=10.0.0.0, Culture=neutral, PublicKeyToken=b03f5f7f11d50a3a" className="bsn.testes.AnuncioTest, bsn.testes, Version=1.0.0.0, Culture=neutral, PublicKeyToken=null" name="LinkTest" />
    </UnitTest>
    <UnitTest name="NomeTest" storage="c:\users\pc\documents\visual studio 2010\projects\bsn\bsn.testes\bin\debug\bsn.testes.dll" id="e86c7cd6-f690-befe-c5f2-70bf10a49f15">
      <Execution id="192a80fb-67c3-42da-9b1a-a5b997b1a17c" />
      <TestMethod codeBase="C:/Users/PC/Documents/Visual Studio 2010/Projects/bsn/bsn.testes/bin/Debug/bsn.testes.DLL" adapterTypeName="Microsoft.VisualStudio.TestTools.TestTypes.Unit.UnitTestAdapter, Microsoft.VisualStudio.QualityTools.Tips.UnitTest.Adapter, Version=10.0.0.0, Culture=neutral, PublicKeyToken=b03f5f7f11d50a3a" className="bsn.testes.SiteClassificadoTest, bsn.testes, Version=1.0.0.0, Culture=neutral, PublicKeyToken=null" name="NomeTest" />
    </UnitTest>
    <UnitTest name="GetContentTest" storage="c:\users\pc\documents\visual studio 2010\projects\bsn\bsn.testes\bin\debug\bsn.testes.dll" id="ba2a49ab-ae45-5b0f-55e5-ee743b7da6b8">
      <Execution id="f3e03717-990e-4df6-98fb-ef129e4dee72" />
      <TestMethod codeBase="C:/Users/PC/Documents/Visual Studio 2010/Projects/bsn/bsn.testes/bin/Debug/bsn.testes.DLL" adapterTypeName="Microsoft.VisualStudio.TestTools.TestTypes.Unit.UnitTestAdapter, Microsoft.VisualStudio.QualityTools.Tips.UnitTest.Adapter, Version=10.0.0.0, Culture=neutral, PublicKeyToken=b03f5f7f11d50a3a" className="bsn.testes.PaginaTest, bsn.testes, Version=1.0.0.0, Culture=neutral, PublicKeyToken=null" name="GetContentTest" />
    </UnitTest>
    <UnitTest name="testNewWithNullContent" storage="c:\users\pc\documents\visual studio 2010\projects\bsn\bsn.testes\bin\debug\bsn.testes.dll" id="b789d7ab-6ba0-6f38-710d-5beb6f7ce5c3">
      <Execution id="4809af81-e11e-4bcc-8cab-e6ac95d2a6cb" />
      <TestMethod codeBase="C:/Users/PC/Documents/Visual Studio 2010/Projects/bsn/bsn.testes/bin/Debug/bsn.testes.DLL" adapterTypeName="Microsoft.VisualStudio.TestTools.TestTypes.Unit.UnitTestAdapter, Microsoft.VisualStudio.QualityTools.Tips.UnitTest.Adapter, Version=10.0.0.0, Culture=neutral, PublicKeyToken=b03f5f7f11d50a3a" className="bsn.testes.PaginaTest, bsn.testes, Version=1.0.0.0, Culture=neutral, PublicKeyToken=null" name="testNewWithNullContent" />
    </UnitTest>
    <UnitTest name="setPhoneNumberAndGetPhoneNumberTest" storage="c:\users\pc\documents\visual studio 2010\projects\bsn\bsn.testes\bin\debug\bsn.testes.dll" id="cc8c5708-de93-a6b4-7f90-c5c4de51dfef">
      <Execution id="9a1920a2-e1e2-43d9-96a8-2ba731bf2b97" />
      <TestMethod codeBase="C:/Users/PC/Documents/Visual Studio 2010/Projects/bsn/bsn.testes/bin/Debug/bsn.testes.DLL" adapterTypeName="Microsoft.VisualStudio.TestTools.TestTypes.Unit.UnitTestAdapter, Microsoft.VisualStudio.QualityTools.Tips.UnitTest.Adapter, Version=10.0.0.0, Culture=neutral, PublicKeyToken=b03f5f7f11d50a3a" className="bsn.testes.AnuncioTest, bsn.testes, Version=1.0.0.0, Culture=neutral, PublicKeyToken=null" name="setPhoneNumberAndGetPhoneNumberTest" />
    </UnitTest>
    <UnitTest name="testRetrievePage" storage="c:\users\pc\documents\visual studio 2010\projects\bsn\bsn.testes\bin\debug\bsn.testes.dll" id="b2f6292e-2f70-1d4d-c018-f254231951b9">
      <Execution id="09183f0a-709f-4194-aee8-f1cce2f4934b" />
      <TestMethod codeBase="C:/Users/PC/Documents/Visual Studio 2010/Projects/bsn/bsn.testes/bin/Debug/bsn.testes.DLL" adapterTypeName="Microsoft.VisualStudio.TestTools.TestTypes.Unit.UnitTestAdapter, Microsoft.VisualStudio.QualityTools.Tips.UnitTest.Adapter, Version=10.0.0.0, Culture=neutral, PublicKeyToken=b03f5f7f11d50a3a" className="bsn.testes.PaginaTest, bsn.testes, Version=1.0.0.0, Culture=neutral, PublicKeyToken=null" name="testRetrievePage" />
    </UnitTest>
    <UnitTest name="setContactAndGetContactTest" storage="c:\users\pc\documents\visual studio 2010\projects\bsn\bsn.testes\bin\debug\bsn.testes.dll" id="4eb63158-fc83-45a8-aa0f-056ceacb33a8">
      <Execution id="7c7495dd-49e1-4271-9a3c-07d202ac0005" />
      <TestMethod codeBase="C:/Users/PC/Documents/Visual Studio 2010/Projects/bsn/bsn.testes/bin/Debug/bsn.testes.DLL" adapterTypeName="Microsoft.VisualStudio.TestTools.TestTypes.Unit.UnitTestAdapter, Microsoft.VisualStudio.QualityTools.Tips.UnitTest.Adapter, Version=10.0.0.0, Culture=neutral, PublicKeyToken=b03f5f7f11d50a3a" className="bsn.testes.AnuncioTest, bsn.testes, Version=1.0.0.0, Culture=neutral, PublicKeyToken=null" name="setContactAndGetContactTest" />
    </UnitTest>
    <UnitTest name="PrecoTest" storage="c:\users\pc\documents\visual studio 2010\projects\bsn\bsn.testes\bin\debug\bsn.testes.dll" id="b4ba9c00-49f9-0088-6d40-cac877ebdcc6">
      <Execution id="4954b9bb-01cf-4f3d-a8f8-47553486bd84" />
      <TestMethod codeBase="C:/Users/PC/Documents/Visual Studio 2010/Projects/bsn/bsn.testes/bin/Debug/bsn.testes.DLL" adapterTypeName="Microsoft.VisualStudio.TestTools.TestTypes.Unit.UnitTestAdapter, Microsoft.VisualStudio.QualityTools.Tips.UnitTest.Adapter, Version=10.0.0.0, Culture=neutral, PublicKeyToken=b03f5f7f11d50a3a" className="bsn.testes.AnuncioTest, bsn.testes, Version=1.0.0.0, Culture=neutral, PublicKeyToken=null" name="PrecoTest" />
    </UnitTest>
    <UnitTest name="PageNotFoundSignatureTest" storage="c:\users\pc\documents\visual studio 2010\projects\bsn\bsn.testes\bin\debug\bsn.testes.dll" id="16ef14d7-8913-5496-2d62-f31c876a55cf">
      <Execution id="9474ba99-6402-4263-9bc2-e7c1a641c500" />
      <TestMethod codeBase="C:/Users/PC/Documents/Visual Studio 2010/Projects/bsn/bsn.testes/bin/Debug/bsn.testes.DLL" adapterTypeName="Microsoft.VisualStudio.TestTools.TestTypes.Unit.UnitTestAdapter, Microsoft.VisualStudio.QualityTools.Tips.UnitTest.Adapter, Version=10.0.0.0, Culture=neutral, PublicKeyToken=b03f5f7f11d50a3a" className="bsn.testes.SiteClassificadoTest, bsn.testes, Version=1.0.0.0, Culture=neutral, PublicKeyToken=null" name="PageNotFoundSignatureTest" />
    </UnitTest>
    <UnitTest name="getAnnouncementURLTest" storage="c:\users\pc\documents\visual studio 2010\projects\bsn\bsn.testes\bin\debug\bsn.testes.dll" id="fda67e4d-76e8-c9d7-e71a-20f6a3b66518">
      <Execution id="45a8ac6d-1dc2-4cc6-8e4f-a5538eab9413" />
      <TestMethod codeBase="C:/Users/PC/Documents/Visual Studio 2010/Projects/bsn/bsn.testes/bin/Debug/bsn.testes.DLL" adapterTypeName="Microsoft.VisualStudio.TestTools.TestTypes.Unit.UnitTestAdapter, Microsoft.VisualStudio.QualityTools.Tips.UnitTest.Adapter, Version=10.0.0.0, Culture=neutral, PublicKeyToken=b03f5f7f11d50a3a" className="bsn.testes.SiteClassificadoTest, bsn.testes, Version=1.0.0.0, Culture=neutral, PublicKeyToken=null" name="getAnnouncementURLTest" />
    </UnitTest>
    <UnitTest name="setNumberOfRoomsAndGetNumberOfRoomsTest" storage="c:\users\pc\documents\visual studio 2010\projects\bsn\bsn.testes\bin\debug\bsn.testes.dll" id="6c1df49d-cc6b-447c-540f-81457e14180d">
      <Execution id="85fb758d-d70f-4a15-be5e-df6ef02731a1" />
      <TestMethod codeBase="C:/Users/PC/Documents/Visual Studio 2010/Projects/bsn/bsn.testes/bin/Debug/bsn.testes.DLL" adapterTypeName="Microsoft.VisualStudio.TestTools.TestTypes.Unit.UnitTestAdapter, Microsoft.VisualStudio.QualityTools.Tips.UnitTest.Adapter, Version=10.0.0.0, Culture=neutral, PublicKeyToken=b03f5f7f11d50a3a" className="bsn.testes.AnuncioTest, bsn.testes, Version=1.0.0.0, Culture=neutral, PublicKeyToken=null" name="setNumberOfRoomsAndGetNumberOfRoomsTest" />
    </UnitTest>
    <UnitTest name="numberOfPagesNotFoundEqualsZero" storage="c:\users\pc\documents\visual studio 2010\projects\bsn\bsn.testes\bin\debug\bsn.testes.dll" id="d1d185b5-ba98-cf38-0f1e-482f3390343e">
      <Execution id="16363523-d9f5-4ce8-bc37-191ff1fec1cf" />
      <TestMethod codeBase="C:/Users/PC/Documents/Visual Studio 2010/Projects/bsn/bsn.testes/bin/Debug/bsn.testes.DLL" adapterTypeName="Microsoft.VisualStudio.TestTools.TestTypes.Unit.UnitTestAdapter, Microsoft.VisualStudio.QualityTools.Tips.UnitTest.Adapter, Version=10.0.0.0, Culture=neutral, PublicKeyToken=b03f5f7f11d50a3a" className="bsn.testes.BuscadorTest, bsn.testes, Version=1.0.0.0, Culture=neutral, PublicKeyToken=null" name="numberOfPagesNotFoundEqualsZero" />
    </UnitTest>
    <UnitTest name="setAreaAndGetAreaTest" storage="c:\users\pc\documents\visual studio 2010\projects\bsn\bsn.testes\bin\debug\bsn.testes.dll" id="ecd375f6-c741-c7c3-7e2d-ab021902b7d4">
      <Execution id="4164ca5e-7174-4055-bfbc-6001e583cfbc" />
      <TestMethod codeBase="C:/Users/PC/Documents/Visual Studio 2010/Projects/bsn/bsn.testes/bin/Debug/bsn.testes.DLL" adapterTypeName="Microsoft.VisualStudio.TestTools.TestTypes.Unit.UnitTestAdapter, Microsoft.VisualStudio.QualityTools.Tips.UnitTest.Adapter, Version=10.0.0.0, Culture=neutral, PublicKeyToken=b03f5f7f11d50a3a" className="bsn.testes.AnuncioTest, bsn.testes, Version=1.0.0.0, Culture=neutral, PublicKeyToken=null" name="setAreaAndGetAreaTest" />
    </UnitTest>
  </TestDefinitions>
  <TestLists>
    <TestList name="Results Not in a List" id="8c84fa94-04c1-424b-9868-57a2d4851a1d" />
    <TestList name="All Loaded Results" id="19431567-8539-422a-85d7-44ee4e166bda" />
  </TestLists>
  <TestEntries>
    <TestEntry testId="02495e72-679a-012b-3ce3-de11ca9c2c09" executionId="31f7fc03-8f2a-4242-988b-5b4fe1ea0ce2" testListId="8c84fa94-04c1-424b-9868-57a2d4851a1d" />
    <TestEntry testId="1236b1e3-a21f-06a6-8800-ecaf66d22d63" executionId="584b47ba-58e6-4b83-98a8-5dceeddc494e" testListId="8c84fa94-04c1-424b-9868-57a2d4851a1d" />
    <TestEntry testId="16ef14d7-8913-5496-2d62-f31c876a55cf" executionId="9474ba99-6402-4263-9bc2-e7c1a641c500" testListId="8c84fa94-04c1-424b-9868-57a2d4851a1d" />
    <TestEntry testId="2768c13e-d39a-7b70-ff84-ca680cb07ba1" executionId="9d588f6a-2c54-46fd-b25a-79f659503ee4" testListId="8c84fa94-04c1-424b-9868-57a2d4851a1d" />
    <TestEntry testId="2a3693e1-d1d4-1361-bf39-bcd62f65504c" executionId="15f1212a-f552-44bd-821d-7654fdfe6665" testListId="8c84fa94-04c1-424b-9868-57a2d4851a1d" />
    <TestEntry testId="3c4c0693-eeb3-3493-7983-fc3dd9aa2513" executionId="d09d7235-3d3d-40fa-92a7-ebaad60d0589" testListId="8c84fa94-04c1-424b-9868-57a2d4851a1d" />
    <TestEntry testId="42cbf37a-c30c-3672-6b13-6419bff38d4a" executionId="4f7735ae-a678-474f-9225-94acd1cc25ea" testListId="8c84fa94-04c1-424b-9868-57a2d4851a1d" />
    <TestEntry testId="48cfa31e-c995-f8bd-a145-f4c486ec352d" executionId="1cc36060-3052-4a4d-9f4a-f30b13c1e744" testListId="8c84fa94-04c1-424b-9868-57a2d4851a1d" />
    <TestEntry testId="4eb63158-fc83-45a8-aa0f-056ceacb33a8" executionId="7c7495dd-49e1-4271-9a3c-07d202ac0005" testListId="8c84fa94-04c1-424b-9868-57a2d4851a1d" />
    <TestEntry testId="5368c8eb-5bb5-a8cb-2dc3-1cb85f98ee4b" executionId="9338955b-1e88-49b2-8b8c-354ef671165b" testListId="8c84fa94-04c1-424b-9868-57a2d4851a1d" />
    <TestEntry testId="552b1b97-0f72-2d2f-7a21-e916174348ec" executionId="5930bfeb-04a1-4229-bbf1-eeb283b1fb57" testListId="8c84fa94-04c1-424b-9868-57a2d4851a1d" />
    <TestEntry testId="5563289a-8135-277f-2a7f-feefb03b5eb5" executionId="061d3275-e36d-4509-935d-c49fa1c54740" testListId="8c84fa94-04c1-424b-9868-57a2d4851a1d" />
    <TestEntry testId="5ac14d65-a48c-91f2-3358-ed9359375156" executionId="b5778e24-c0f2-479a-b60e-f52552b01bda" testListId="8c84fa94-04c1-424b-9868-57a2d4851a1d" />
    <TestEntry testId="5fa21879-07c9-aec9-5188-805a3fb7e086" executionId="9c621220-9f64-4a53-b0ae-a71663b37352" testListId="8c84fa94-04c1-424b-9868-57a2d4851a1d" />
    <TestEntry testId="65b1a735-3de2-3a71-9b25-323bd23f557e" executionId="8640716a-0441-4400-a4fe-0ad2feeb380b" testListId="8c84fa94-04c1-424b-9868-57a2d4851a1d" />
    <TestEntry testId="6a6976cc-2b3f-5994-b391-27013bcc262a" executionId="bb523a77-344d-4813-8e76-2f79a8c5bad1" testListId="8c84fa94-04c1-424b-9868-57a2d4851a1d" />
    <TestEntry testId="6af8db8b-2cd7-d359-0db8-c8c21ea4c02b" executionId="66ca1c5f-c93d-42f7-8556-d08b7be9896e" testListId="8c84fa94-04c1-424b-9868-57a2d4851a1d" />
    <TestEntry testId="6c1df49d-cc6b-447c-540f-81457e14180d" executionId="85fb758d-d70f-4a15-be5e-df6ef02731a1" testListId="8c84fa94-04c1-424b-9868-57a2d4851a1d" />
    <TestEntry testId="71d867b4-693e-970e-3cde-7db77311d000" executionId="fdf956ff-a3c6-43d2-b928-71f9538db5f6" testListId="8c84fa94-04c1-424b-9868-57a2d4851a1d" />
    <TestEntry testId="7d982a6d-9704-8080-b098-c57b71ec3c51" executionId="df0b60fb-d3f5-43e6-aa7e-2cedbf3a5ac6" testListId="8c84fa94-04c1-424b-9868-57a2d4851a1d" />
    <TestEntry testId="7df6e744-46e2-f346-3513-53e0d3dd5f7d" executionId="01d44b3c-57a6-4617-b7a2-7ab1cb7a9002" testListId="8c84fa94-04c1-424b-9868-57a2d4851a1d" />
    <TestEntry testId="83cd4b8d-4c02-62c0-beba-0952bfcb3bb1" executionId="d363b06a-2189-49e2-bf0c-ee01f8a7c729" testListId="8c84fa94-04c1-424b-9868-57a2d4851a1d" />
    <TestEntry testId="8624d0e0-435c-ae66-f21f-a38248e0bba4" executionId="23df6357-abeb-4b29-b463-3e8abda319f6" testListId="8c84fa94-04c1-424b-9868-57a2d4851a1d" />
    <TestEntry testId="8807962d-0936-7ba0-3944-2762f3f44a96" executionId="6adad035-2617-4529-9310-4e906b2447db" testListId="8c84fa94-04c1-424b-9868-57a2d4851a1d" />
    <TestEntry testId="977d10a7-25f3-505d-59bf-208d54a8dbb6" executionId="5a96d550-b0ad-445e-abe6-f443fe0460f5" testListId="8c84fa94-04c1-424b-9868-57a2d4851a1d" />
    <TestEntry testId="9bca0463-631b-b06f-e589-1a7af4651a21" executionId="333e5bde-aaae-401f-8626-634c7a2fb552" testListId="8c84fa94-04c1-424b-9868-57a2d4851a1d" />
    <TestEntry testId="a43d1409-a06a-1fd9-4bb6-e576d6fed4b8" executionId="29b93644-515c-4113-a8a1-8fd8243f8ed9" testListId="8c84fa94-04c1-424b-9868-57a2d4851a1d" />
    <TestEntry testId="b1d85730-def1-51ba-584f-9cb39d895ef3" executionId="23830a7b-fa36-44a4-9c5f-7dc32f676d51" testListId="8c84fa94-04c1-424b-9868-57a2d4851a1d" />
    <TestEntry testId="b2f6292e-2f70-1d4d-c018-f254231951b9" executionId="09183f0a-709f-4194-aee8-f1cce2f4934b" testListId="8c84fa94-04c1-424b-9868-57a2d4851a1d" />
    <TestEntry testId="b4ba9c00-49f9-0088-6d40-cac877ebdcc6" executionId="4954b9bb-01cf-4f3d-a8f8-47553486bd84" testListId="8c84fa94-04c1-424b-9868-57a2d4851a1d" />
    <TestEntry testId="b789d7ab-6ba0-6f38-710d-5beb6f7ce5c3" executionId="4809af81-e11e-4bcc-8cab-e6ac95d2a6cb" testListId="8c84fa94-04c1-424b-9868-57a2d4851a1d" />
    <TestEntry testId="b8133cef-caec-432d-c60c-f792c1356424" executionId="bb88274d-97ca-4f33-9679-fd7949b73971" testListId="8c84fa94-04c1-424b-9868-57a2d4851a1d" />
    <TestEntry testId="ba2a49ab-ae45-5b0f-55e5-ee743b7da6b8" executionId="f3e03717-990e-4df6-98fb-ef129e4dee72" testListId="8c84fa94-04c1-424b-9868-57a2d4851a1d" />
    <TestEntry testId="c40ab77e-57c1-6106-41df-08d33d527246" executionId="74e6bcc9-b084-4fb2-870a-fb8e0e11fa1e" testListId="8c84fa94-04c1-424b-9868-57a2d4851a1d" />
    <TestEntry testId="c4ac07b3-6017-d4bf-5a58-0edee35de7c1" executionId="7aeab0e2-40ed-4e36-9afa-50aa951443f7" testListId="8c84fa94-04c1-424b-9868-57a2d4851a1d" />
    <TestEntry testId="caa6c26d-62bc-e705-127a-4f22802bcdb0" executionId="8a04d22b-9132-4fbf-a282-93228b94e20e" testListId="8c84fa94-04c1-424b-9868-57a2d4851a1d" />
    <TestEntry testId="cc12d89e-03af-d849-790c-d1c82ad78f45" executionId="1c5adfe8-abad-4708-9683-591c81361748" testListId="8c84fa94-04c1-424b-9868-57a2d4851a1d" />
    <TestEntry testId="cc8c5708-de93-a6b4-7f90-c5c4de51dfef" executionId="9a1920a2-e1e2-43d9-96a8-2ba731bf2b97" testListId="8c84fa94-04c1-424b-9868-57a2d4851a1d" />
    <TestEntry testId="cfacbd58-3e0f-3567-d1af-c72f7e1c24e0" executionId="d9df1f3e-7abd-473b-a3e3-260938611c23" testListId="8c84fa94-04c1-424b-9868-57a2d4851a1d" />
    <TestEntry testId="d1d185b5-ba98-cf38-0f1e-482f3390343e" executionId="16363523-d9f5-4ce8-bc37-191ff1fec1cf" testListId="8c84fa94-04c1-424b-9868-57a2d4851a1d" />
    <TestEntry testId="d75814a2-bdfd-d346-ed92-4ba8314971c7" executionId="97e7838e-d222-4a3b-8954-9eedde5889ad" testListId="8c84fa94-04c1-424b-9868-57a2d4851a1d" />
    <TestEntry testId="db6baa02-a9f5-368e-455f-b6f3c6d76b83" executionId="8b9febe1-bda5-4a8c-a02c-0026fe6fe584" testListId="8c84fa94-04c1-424b-9868-57a2d4851a1d" />
    <TestEntry testId="dbee80ea-94db-3fdd-925d-c9340afcfd2b" executionId="ead6af86-0ad4-4ceb-9f17-196fd61b34c5" testListId="8c84fa94-04c1-424b-9868-57a2d4851a1d" />
    <TestEntry testId="e86c7cd6-f690-befe-c5f2-70bf10a49f15" executionId="192a80fb-67c3-42da-9b1a-a5b997b1a17c" testListId="8c84fa94-04c1-424b-9868-57a2d4851a1d" />
    <TestEntry testId="eaa1b93d-9e04-0de2-a512-b56c2ba8f8f2" executionId="cf551630-4e4c-4b6a-a45a-6d9890c41c7b" testListId="8c84fa94-04c1-424b-9868-57a2d4851a1d" />
    <TestEntry testId="ecd375f6-c741-c7c3-7e2d-ab021902b7d4" executionId="4164ca5e-7174-4055-bfbc-6001e583cfbc" testListId="8c84fa94-04c1-424b-9868-57a2d4851a1d" />
    <TestEntry testId="f04168ba-7ed2-09a4-2e16-412a0ab7c2cd" executionId="90c61a7b-48e5-4d82-af85-cff89b09a5c0" testListId="8c84fa94-04c1-424b-9868-57a2d4851a1d" />
    <TestEntry testId="f1863733-713b-3d74-c344-4595b3c5d0ea" executionId="f15d80ec-d9aa-4522-80ee-e3654beb43a1" testListId="8c84fa94-04c1-424b-9868-57a2d4851a1d" />
    <TestEntry testId="f36a005e-adb8-d007-0a86-9707547f994b" executionId="fd09fb44-4e88-4923-bf41-7dc7f981605e" testListId="8c84fa94-04c1-424b-9868-57a2d4851a1d" />
    <TestEntry testId="f38e60c2-ebf3-cc3a-4fa0-0cc3a670f21f" executionId="b242ea2b-a893-42b7-809a-142208aab107" testListId="8c84fa94-04c1-424b-9868-57a2d4851a1d" />
    <TestEntry testId="f647950d-40ad-251e-e698-f4d95a4db016" executionId="b08a8eba-7acb-44cc-9597-16a0e31870c8" testListId="8c84fa94-04c1-424b-9868-57a2d4851a1d" />
    <TestEntry testId="fa334ddd-d82c-9fb0-d8b7-fd0aa767efda" executionId="b13cc4b3-e9f7-4a38-94da-ee89d39ae84e" testListId="8c84fa94-04c1-424b-9868-57a2d4851a1d" />
    <TestEntry testId="fb21a266-314e-0f4e-a168-8d6ac8b25057" executionId="6a9de329-5de1-4dd8-8173-a99106dcc542" testListId="8c84fa94-04c1-424b-9868-57a2d4851a1d" />
    <TestEntry testId="fb5fa2a2-905c-9518-fc01-5d7f609ff7cb" executionId="4cba222c-e0ee-4607-b003-d25484f3d05f" testListId="8c84fa94-04c1-424b-9868-57a2d4851a1d" />
    <TestEntry testId="fc23e177-694b-ee89-05ed-f7a945d80a04" executionId="2bf31f45-8112-4135-a977-56b13bda32ea" testListId="8c84fa94-04c1-424b-9868-57a2d4851a1d" />
    <TestEntry testId="fda67e4d-76e8-c9d7-e71a-20f6a3b66518" executionId="45a8ac6d-1dc2-4cc6-8e4f-a5538eab9413" testListId="8c84fa94-04c1-424b-9868-57a2d4851a1d" />
  </TestEntries>
  <Results>
    <UnitTestResult executionId="31f7fc03-8f2a-4242-988b-5b4fe1ea0ce2" testId="02495e72-679a-012b-3ce3-de11ca9c2c09" testName="ExpiredAnnouncementIsNotValidTest" computerName="PC-PC" duration="00:00:16.4752352" startTime="2012-07-01T20:47:48.0458122-03:00" endTime="2012-07-01T20:48:05.2407957-03:00" testType="13cdc9d9-ddb5-4fa4-a97d-d965ccfc6d4b" outcome="Failed" testListId="8c84fa94-04c1-424b-9868-57a2d4851a1d" relativeResultsDirectory="31f7fc03-8f2a-4242-988b-5b4fe1ea0ce2">
      <Output>
        <ErrorInfo>
          <Message>Assert.IsFalse failed. </Message>
          <StackTrace>   at bsn.testes.SiteClassificadoTest.ExpiredAnnouncementIsNotValidTest() in C:\Users\PC\Documents\Visual Studio 2010\Projects\bsn\bsn.testes\SiteClassificadoTest.cs:line 37
</StackTrace>
        </ErrorInfo>
      </Output>
    </UnitTestResult>
    <UnitTestResult executionId="584b47ba-58e6-4b83-98a8-5dceeddc494e" testId="1236b1e3-a21f-06a6-8800-ecaf66d22d63" testName="AnuncioConstructorTest1" computerName="PC-PC" duration="00:00:07.1804107" startTime="2012-07-01T20:48:05.2497963-03:00" endTime="2012-07-01T20:48:12.4302070-03:00" testType="13cdc9d9-ddb5-4fa4-a97d-d965ccfc6d4b" outcome="Aborted" testListId="8c84fa94-04c1-424b-9868-57a2d4851a1d" relativeResultsDirectory="584b47ba-58e6-4b83-98a8-5dceeddc494e">
    </UnitTestResult>
    <UnitTestResult executionId="9474ba99-6402-4263-9bc2-e7c1a641c500" testId="16ef14d7-8913-5496-2d62-f31c876a55cf" testName="PageNotFoundSignatureTest" computerName="PC-PC" testType="13cdc9d9-ddb5-4fa4-a97d-d965ccfc6d4b" outcome="NotExecuted" testListId="8c84fa94-04c1-424b-9868-57a2d4851a1d" relativeResultsDirectory="9474ba99-6402-4263-9bc2-e7c1a641c500">
    </UnitTestResult>
    <UnitTestResult executionId="9d588f6a-2c54-46fd-b25a-79f659503ee4" testId="2768c13e-d39a-7b70-ff84-ca680cb07ba1" testName="setAreaTest" computerName="PC-PC" testType="13cdc9d9-ddb5-4fa4-a97d-d965ccfc6d4b" outcome="NotExecuted" testListId="8c84fa94-04c1-424b-9868-57a2d4851a1d" relativeResultsDirectory="9d588f6a-2c54-46fd-b25a-79f659503ee4">
    </UnitTestResult>
    <UnitTestResult executionId="15f1212a-f552-44bd-821d-7654fdfe6665" testId="2a3693e1-d1d4-1361-bf39-bcd62f65504c" testName="GetSiteInfonetMongoInfonet" computerName="PC-PC" testType="13cdc9d9-ddb5-4fa4-a97d-d965ccfc6d4b" outcome="NotExecuted" testListId="8c84fa94-04c1-424b-9868-57a2d4851a1d" relativeResultsDirectory="15f1212a-f552-44bd-821d-7654fdfe6665">
    </UnitTestResult>
    <UnitTestResult executionId="d09d7235-3d3d-40fa-92a7-ebaad60d0589" testId="3c4c0693-eeb3-3493-7983-fc3dd9aa2513" testName="ActiveAnnoucementIsValidTest" computerName="PC-PC" testType="13cdc9d9-ddb5-4fa4-a97d-d965ccfc6d4b" outcome="NotExecuted" testListId="8c84fa94-04c1-424b-9868-57a2d4851a1d" relativeResultsDirectory="d09d7235-3d3d-40fa-92a7-ebaad60d0589">
    </UnitTestResult>
    <UnitTestResult executionId="4f7735ae-a678-474f-9225-94acd1cc25ea" testId="42cbf37a-c30c-3672-6b13-6419bff38d4a" testName="getContactTest" computerName="PC-PC" testType="13cdc9d9-ddb5-4fa4-a97d-d965ccfc6d4b" outcome="NotExecuted" testListId="8c84fa94-04c1-424b-9868-57a2d4851a1d" relativeResultsDirectory="4f7735ae-a678-474f-9225-94acd1cc25ea">
    </UnitTestResult>
    <UnitTestResult executionId="1cc36060-3052-4a4d-9f4a-f30b13c1e744" testId="48cfa31e-c995-f8bd-a145-f4c486ec352d" testName="retrieveTest" computerName="PC-PC" testType="13cdc9d9-ddb5-4fa4-a97d-d965ccfc6d4b" outcome="NotExecuted" testListId="8c84fa94-04c1-424b-9868-57a2d4851a1d" relativeResultsDirectory="1cc36060-3052-4a4d-9f4a-f30b13c1e744">
    </UnitTestResult>
    <UnitTestResult executionId="7c7495dd-49e1-4271-9a3c-07d202ac0005" testId="4eb63158-fc83-45a8-aa0f-056ceacb33a8" testName="setContactAndGetContactTest" computerName="PC-PC" testType="13cdc9d9-ddb5-4fa4-a97d-d965ccfc6d4b" outcome="NotExecuted" testListId="8c84fa94-04c1-424b-9868-57a2d4851a1d" relativeResultsDirectory="7c7495dd-49e1-4271-9a3c-07d202ac0005">
    </UnitTestResult>
    <UnitTestResult executionId="9338955b-1e88-49b2-8b8c-354ef671165b" testId="5368c8eb-5bb5-a8cb-2dc3-1cb85f98ee4b" testName="isPageNotFoundTest" computerName="PC-PC" testType="13cdc9d9-ddb5-4fa4-a97d-d965ccfc6d4b" outcome="NotExecuted" testListId="8c84fa94-04c1-424b-9868-57a2d4851a1d" relativeResultsDirectory="9338955b-1e88-49b2-8b8c-354ef671165b">
    </UnitTestResult>
    <UnitTestResult executionId="5930bfeb-04a1-4229-bbf1-eeb283b1fb57" testId="552b1b97-0f72-2d2f-7a21-e916174348ec" testName="teste" computerName="PC-PC" testType="13cdc9d9-ddb5-4fa4-a97d-d965ccfc6d4b" outcome="NotExecuted" testListId="8c84fa94-04c1-424b-9868-57a2d4851a1d" relativeResultsDirectory="5930bfeb-04a1-4229-bbf1-eeb283b1fb57">
    </UnitTestResult>
    <UnitTestResult executionId="061d3275-e36d-4509-935d-c49fa1c54740" testId="5563289a-8135-277f-2a7f-feefb03b5eb5" testName="isValidPageTest" computerName="PC-PC" testType="13cdc9d9-ddb5-4fa4-a97d-d965ccfc6d4b" outcome="NotExecuted" testListId="8c84fa94-04c1-424b-9868-57a2d4851a1d" relativeResultsDirectory="061d3275-e36d-4509-935d-c49fa1c54740">
    </UnitTestResult>
    <UnitTestResult executionId="b5778e24-c0f2-479a-b60e-f52552b01bda" testId="5ac14d65-a48c-91f2-3358-ed9359375156" testName="LastValidPageRequestTest" computerName="PC-PC" testType="13cdc9d9-ddb5-4fa4-a97d-d965ccfc6d4b" outcome="NotExecuted" testListId="8c84fa94-04c1-424b-9868-57a2d4851a1d" relativeResultsDirectory="b5778e24-c0f2-479a-b60e-f52552b01bda">
    </UnitTestResult>
    <UnitTestResult executionId="9c621220-9f64-4a53-b0ae-a71663b37352" testId="5fa21879-07c9-aec9-5188-805a3fb7e086" testName="EngineConstructorTest" computerName="PC-PC" testType="13cdc9d9-ddb5-4fa4-a97d-d965ccfc6d4b" outcome="NotExecuted" testListId="8c84fa94-04c1-424b-9868-57a2d4851a1d" relativeResultsDirectory="9c621220-9f64-4a53-b0ae-a71663b37352">
    </UnitTestResult>
    <UnitTestResult executionId="8640716a-0441-4400-a4fe-0ad2feeb380b" testId="65b1a735-3de2-3a71-9b25-323bd23f557e" testName="RemovedAnnouncementSignatureTest" computerName="PC-PC" testType="13cdc9d9-ddb5-4fa4-a97d-d965ccfc6d4b" outcome="NotExecuted" testListId="8c84fa94-04c1-424b-9868-57a2d4851a1d" relativeResultsDirectory="8640716a-0441-4400-a4fe-0ad2feeb380b">
    </UnitTestResult>
    <UnitTestResult executionId="bb523a77-344d-4813-8e76-2f79a8c5bad1" testId="6a6976cc-2b3f-5994-b391-27013bcc262a" testName="RegexPrecoTest" computerName="PC-PC" testType="13cdc9d9-ddb5-4fa4-a97d-d965ccfc6d4b" outcome="NotExecuted" testListId="8c84fa94-04c1-424b-9868-57a2d4851a1d" relativeResultsDirectory="bb523a77-344d-4813-8e76-2f79a8c5bad1">
    </UnitTestResult>
    <UnitTestResult executionId="66ca1c5f-c93d-42f7-8556-d08b7be9896e" testId="6af8db8b-2cd7-d359-0db8-c8c21ea4c02b" testName="BairroTest" computerName="PC-PC" testType="13cdc9d9-ddb5-4fa4-a97d-d965ccfc6d4b" outcome="NotExecuted" testListId="8c84fa94-04c1-424b-9868-57a2d4851a1d" relativeResultsDirectory="66ca1c5f-c93d-42f7-8556-d08b7be9896e">
    </UnitTestResult>
    <UnitTestResult executionId="85fb758d-d70f-4a15-be5e-df6ef02731a1" testId="6c1df49d-cc6b-447c-540f-81457e14180d" testName="setNumberOfRoomsAndGetNumberOfRoomsTest" computerName="PC-PC" testType="13cdc9d9-ddb5-4fa4-a97d-d965ccfc6d4b" outcome="NotExecuted" testListId="8c84fa94-04c1-424b-9868-57a2d4851a1d" relativeResultsDirectory="85fb758d-d70f-4a15-be5e-df6ef02731a1">
    </UnitTestResult>
    <UnitTestResult executionId="fdf956ff-a3c6-43d2-b928-71f9538db5f6" testId="71d867b4-693e-970e-3cde-7db77311d000" testName="TemplateUrlTest" computerName="PC-PC" testType="13cdc9d9-ddb5-4fa4-a97d-d965ccfc6d4b" outcome="NotExecuted" testListId="8c84fa94-04c1-424b-9868-57a2d4851a1d" relativeResultsDirectory="fdf956ff-a3c6-43d2-b928-71f9538db5f6">
    </UnitTestResult>
    <UnitTestResult executionId="df0b60fb-d3f5-43e6-aa7e-2cedbf3a5ac6" testId="7d982a6d-9704-8080-b098-c57b71ec3c51" testName="getNumberOfRoomsTest" computerName="PC-PC" testType="13cdc9d9-ddb5-4fa4-a97d-d965ccfc6d4b" outcome="NotExecuted" testListId="8c84fa94-04c1-424b-9868-57a2d4851a1d" relativeResultsDirectory="df0b60fb-d3f5-43e6-aa7e-2cedbf3a5ac6">
    </UnitTestResult>
    <UnitTestResult executionId="01d44b3c-57a6-4617-b7a2-7ab1cb7a9002" testId="7df6e744-46e2-f346-3513-53e0d3dd5f7d" testName="getTextsInIgnoredPagesTest" computerName="PC-PC" testType="13cdc9d9-ddb5-4fa4-a97d-d965ccfc6d4b" outcome="NotExecuted" testListId="8c84fa94-04c1-424b-9868-57a2d4851a1d" relativeResultsDirectory="01d44b3c-57a6-4617-b7a2-7ab1cb7a9002">
    </UnitTestResult>
    <UnitTestResult executionId="d363b06a-2189-49e2-bf0c-ee01f8a7c729" testId="83cd4b8d-4c02-62c0-beba-0952bfcb3bb1" testName="PaginaConstructorTest" computerName="PC-PC" testType="13cdc9d9-ddb5-4fa4-a97d-d965ccfc6d4b" outcome="NotExecuted" testListId="8c84fa94-04c1-424b-9868-57a2d4851a1d" relativeResultsDirectory="d363b06a-2189-49e2-bf0c-ee01f8a7c729">
    </UnitTestResult>
    <UnitTestResult executionId="23df6357-abeb-4b29-b463-3e8abda319f6" testId="8624d0e0-435c-ae66-f21f-a38248e0bba4" testName="nextRealEstateTest" computerName="PC-PC" testType="13cdc9d9-ddb5-4fa4-a97d-d965ccfc6d4b" outcome="NotExecuted" testListId="8c84fa94-04c1-424b-9868-57a2d4851a1d" relativeResultsDirectory="23df6357-abeb-4b29-b463-3e8abda319f6">
    </UnitTestResult>
    <UnitTestResult executionId="6adad035-2617-4529-9310-4e906b2447db" testId="8807962d-0936-7ba0-3944-2762f3f44a96" testName="setPriceAndGetPriceTest" computerName="PC-PC" testType="13cdc9d9-ddb5-4fa4-a97d-d965ccfc6d4b" outcome="NotExecuted" testListId="8c84fa94-04c1-424b-9868-57a2d4851a1d" relativeResultsDirectory="6adad035-2617-4529-9310-4e906b2447db">
    </UnitTestResult>
    <UnitTestResult executionId="5a96d550-b0ad-445e-abe6-f443fe0460f5" testId="977d10a7-25f3-505d-59bf-208d54a8dbb6" testName="SiteClassificadoConstructorTest" computerName="PC-PC" testType="13cdc9d9-ddb5-4fa4-a97d-d965ccfc6d4b" outcome="NotExecuted" testListId="8c84fa94-04c1-424b-9868-57a2d4851a1d" relativeResultsDirectory="5a96d550-b0ad-445e-abe6-f443fe0460f5">
    </UnitTestResult>
    <UnitTestResult executionId="333e5bde-aaae-401f-8626-634c7a2fb552" testId="9bca0463-631b-b06f-e589-1a7af4651a21" testName="getAreaTest" computerName="PC-PC" testType="13cdc9d9-ddb5-4fa4-a97d-d965ccfc6d4b" outcome="NotExecuted" testListId="8c84fa94-04c1-424b-9868-57a2d4851a1d" relativeResultsDirectory="333e5bde-aaae-401f-8626-634c7a2fb552">
    </UnitTestResult>
    <UnitTestResult executionId="29b93644-515c-4113-a8a1-8fd8243f8ed9" testId="a43d1409-a06a-1fd9-4bb6-e576d6fed4b8" testName="getLinkAdTest" computerName="PC-PC" testType="13cdc9d9-ddb5-4fa4-a97d-d965ccfc6d4b" outcome="NotExecuted" testListId="8c84fa94-04c1-424b-9868-57a2d4851a1d" relativeResultsDirectory="29b93644-515c-4113-a8a1-8fd8243f8ed9">
    </UnitTestResult>
    <UnitTestResult executionId="23830a7b-fa36-44a4-9c5f-7dc32f676d51" testId="b1d85730-def1-51ba-584f-9cb39d895ef3" testName="testRetrievePageInvalidUrl" computerName="PC-PC" testType="13cdc9d9-ddb5-4fa4-a97d-d965ccfc6d4b" outcome="NotExecuted" testListId="8c84fa94-04c1-424b-9868-57a2d4851a1d" relativeResultsDirectory="23830a7b-fa36-44a4-9c5f-7dc32f676d51">
    </UnitTestResult>
    <UnitTestResult executionId="09183f0a-709f-4194-aee8-f1cce2f4934b" testId="b2f6292e-2f70-1d4d-c018-f254231951b9" testName="testRetrievePage" computerName="PC-PC" testType="13cdc9d9-ddb5-4fa4-a97d-d965ccfc6d4b" outcome="NotExecuted" testListId="8c84fa94-04c1-424b-9868-57a2d4851a1d" relativeResultsDirectory="09183f0a-709f-4194-aee8-f1cce2f4934b">
    </UnitTestResult>
    <UnitTestResult executionId="4954b9bb-01cf-4f3d-a8f8-47553486bd84" testId="b4ba9c00-49f9-0088-6d40-cac877ebdcc6" testName="PrecoTest" computerName="PC-PC" testType="13cdc9d9-ddb5-4fa4-a97d-d965ccfc6d4b" outcome="NotExecuted" testListId="8c84fa94-04c1-424b-9868-57a2d4851a1d" relativeResultsDirectory="4954b9bb-01cf-4f3d-a8f8-47553486bd84">
    </UnitTestResult>
    <UnitTestResult executionId="4809af81-e11e-4bcc-8cab-e6ac95d2a6cb" testId="b789d7ab-6ba0-6f38-710d-5beb6f7ce5c3" testName="testNewWithNullContent" computerName="PC-PC" testType="13cdc9d9-ddb5-4fa4-a97d-d965ccfc6d4b" outcome="NotExecuted" testListId="8c84fa94-04c1-424b-9868-57a2d4851a1d" relativeResultsDirectory="4809af81-e11e-4bcc-8cab-e6ac95d2a6cb">
    </UnitTestResult>
    <UnitTestResult executionId="bb88274d-97ca-4f33-9679-fd7949b73971" testId="b8133cef-caec-432d-c60c-f792c1356424" testName="RegexBairroTest" computerName="PC-PC" testType="13cdc9d9-ddb5-4fa4-a97d-d965ccfc6d4b" outcome="NotExecuted" testListId="8c84fa94-04c1-424b-9868-57a2d4851a1d" relativeResultsDirectory="bb88274d-97ca-4f33-9679-fd7949b73971">
    </UnitTestResult>
    <UnitTestResult executionId="f3e03717-990e-4df6-98fb-ef129e4dee72" testId="ba2a49ab-ae45-5b0f-55e5-ee743b7da6b8" testName="GetContentTest" computerName="PC-PC" testType="13cdc9d9-ddb5-4fa4-a97d-d965ccfc6d4b" outcome="NotExecuted" testListId="8c84fa94-04c1-424b-9868-57a2d4851a1d" relativeResultsDirectory="f3e03717-990e-4df6-98fb-ef129e4dee72">
    </UnitTestResult>
    <UnitTestResult executionId="74e6bcc9-b084-4fb2-870a-fb8e0e11fa1e" testId="c40ab77e-57c1-6106-41df-08d33d527246" testName="ExpiredAnnouncementSignatureTest" computerName="PC-PC" testType="13cdc9d9-ddb5-4fa4-a97d-d965ccfc6d4b" outcome="NotExecuted" testListId="8c84fa94-04c1-424b-9868-57a2d4851a1d" relativeResultsDirectory="74e6bcc9-b084-4fb2-870a-fb8e0e11fa1e">
    </UnitTestResult>
    <UnitTestResult executionId="7aeab0e2-40ed-4e36-9afa-50aa951443f7" testId="c4ac07b3-6017-d4bf-5a58-0edee35de7c1" testName="isAnnouncementTest" computerName="PC-PC" testType="13cdc9d9-ddb5-4fa4-a97d-d965ccfc6d4b" outcome="NotExecuted" testListId="8c84fa94-04c1-424b-9868-57a2d4851a1d" relativeResultsDirectory="7aeab0e2-40ed-4e36-9afa-50aa951443f7">
    </UnitTestResult>
    <UnitTestResult executionId="8a04d22b-9132-4fbf-a282-93228b94e20e" testId="caa6c26d-62bc-e705-127a-4f22802bcdb0" testName="setPhoneNumberTest" computerName="PC-PC" testType="13cdc9d9-ddb5-4fa4-a97d-d965ccfc6d4b" outcome="NotExecuted" testListId="8c84fa94-04c1-424b-9868-57a2d4851a1d" relativeResultsDirectory="8a04d22b-9132-4fbf-a282-93228b94e20e">
    </UnitTestResult>
    <UnitTestResult executionId="1c5adfe8-abad-4708-9683-591c81361748" testId="cc12d89e-03af-d849-790c-d1c82ad78f45" testName="getPhoneNumberTest" computerName="PC-PC" testType="13cdc9d9-ddb5-4fa4-a97d-d965ccfc6d4b" outcome="NotExecuted" testListId="8c84fa94-04c1-424b-9868-57a2d4851a1d" relativeResultsDirectory="1c5adfe8-abad-4708-9683-591c81361748">
    </UnitTestResult>
    <UnitTestResult executionId="9a1920a2-e1e2-43d9-96a8-2ba731bf2b97" testId="cc8c5708-de93-a6b4-7f90-c5c4de51dfef" testName="setPhoneNumberAndGetPhoneNumberTest" computerName="PC-PC" testType="13cdc9d9-ddb5-4fa4-a97d-d965ccfc6d4b" outcome="NotExecuted" testListId="8c84fa94-04c1-424b-9868-57a2d4851a1d" relativeResultsDirectory="9a1920a2-e1e2-43d9-96a8-2ba731bf2b97">
    </UnitTestResult>
    <UnitTestResult executionId="d9df1f3e-7abd-473b-a3e3-260938611c23" testId="cfacbd58-3e0f-3567-d1af-c72f7e1c24e0" testName="setTemplateUrlTest" computerName="PC-PC" testType="13cdc9d9-ddb5-4fa4-a97d-d965ccfc6d4b" outcome="NotExecuted" testListId="8c84fa94-04c1-424b-9868-57a2d4851a1d" relativeResultsDirectory="d9df1f3e-7abd-473b-a3e3-260938611c23">
    </UnitTestResult>
    <UnitTestResult executionId="16363523-d9f5-4ce8-bc37-191ff1fec1cf" testId="d1d185b5-ba98-cf38-0f1e-482f3390343e" testName="numberOfPagesNotFoundEqualsZero" computerName="PC-PC" testType="13cdc9d9-ddb5-4fa4-a97d-d965ccfc6d4b" outcome="NotExecuted" testListId="8c84fa94-04c1-424b-9868-57a2d4851a1d" relativeResultsDirectory="16363523-d9f5-4ce8-bc37-191ff1fec1cf">
    </UnitTestResult>
    <UnitTestResult executionId="97e7838e-d222-4a3b-8954-9eedde5889ad" testId="d75814a2-bdfd-d346-ed92-4ba8314971c7" testName="ToStringTest" computerName="PC-PC" testType="13cdc9d9-ddb5-4fa4-a97d-d965ccfc6d4b" outcome="NotExecuted" testListId="8c84fa94-04c1-424b-9868-57a2d4851a1d" relativeResultsDirectory="97e7838e-d222-4a3b-8954-9eedde5889ad">
    </UnitTestResult>
    <UnitTestResult executionId="8b9febe1-bda5-4a8c-a02c-0026fe6fe584" testId="db6baa02-a9f5-368e-455f-b6f3c6d76b83" testName="setNumberOfRoomsTest" computerName="PC-PC" testType="13cdc9d9-ddb5-4fa4-a97d-d965ccfc6d4b" outcome="NotExecuted" testListId="8c84fa94-04c1-424b-9868-57a2d4851a1d" relativeResultsDirectory="8b9febe1-bda5-4a8c-a02c-0026fe6fe584">
    </UnitTestResult>
    <UnitTestResult executionId="ead6af86-0ad4-4ceb-9f17-196fd61b34c5" testId="dbee80ea-94db-3fdd-925d-c9340afcfd2b" testName="PararTest" computerName="PC-PC" testType="13cdc9d9-ddb5-4fa4-a97d-d965ccfc6d4b" outcome="NotExecuted" testListId="8c84fa94-04c1-424b-9868-57a2d4851a1d" relativeResultsDirectory="ead6af86-0ad4-4ceb-9f17-196fd61b34c5">
    </UnitTestResult>
    <UnitTestResult executionId="192a80fb-67c3-42da-9b1a-a5b997b1a17c" testId="e86c7cd6-f690-befe-c5f2-70bf10a49f15" testName="NomeTest" computerName="PC-PC" testType="13cdc9d9-ddb5-4fa4-a97d-d965ccfc6d4b" outcome="NotExecuted" testListId="8c84fa94-04c1-424b-9868-57a2d4851a1d" relativeResultsDirectory="192a80fb-67c3-42da-9b1a-a5b997b1a17c">
    </UnitTestResult>
    <UnitTestResult executionId="cf551630-4e4c-4b6a-a45a-6d9890c41c7b" testId="eaa1b93d-9e04-0de2-a512-b56c2ba8f8f2" testName="setContactTest" computerName="PC-PC" testType="13cdc9d9-ddb5-4fa4-a97d-d965ccfc6d4b" outcome="NotExecuted" testListId="8c84fa94-04c1-424b-9868-57a2d4851a1d" relativeResultsDirectory="cf551630-4e4c-4b6a-a45a-6d9890c41c7b">
    </UnitTestResult>
    <UnitTestResult executionId="4164ca5e-7174-4055-bfbc-6001e583cfbc" testId="ecd375f6-c741-c7c3-7e2d-ab021902b7d4" testName="setAreaAndGetAreaTest" computerName="PC-PC" testType="13cdc9d9-ddb5-4fa4-a97d-d965ccfc6d4b" outcome="NotExecuted" testListId="8c84fa94-04c1-424b-9868-57a2d4851a1d" relativeResultsDirectory="4164ca5e-7174-4055-bfbc-6001e583cfbc">
    </UnitTestResult>
    <UnitTestResult executionId="90c61a7b-48e5-4d82-af85-cff89b09a5c0" testId="f04168ba-7ed2-09a4-2e16-412a0ab7c2cd" testName="AnuncioConstructorTest" computerName="PC-PC" testType="13cdc9d9-ddb5-4fa4-a97d-d965ccfc6d4b" outcome="NotExecuted" testListId="8c84fa94-04c1-424b-9868-57a2d4851a1d" relativeResultsDirectory="90c61a7b-48e5-4d82-af85-cff89b09a5c0">
    </UnitTestResult>
    <UnitTestResult executionId="f15d80ec-d9aa-4522-80ee-e3654beb43a1" testId="f1863733-713b-3d74-c344-4595b3c5d0ea" testName="AnnoucementeSignatureTest" computerName="PC-PC" testType="13cdc9d9-ddb5-4fa4-a97d-d965ccfc6d4b" outcome="NotExecuted" testListId="8c84fa94-04c1-424b-9868-57a2d4851a1d" relativeResultsDirectory="f15d80ec-d9aa-4522-80ee-e3654beb43a1">
    </UnitTestResult>
    <UnitTestResult executionId="fd09fb44-4e88-4923-bf41-7dc7f981605e" testId="f36a005e-adb8-d007-0a86-9707547f994b" testName="LinkTest" computerName="PC-PC" testType="13cdc9d9-ddb5-4fa4-a97d-d965ccfc6d4b" outcome="NotExecuted" testListId="8c84fa94-04c1-424b-9868-57a2d4851a1d" relativeResultsDirectory="fd09fb44-4e88-4923-bf41-7dc7f981605e">
    </UnitTestResult>
    <UnitTestResult executionId="b242ea2b-a893-42b7-809a-142208aab107" testId="f38e60c2-ebf3-cc3a-4fa0-0cc3a670f21f" testName="IniciarTest" computerName="PC-PC" testType="13cdc9d9-ddb5-4fa4-a97d-d965ccfc6d4b" outcome="NotExecuted" testListId="8c84fa94-04c1-424b-9868-57a2d4851a1d" relativeResultsDirectory="b242ea2b-a893-42b7-809a-142208aab107">
    </UnitTestResult>
    <UnitTestResult executionId="b08a8eba-7acb-44cc-9597-16a0e31870c8" testId="f647950d-40ad-251e-e698-f4d95a4db016" testName="TestarFelizola_" computerName="PC-PC" testType="13cdc9d9-ddb5-4fa4-a97d-d965ccfc6d4b" outcome="NotExecuted" testListId="8c84fa94-04c1-424b-9868-57a2d4851a1d" relativeResultsDirectory="b08a8eba-7acb-44cc-9597-16a0e31870c8">
    </UnitTestResult>
    <UnitTestResult executionId="b13cc4b3-e9f7-4a38-94da-ee89d39ae84e" testId="fa334ddd-d82c-9fb0-d8b7-fd0aa767efda" testName="IdTest" computerName="PC-PC" testType="13cdc9d9-ddb5-4fa4-a97d-d965ccfc6d4b" outcome="NotExecuted" testListId="8c84fa94-04c1-424b-9868-57a2d4851a1d" relativeResultsDirectory="b13cc4b3-e9f7-4a38-94da-ee89d39ae84e">
    </UnitTestResult>
    <UnitTestResult executionId="6a9de329-5de1-4dd8-8173-a99106dcc542" testId="fb21a266-314e-0f4e-a168-8d6ac8b25057" testName="LinkTest" computerName="PC-PC" testType="13cdc9d9-ddb5-4fa4-a97d-d965ccfc6d4b" outcome="NotExecuted" testListId="8c84fa94-04c1-424b-9868-57a2d4851a1d" relativeResultsDirectory="6a9de329-5de1-4dd8-8173-a99106dcc542">
    </UnitTestResult>
    <UnitTestResult executionId="4cba222c-e0ee-4607-b003-d25484f3d05f" testId="fb5fa2a2-905c-9518-fc01-5d7f609ff7cb" testName="GetSitePorNomeTest" computerName="PC-PC" testType="13cdc9d9-ddb5-4fa4-a97d-d965ccfc6d4b" outcome="NotExecuted" testListId="8c84fa94-04c1-424b-9868-57a2d4851a1d" relativeResultsDirectory="4cba222c-e0ee-4607-b003-d25484f3d05f">
    </UnitTestResult>
    <UnitTestResult executionId="2bf31f45-8112-4135-a977-56b13bda32ea" testId="fc23e177-694b-ee89-05ed-f7a945d80a04" testName="ActiveAnnoucementIsAnnoucementTest" computerName="PC-PC" testType="13cdc9d9-ddb5-4fa4-a97d-d965ccfc6d4b" outcome="NotExecuted" testListId="8c84fa94-04c1-424b-9868-57a2d4851a1d" relativeResultsDirectory="2bf31f45-8112-4135-a977-56b13bda32ea">
    </UnitTestResult>
    <UnitTestResult executionId="45a8ac6d-1dc2-4cc6-8e4f-a5538eab9413" testId="fda67e4d-76e8-c9d7-e71a-20f6a3b66518" testName="getAnnouncementURLTest" computerName="PC-PC" testType="13cdc9d9-ddb5-4fa4-a97d-d965ccfc6d4b" outcome="NotExecuted" testListId="8c84fa94-04c1-424b-9868-57a2d4851a1d" relativeResultsDirectory="45a8ac6d-1dc2-4cc6-8e4f-a5538eab9413">
    </UnitTestResult>
  </Results>
</TestRun>