<?xml version="1.0" encoding="UTF-8"?>
<TestRun id="c937bda8-18f3-4d99-9604-bd2f7f003ad2" name="PC@PC-PC 2012-07-01 20:50:12" runUser="PC-PC\PC" xmlns="http://microsoft.com/schemas/VisualStudio/TeamTest/2010">
  <TestSettings name="Local" id="3b433da5-8bdf-4d84-8a00-442453038e74">
    <Description>These are default test settings for a local test run.</Description>
    <Deployment enabled="false" runDeploymentRoot="PC_PC-PC 2012-07-01 20_50_12">
      <DeploymentItem filename="C:\Users\PC\Documents\Visual Studio 2010\Projects\bsn\core\bin\Debug\core.dll" />
      <DeploymentItem filename="C:\Users\PC\Documents\Visual Studio 2010\Projects\bsn\bsn.testes\bin\Debug\MongoDB.Bson.dll" />
      <DeploymentItem filename="C:\Users\PC\Documents\Visual Studio 2010\Projects\bsn\bsn.testes\bin\Debug\MongoDB.Driver.dll" />
      <DeploymentItem filename="C:\Users\PC\Documents\Visual Studio 2010\Projects\bsn\bsn.dal\bin\Debug\bsn.dal.dll" />
    </Deployment>
    <Execution>
      <TestTypeSpecific />
      <AgentRule name="Execution Agents">
      </AgentRule>
    </Execution>
  </TestSettings>
  <Times creation="2012-07-01T20:50:12.4670727-03:00" queuing="2012-07-01T20:50:13.4711301-03:00" start="2012-07-01T20:50:13.6491403-03:00" finish="2012-07-01T20:50:47.8000936-03:00" />
  <ResultSummary outcome="Error">
    <Counters total="41" executed="4" passed="1" error="0" failed="1" timeout="0" aborted="1" inconclusive="1" passedButRunAborted="0" notRunnable="0" notExecuted="37" disconnected="0" warning="0" completed="0" inProgress="0" pending="0" />
    <RunInfos>
      <RunInfo computerName="PC-PC" outcome="Error" timestamp="2012-07-01T20:50:47.7460905-03:00">
        <Text>Test host process exited unexpectedly.</Text>
      </RunInfo>
    </RunInfos>
  </ResultSummary>
  <TestDefinitions>
    <UnitTest name="RegexPrecoTest" storage="c:\users\pc\documents\visual studio 2010\projects\bsn\bsn.testes\bin\debug\bsn.testes.dll" id="6a6976cc-2b3f-5994-b391-27013bcc262a">
      <Execution id="ceade3ae-2c42-4652-ae63-ba1212e2b42e" />
      <TestMethod codeBase="C:/Users/PC/Documents/Visual Studio 2010/Projects/bsn/bsn.testes/bin/Debug/bsn.testes.DLL" adapterTypeName="Microsoft.VisualStudio.TestTools.TestTypes.Unit.UnitTestAdapter, Microsoft.VisualStudio.QualityTools.Tips.UnitTest.Adapter, Version=10.0.0.0, Culture=neutral, PublicKeyToken=b03f5f7f11d50a3a" className="bsn.testes.SiteClassificadoTest, bsn.testes, Version=1.0.0.0, Culture=neutral, PublicKeyToken=null" name="RegexPrecoTest" />
    </UnitTest>
    <UnitTest name="retrieveTest" storage="c:\users\pc\documents\visual studio 2010\projects\bsn\bsn.testes\bin\debug\bsn.testes.dll" id="48cfa31e-c995-f8bd-a145-f4c486ec352d">
      <Execution id="e1029933-41d9-437a-9272-e153ca3d7d73" />
      <TestMethod codeBase="C:/Users/PC/Documents/Visual Studio 2010/Projects/bsn/bsn.testes/bin/Debug/bsn.testes.DLL" adapterTypeName="Microsoft.VisualStudio.TestTools.TestTypes.Unit.UnitTestAdapter, Microsoft.VisualStudio.QualityTools.Tips.UnitTest.Adapter, Version=10.0.0.0, Culture=neutral, PublicKeyToken=b03f5f7f11d50a3a" className="bsn.testes.PaginaTest, bsn.testes, Version=1.0.0.0, Culture=neutral, PublicKeyToken=null" name="retrieveTest" />
    </UnitTest>
    <UnitTest name="GetSiteInfonetMongoInfonet" storage="c:\users\pc\documents\visual studio 2010\projects\bsn\bsn.testes\bin\debug\bsn.testes.dll" id="2a3693e1-d1d4-1361-bf39-bcd62f65504c">
      <Execution id="e939d129-8029-408f-94aa-027769af78fa" />
      <TestMethod codeBase="C:/Users/PC/Documents/Visual Studio 2010/Projects/bsn/bsn.testes/bin/Debug/bsn.testes.DLL" adapterTypeName="Microsoft.VisualStudio.TestTools.TestTypes.Unit.UnitTestAdapter, Microsoft.VisualStudio.QualityTools.Tips.UnitTest.Adapter, Version=10.0.0.0, Culture=neutral, PublicKeyToken=b03f5f7f11d50a3a" className="bsn.testes.SiteClassificadoTest, bsn.testes, Version=1.0.0.0, Culture=neutral, PublicKeyToken=null" name="GetSiteInfonetMongoInfonet" />
    </UnitTest>
    <UnitTest name="IdTest" storage="c:\users\pc\documents\visual studio 2010\projects\bsn\bsn.testes\bin\debug\bsn.testes.dll" id="fa334ddd-d82c-9fb0-d8b7-fd0aa767efda">
      <Execution id="d7bbf9f3-bceb-4154-8bcd-feaf8f73965a" />
      <TestMethod codeBase="C:/Users/PC/Documents/Visual Studio 2010/Projects/bsn/bsn.testes/bin/Debug/bsn.testes.DLL" adapterTypeName="Microsoft.VisualStudio.TestTools.TestTypes.Unit.UnitTestAdapter, Microsoft.VisualStudio.QualityTools.Tips.UnitTest.Adapter, Version=10.0.0.0, Culture=neutral, PublicKeyToken=b03f5f7f11d50a3a" className="bsn.testes.SiteClassificadoTest, bsn.testes, Version=1.0.0.0, Culture=neutral, PublicKeyToken=null" name="IdTest" />
    </UnitTest>
    <UnitTest name="isValidPageTest" storage="c:\users\pc\documents\visual studio 2010\projects\bsn\bsn.testes\bin\debug\bsn.testes.dll" id="5563289a-8135-277f-2a7f-feefb03b5eb5">
      <Execution id="f88a40b9-d092-4207-98e5-4f2f8f9f23ef" />
      <TestMethod codeBase="C:/Users/PC/Documents/Visual Studio 2010/Projects/bsn/bsn.testes/bin/Debug/bsn.testes.DLL" adapterTypeName="Microsoft.VisualStudio.TestTools.TestTypes.Unit.UnitTestAdapter, Microsoft.VisualStudio.QualityTools.Tips.UnitTest.Adapter, Version=10.0.0.0, Culture=neutral, PublicKeyToken=b03f5f7f11d50a3a" className="bsn.testes.SiteClassificadoTest, bsn.testes, Version=1.0.0.0, Culture=neutral, PublicKeyToken=null" name="isValidPageTest" />
    </UnitTest>
    <UnitTest name="getTextsInIgnoredPagesTest" storage="c:\users\pc\documents\visual studio 2010\projects\bsn\bsn.testes\bin\debug\bsn.testes.dll" id="7df6e744-46e2-f346-3513-53e0d3dd5f7d">
      <Execution id="d257ed83-ad85-4a5c-af8a-028d42921403" />
      <TestMethod codeBase="C:/Users/PC/Documents/Visual Studio 2010/Projects/bsn/bsn.testes/bin/Debug/bsn.testes.DLL" adapterTypeName="Microsoft.VisualStudio.TestTools.TestTypes.Unit.UnitTestAdapter, Microsoft.VisualStudio.QualityTools.Tips.UnitTest.Adapter, Version=10.0.0.0, Culture=neutral, PublicKeyToken=b03f5f7f11d50a3a" className="bsn.testes.SiteClassificadoTest, bsn.testes, Version=1.0.0.0, Culture=neutral, PublicKeyToken=null" name="getTextsInIgnoredPagesTest" />
    </UnitTest>
    <UnitTest name="SiteClassificadoConstructorTest" storage="c:\users\pc\documents\visual studio 2010\projects\bsn\bsn.testes\bin\debug\bsn.testes.dll" id="977d10a7-25f3-505d-59bf-208d54a8dbb6">
      <Execution id="913958f8-a899-4cae-b235-c5bf1af4e340" />
      <TestMethod codeBase="C:/Users/PC/Documents/Visual Studio 2010/Projects/bsn/bsn.testes/bin/Debug/bsn.testes.DLL" adapterTypeName="Microsoft.VisualStudio.TestTools.TestTypes.Unit.UnitTestAdapter, Microsoft.VisualStudio.QualityTools.Tips.UnitTest.Adapter, Version=10.0.0.0, Culture=neutral, PublicKeyToken=b03f5f7f11d50a3a" className="bsn.testes.SiteClassificadoTest, bsn.testes, Version=1.0.0.0, Culture=neutral, PublicKeyToken=null" name="SiteClassificadoConstructorTest" />
    </UnitTest>
    <UnitTest name="RegexBairroTest" storage="c:\users\pc\documents\visual studio 2010\projects\bsn\bsn.testes\bin\debug\bsn.testes.dll" id="b8133cef-caec-432d-c60c-f792c1356424">
      <Execution id="ad7f9056-02fd-465e-af62-be27d0f1be5f" />
      <TestMethod codeBase="C:/Users/PC/Documents/Visual Studio 2010/Projects/bsn/bsn.testes/bin/Debug/bsn.testes.DLL" adapterTypeName="Microsoft.VisualStudio.TestTools.TestTypes.Unit.UnitTestAdapter, Microsoft.VisualStudio.QualityTools.Tips.UnitTest.Adapter, Version=10.0.0.0, Culture=neutral, PublicKeyToken=b03f5f7f11d50a3a" className="bsn.testes.SiteClassificadoTest, bsn.testes, Version=1.0.0.0, Culture=neutral, PublicKeyToken=null" name="RegexBairroTest" />
    </UnitTest>
    <UnitTest name="ActiveAnnoucementIsValidTest" storage="c:\users\pc\documents\visual studio 2010\projects\bsn\bsn.testes\bin\debug\bsn.testes.dll" id="3c4c0693-eeb3-3493-7983-fc3dd9aa2513">
      <Execution id="26ad2cfb-b9c2-45e8-985b-fef297eaddc3" />
      <TestMethod codeBase="C:/Users/PC/Documents/Visual Studio 2010/Projects/bsn/bsn.testes/bin/Debug/bsn.testes.DLL" adapterTypeName="Microsoft.VisualStudio.TestTools.TestTypes.Unit.UnitTestAdapter, Microsoft.VisualStudio.QualityTools.Tips.UnitTest.Adapter, Version=10.0.0.0, Culture=neutral, PublicKeyToken=b03f5f7f11d50a3a" className="bsn.testes.SiteClassificadoTest, bsn.testes, Version=1.0.0.0, Culture=neutral, PublicKeyToken=null" name="ActiveAnnoucementIsValidTest" />
    </UnitTest>
    <UnitTest name="AnnoucementeSignatureTest" storage="c:\users\pc\documents\visual studio 2010\projects\bsn\bsn.testes\bin\debug\bsn.testes.dll" id="f1863733-713b-3d74-c344-4595b3c5d0ea">
      <Execution id="b6501d9d-09f2-4a3b-b754-23c1c2940797" />
      <TestMethod codeBase="C:/Users/PC/Documents/Visual Studio 2010/Projects/bsn/bsn.testes/bin/Debug/bsn.testes.DLL" adapterTypeName="Microsoft.VisualStudio.TestTools.TestTypes.Unit.UnitTestAdapter, Microsoft.VisualStudio.QualityTools.Tips.UnitTest.Adapter, Version=10.0.0.0, Culture=neutral, PublicKeyToken=b03f5f7f11d50a3a" className="bsn.testes.SiteClassificadoTest, bsn.testes, Version=1.0.0.0, Culture=neutral, PublicKeyToken=null" name="AnnoucementeSignatureTest" />
    </UnitTest>
    <UnitTest name="ActiveAnnoucementIsAnnoucementTest" storage="c:\users\pc\documents\visual studio 2010\projects\bsn\bsn.testes\bin\debug\bsn.testes.dll" id="fc23e177-694b-ee89-05ed-f7a945d80a04">
      <Execution id="b7accb02-ea6f-4263-a556-f4384ee94d2f" />
      <TestMethod codeBase="C:/Users/PC/Documents/Visual Studio 2010/Projects/bsn/bsn.testes/bin/Debug/bsn.testes.DLL" adapterTypeName="Microsoft.VisualStudio.TestTools.TestTypes.Unit.UnitTestAdapter, Microsoft.VisualStudio.QualityTools.Tips.UnitTest.Adapter, Version=10.0.0.0, Culture=neutral, PublicKeyToken=b03f5f7f11d50a3a" className="bsn.testes.SiteClassificadoTest, bsn.testes, Version=1.0.0.0, Culture=neutral, PublicKeyToken=null" name="ActiveAnnoucementIsAnnoucementTest" />
    </UnitTest>
    <UnitTest name="setTemplateUrlTest" storage="c:\users\pc\documents\visual studio 2010\projects\bsn\bsn.testes\bin\debug\bsn.testes.dll" id="cfacbd58-3e0f-3567-d1af-c72f7e1c24e0">
      <Execution id="ff12e725-fa53-4c64-833a-0df93c2fd608" />
      <TestMethod codeBase="C:/Users/PC/Documents/Visual Studio 2010/Projects/bsn/bsn.testes/bin/Debug/bsn.testes.DLL" adapterTypeName="Microsoft.VisualStudio.TestTools.TestTypes.Unit.UnitTestAdapter, Microsoft.VisualStudio.QualityTools.Tips.UnitTest.Adapter, Version=10.0.0.0, Culture=neutral, PublicKeyToken=b03f5f7f11d50a3a" className="bsn.testes.SiteClassificadoTest, bsn.testes, Version=1.0.0.0, Culture=neutral, PublicKeyToken=null" name="setTemplateUrlTest" />
    </UnitTest>
    <UnitTest name="isPageNotFoundTest" storage="c:\users\pc\documents\visual studio 2010\projects\bsn\bsn.testes\bin\debug\bsn.testes.dll" id="5368c8eb-5bb5-a8cb-2dc3-1cb85f98ee4b">
      <Execution id="a60c44bd-8ee2-424e-b148-064f12b38eb9" />
      <TestMethod codeBase="C:/Users/PC/Documents/Visual Studio 2010/Projects/bsn/bsn.testes/bin/Debug/bsn.testes.DLL" adapterTypeName="Microsoft.VisualStudio.TestTools.TestTypes.Unit.UnitTestAdapter, Microsoft.VisualStudio.QualityTools.Tips.UnitTest.Adapter, Version=10.0.0.0, Culture=neutral, PublicKeyToken=b03f5f7f11d50a3a" className="bsn.testes.SiteClassificadoTest, bsn.testes, Version=1.0.0.0, Culture=neutral, PublicKeyToken=null" name="isPageNotFoundTest" />
    </UnitTest>
    <UnitTest name="numberOfPagesNotFoundEqualsZero" storage="c:\users\pc\documents\visual studio 2010\projects\bsn\bsn.testes\bin\debug\bsn.testes.dll" id="d1d185b5-ba98-cf38-0f1e-482f3390343e">
      <Execution id="2eaa54df-2b3b-4e98-8c6b-9a263e15799e" />
      <TestMethod codeBase="C:/Users/PC/Documents/Visual Studio 2010/Projects/bsn/bsn.testes/bin/Debug/bsn.testes.DLL" adapterTypeName="Microsoft.VisualStudio.TestTools.TestTypes.Unit.UnitTestAdapter, Microsoft.VisualStudio.QualityTools.Tips.UnitTest.Adapter, Version=10.0.0.0, Culture=neutral, PublicKeyToken=b03f5f7f11d50a3a" className="bsn.testes.BuscadorTest, bsn.testes, Version=1.0.0.0, Culture=neutral, PublicKeyToken=null" name="numberOfPagesNotFoundEqualsZero" />
    </UnitTest>
    <UnitTest name="ExpiredAnnouncementIsNotValidTest" storage="c:\users\pc\documents\visual studio 2010\projects\bsn\bsn.testes\bin\debug\bsn.testes.dll" id="02495e72-679a-012b-3ce3-de11ca9c2c09">
      <Execution id="23e2c464-9b58-4c2c-97c4-a2e6318a8271" />
      <TestMethod codeBase="C:/Users/PC/Documents/Visual Studio 2010/Projects/bsn/bsn.testes/bin/Debug/bsn.testes.DLL" adapterTypeName="Microsoft.VisualStudio.TestTools.TestTypes.Unit.UnitTestAdapter, Microsoft.VisualStudio.QualityTools.Tips.UnitTest.Adapter, Version=10.0.0.0, Culture=neutral, PublicKeyToken=b03f5f7f11d50a3a" className="bsn.testes.SiteClassificadoTest, bsn.testes, Version=1.0.0.0, Culture=neutral, PublicKeyToken=null" name="ExpiredAnnouncementIsNotValidTest" />
    </UnitTest>
    <UnitTest name="TemplateUrlTest" storage="c:\users\pc\documents\visual studio 2010\projects\bsn\bsn.testes\bin\debug\bsn.testes.dll" id="71d867b4-693e-970e-3cde-7db77311d000">
      <Execution id="aced5504-2a7a-43e4-9ffa-64cd50cbf855" />
      <TestMethod codeBase="C:/Users/PC/Documents/Visual Studio 2010/Projects/bsn/bsn.testes/bin/Debug/bsn.testes.DLL" adapterTypeName="Microsoft.VisualStudio.TestTools.TestTypes.Unit.UnitTestAdapter, Microsoft.VisualStudio.QualityTools.Tips.UnitTest.Adapter, Version=10.0.0.0, Culture=neutral, PublicKeyToken=b03f5f7f11d50a3a" className="bsn.testes.SiteClassificadoTest, bsn.testes, Version=1.0.0.0, Culture=neutral, PublicKeyToken=null" name="TemplateUrlTest" />
    </UnitTest>
    <UnitTest name="teste" storage="c:\users\pc\documents\visual studio 2010\projects\bsn\bsn.testes\bin\debug\bsn.testes.dll" id="552b1b97-0f72-2d2f-7a21-e916174348ec">
      <Execution id="1f05c170-38e3-4bd7-8d01-12830e9d8d03" />
      <TestMethod codeBase="C:/Users/PC/Documents/Visual Studio 2010/Projects/bsn/bsn.testes/bin/Debug/bsn.testes.DLL" adapterTypeName="Microsoft.VisualStudio.TestTools.TestTypes.Unit.UnitTestAdapter, Microsoft.VisualStudio.QualityTools.Tips.UnitTest.Adapter, Version=10.0.0.0, Culture=neutral, PublicKeyToken=b03f5f7f11d50a3a" className="bsn.testes.BuscadorTest, bsn.testes, Version=1.0.0.0, Culture=neutral, PublicKeyToken=null" name="teste" />
    </UnitTest>
    <UnitTest name="nextRealEstateTest" storage="c:\users\pc\documents\visual studio 2010\projects\bsn\bsn.testes\bin\debug\bsn.testes.dll" id="8624d0e0-435c-ae66-f21f-a38248e0bba4">
      <Execution id="d45a5ddf-dc88-4fce-8bd0-d73a10c18bad" />
      <TestMethod codeBase="C:/Users/PC/Documents/Visual Studio 2010/Projects/bsn/bsn.testes/bin/Debug/bsn.testes.DLL" adapterTypeName="Microsoft.VisualStudio.TestTools.TestTypes.Unit.UnitTestAdapter, Microsoft.VisualStudio.QualityTools.Tips.UnitTest.Adapter, Version=10.0.0.0, Culture=neutral, PublicKeyToken=b03f5f7f11d50a3a" className="bsn.testes.BuscadorTest, bsn.testes, Version=1.0.0.0, Culture=neutral, PublicKeyToken=null" name="nextRealEstateTest" />
    </UnitTest>
    <UnitTest name="testRetrievePageInvalidUrl" storage="c:\users\pc\documents\visual studio 2010\projects\bsn\bsn.testes\bin\debug\bsn.testes.dll" id="b1d85730-def1-51ba-584f-9cb39d895ef3">
      <Execution id="9d047ed1-9db1-4714-8e66-e959f62adb0f" />
      <TestMethod codeBase="C:/Users/PC/Documents/Visual Studio 2010/Projects/bsn/bsn.testes/bin/Debug/bsn.testes.DLL" adapterTypeName="Microsoft.VisualStudio.TestTools.TestTypes.Unit.UnitTestAdapter, Microsoft.VisualStudio.QualityTools.Tips.UnitTest.Adapter, Version=10.0.0.0, Culture=neutral, PublicKeyToken=b03f5f7f11d50a3a" className="bsn.testes.PaginaTest, bsn.testes, Version=1.0.0.0, Culture=neutral, PublicKeyToken=null" name="testRetrievePageInvalidUrl" />
    </UnitTest>
    <UnitTest name="LastValidPageRequestTest" storage="c:\users\pc\documents\visual studio 2010\projects\bsn\bsn.testes\bin\debug\bsn.testes.dll" id="5ac14d65-a48c-91f2-3358-ed9359375156">
      <Execution id="a5431707-ce6d-41d5-b494-ba88b7b67f0c" />
      <TestMethod codeBase="C:/Users/PC/Documents/Visual Studio 2010/Projects/bsn/bsn.testes/bin/Debug/bsn.testes.DLL" adapterTypeName="Microsoft.VisualStudio.TestTools.TestTypes.Unit.UnitTestAdapter, Microsoft.VisualStudio.QualityTools.Tips.UnitTest.Adapter, Version=10.0.0.0, Culture=neutral, PublicKeyToken=b03f5f7f11d50a3a" className="bsn.testes.SiteClassificadoTest, bsn.testes, Version=1.0.0.0, Culture=neutral, PublicKeyToken=null" name="LastValidPageRequestTest" />
    </UnitTest>
    <UnitTest name="GetContentTest" storage="c:\users\pc\documents\visual studio 2010\projects\bsn\bsn.testes\bin\debug\bsn.testes.dll" id="ba2a49ab-ae45-5b0f-55e5-ee743b7da6b8">
      <Execution id="02dce51a-65bb-4d6c-8d2f-2d63cfa73a3f" />
      <TestMethod codeBase="C:/Users/PC/Documents/Visual Studio 2010/Projects/bsn/bsn.testes/bin/Debug/bsn.testes.DLL" adapterTypeName="Microsoft.VisualStudio.TestTools.TestTypes.Unit.UnitTestAdapter, Microsoft.VisualStudio.QualityTools.Tips.UnitTest.Adapter, Version=10.0.0.0, Culture=neutral, PublicKeyToken=b03f5f7f11d50a3a" className="bsn.testes.PaginaTest, bsn.testes, Version=1.0.0.0, Culture=neutral, PublicKeyToken=null" name="GetContentTest" />
    </UnitTest>
    <UnitTest name="ExpiredAnnouncementSignatureTest" storage="c:\users\pc\documents\visual studio 2010\projects\bsn\bsn.testes\bin\debug\bsn.testes.dll" id="c40ab77e-57c1-6106-41df-08d33d527246">
      <Execution id="7c4baffe-fa1b-43ae-968d-f37f14580f14" />
      <TestMethod codeBase="C:/Users/PC/Documents/Visual Studio 2010/Projects/bsn/bsn.testes/bin/Debug/bsn.testes.DLL" adapterTypeName="Microsoft.VisualStudio.TestTools.TestTypes.Unit.UnitTestAdapter, Microsoft.VisualStudio.QualityTools.Tips.UnitTest.Adapter, Version=10.0.0.0, Culture=neutral, PublicKeyToken=b03f5f7f11d50a3a" className="bsn.testes.SiteClassificadoTest, bsn.testes, Version=1.0.0.0, Culture=neutral, PublicKeyToken=null" name="ExpiredAnnouncementSignatureTest" />
    </UnitTest>
    <UnitTest name="LinkTest" storage="c:\users\pc\documents\visual studio 2010\projects\bsn\bsn.testes\bin\debug\bsn.testes.dll" id="fb21a266-314e-0f4e-a168-8d6ac8b25057">
      <Execution id="a7ee56cf-798e-44e7-9e2f-9f87f085a736" />
      <TestMethod codeBase="C:/Users/PC/Documents/Visual Studio 2010/Projects/bsn/bsn.testes/bin/Debug/bsn.testes.DLL" adapterTypeName="Microsoft.VisualStudio.TestTools.TestTypes.Unit.UnitTestAdapter, Microsoft.VisualStudio.QualityTools.Tips.UnitTest.Adapter, Version=10.0.0.0, Culture=neutral, PublicKeyToken=b03f5f7f11d50a3a" className="bsn.testes.PaginaTest, bsn.testes, Version=1.0.0.0, Culture=neutral, PublicKeyToken=null" name="LinkTest" />
    </UnitTest>
    <UnitTest name="TestarFelizola_" storage="c:\users\pc\documents\visual studio 2010\projects\bsn\bsn.testes\bin\debug\bsn.testes.dll" id="f647950d-40ad-251e-e698-f4d95a4db016">
      <Execution id="3e43af45-143f-447d-8d53-cd2b4265d951" />
      <TestMethod codeBase="C:/Users/PC/Documents/Visual Studio 2010/Projects/bsn/bsn.testes/bin/Debug/bsn.testes.DLL" adapterTypeName="Microsoft.VisualStudio.TestTools.TestTypes.Unit.UnitTestAdapter, Microsoft.VisualStudio.QualityTools.Tips.UnitTest.Adapter, Version=10.0.0.0, Culture=neutral, PublicKeyToken=b03f5f7f11d50a3a" className="bsn.testes.bsn.testes.dados.SitesTest, bsn.testes, Version=1.0.0.0, Culture=neutral, PublicKeyToken=null" name="TestarFelizola_" />
    </UnitTest>
    <UnitTest name="IniciarTest" storage="c:\users\pc\documents\visual studio 2010\projects\bsn\bsn.testes\bin\debug\bsn.testes.dll" id="f38e60c2-ebf3-cc3a-4fa0-0cc3a670f21f">
      <Execution id="426a1d63-921e-4cdd-b4c9-b91f513a89df" />
      <TestMethod codeBase="C:/Users/PC/Documents/Visual Studio 2010/Projects/bsn/bsn.testes/bin/Debug/bsn.testes.DLL" adapterTypeName="Microsoft.VisualStudio.TestTools.TestTypes.Unit.UnitTestAdapter, Microsoft.VisualStudio.QualityTools.Tips.UnitTest.Adapter, Version=10.0.0.0, Culture=neutral, PublicKeyToken=b03f5f7f11d50a3a" className="bsn.testes.EngineTest, bsn.testes, Version=1.0.0.0, Culture=neutral, PublicKeyToken=null" name="IniciarTest" />
    </UnitTest>
    <UnitTest name="setPriceAndGetPriceTest" storage="c:\users\pc\documents\visual studio 2010\projects\bsn\bsn.testes\bin\debug\bsn.testes.dll" id="8807962d-0936-7ba0-3944-2762f3f44a96">
      <Execution id="7895f6e8-06e7-4984-9755-6b7c0fb7e288" />
      <TestMethod codeBase="C:/Users/PC/Documents/Visual Studio 2010/Projects/bsn/bsn.testes/bin/Debug/bsn.testes.DLL" adapterTypeName="Microsoft.VisualStudio.TestTools.TestTypes.Unit.UnitTestAdapter, Microsoft.VisualStudio.QualityTools.Tips.UnitTest.Adapter, Version=10.0.0.0, Culture=neutral, PublicKeyToken=b03f5f7f11d50a3a" className="bsn.testes.AnuncioTest, bsn.testes, Version=1.0.0.0, Culture=neutral, PublicKeyToken=null" name="setPriceAndGetPriceTest" />
    </UnitTest>
    <UnitTest name="isAnnouncementTest" storage="c:\users\pc\documents\visual studio 2010\projects\bsn\bsn.testes\bin\debug\bsn.testes.dll" id="c4ac07b3-6017-d4bf-5a58-0edee35de7c1">
      <Execution id="25eb6fcc-07e3-4120-ba90-a23e3d918511" />
      <TestMethod codeBase="C:/Users/PC/Documents/Visual Studio 2010/Projects/bsn/bsn.testes/bin/Debug/bsn.testes.DLL" adapterTypeName="Microsoft.VisualStudio.TestTools.TestTypes.Unit.UnitTestAdapter, Microsoft.VisualStudio.QualityTools.Tips.UnitTest.Adapter, Version=10.0.0.0, Culture=neutral, PublicKeyToken=b03f5f7f11d50a3a" className="bsn.testes.SiteClassificadoTest, bsn.testes, Version=1.0.0.0, Culture=neutral, PublicKeyToken=null" name="isAnnouncementTest" />
    </UnitTest>
    <UnitTest name="PaginaConstructorTest" storage="c:\users\pc\documents\visual studio 2010\projects\bsn\bsn.testes\bin\debug\bsn.testes.dll" id="83cd4b8d-4c02-62c0-beba-0952bfcb3bb1">
      <Execution id="b7ca08f1-58c6-4e2f-8ad6-46728b377568" />
      <TestMethod codeBase="C:/Users/PC/Documents/Visual Studio 2010/Projects/bsn/bsn.testes/bin/Debug/bsn.testes.DLL" adapterTypeName="Microsoft.VisualStudio.TestTools.TestTypes.Unit.UnitTestAdapter, Microsoft.VisualStudio.QualityTools.Tips.UnitTest.Adapter, Version=10.0.0.0, Culture=neutral, PublicKeyToken=b03f5f7f11d50a3a" className="bsn.testes.PaginaTest, bsn.testes, Version=1.0.0.0, Culture=neutral, PublicKeyToken=null" name="PaginaConstructorTest" />
    </UnitTest>
    <UnitTest name="GetSitePorNomeTest" storage="c:\users\pc\documents\visual studio 2010\projects\bsn\bsn.testes\bin\debug\bsn.testes.dll" id="fb5fa2a2-905c-9518-fc01-5d7f609ff7cb">
      <Execution id="6bc6e55f-8900-47e5-8ee2-6a21f109bc9f" />
      <TestMethod codeBase="C:/Users/PC/Documents/Visual Studio 2010/Projects/bsn/bsn.testes/bin/Debug/bsn.testes.DLL" adapterTypeName="Microsoft.VisualStudio.TestTools.TestTypes.Unit.UnitTestAdapter, Microsoft.VisualStudio.QualityTools.Tips.UnitTest.Adapter, Version=10.0.0.0, Culture=neutral, PublicKeyToken=b03f5f7f11d50a3a" className="bsn.testes.SiteClassificadoTest, bsn.testes, Version=1.0.0.0, Culture=neutral, PublicKeyToken=null" name="GetSitePorNomeTest" />
    </UnitTest>
    <UnitTest name="EngineConstructorTest" storage="c:\users\pc\documents\visual studio 2010\projects\bsn\bsn.testes\bin\debug\bsn.testes.dll" id="5fa21879-07c9-aec9-5188-805a3fb7e086">
      <Execution id="7cd98f29-7388-49fa-b077-8f675eab28f3" />
      <TestMethod codeBase="C:/Users/PC/Documents/Visual Studio 2010/Projects/bsn/bsn.testes/bin/Debug/bsn.testes.DLL" adapterTypeName="Microsoft.VisualStudio.TestTools.TestTypes.Unit.UnitTestAdapter, Microsoft.VisualStudio.QualityTools.Tips.UnitTest.Adapter, Version=10.0.0.0, Culture=neutral, PublicKeyToken=b03f5f7f11d50a3a" className="bsn.testes.EngineTest, bsn.testes, Version=1.0.0.0, Culture=neutral, PublicKeyToken=null" name="EngineConstructorTest" />
    </UnitTest>
    <UnitTest name="NomeTest" storage="c:\users\pc\documents\visual studio 2010\projects\bsn\bsn.testes\bin\debug\bsn.testes.dll" id="e86c7cd6-f690-befe-c5f2-70bf10a49f15">
      <Execution id="74290549-c980-48d0-8b5b-48544645def0" />
      <TestMethod codeBase="C:/Users/PC/Documents/Visual Studio 2010/Projects/bsn/bsn.testes/bin/Debug/bsn.testes.DLL" adapterTypeName="Microsoft.VisualStudio.TestTools.TestTypes.Unit.UnitTestAdapter, Microsoft.VisualStudio.QualityTools.Tips.UnitTest.Adapter, Version=10.0.0.0, Culture=neutral, PublicKeyToken=b03f5f7f11d50a3a" className="bsn.testes.SiteClassificadoTest, bsn.testes, Version=1.0.0.0, Culture=neutral, PublicKeyToken=null" name="NomeTest" />
    </UnitTest>
    <UnitTest name="setContactAndGetContactTest" storage="c:\users\pc\documents\visual studio 2010\projects\bsn\bsn.testes\bin\debug\bsn.testes.dll" id="4eb63158-fc83-45a8-aa0f-056ceacb33a8">
      <Execution id="8fe5e0ef-fbb5-4e99-aa0a-7b676f246d28" />
      <TestMethod codeBase="C:/Users/PC/Documents/Visual Studio 2010/Projects/bsn/bsn.testes/bin/Debug/bsn.testes.DLL" adapterTypeName="Microsoft.VisualStudio.TestTools.TestTypes.Unit.UnitTestAdapter, Microsoft.VisualStudio.QualityTools.Tips.UnitTest.Adapter, Version=10.0.0.0, Culture=neutral, PublicKeyToken=b03f5f7f11d50a3a" className="bsn.testes.AnuncioTest, bsn.testes, Version=1.0.0.0, Culture=neutral, PublicKeyToken=null" name="setContactAndGetContactTest" />
    </UnitTest>
    <UnitTest name="testNewWithNullContent" storage="c:\users\pc\documents\visual studio 2010\projects\bsn\bsn.testes\bin\debug\bsn.testes.dll" id="b789d7ab-6ba0-6f38-710d-5beb6f7ce5c3">
      <Execution id="46288c54-5305-4ea7-a6a7-fd2e16fca183" />
      <TestMethod codeBase="C:/Users/PC/Documents/Visual Studio 2010/Projects/bsn/bsn.testes/bin/Debug/bsn.testes.DLL" adapterTypeName="Microsoft.VisualStudio.TestTools.TestTypes.Unit.UnitTestAdapter, Microsoft.VisualStudio.QualityTools.Tips.UnitTest.Adapter, Version=10.0.0.0, Culture=neutral, PublicKeyToken=b03f5f7f11d50a3a" className="bsn.testes.PaginaTest, bsn.testes, Version=1.0.0.0, Culture=neutral, PublicKeyToken=null" name="testNewWithNullContent" />
    </UnitTest>
    <UnitTest name="setPhoneNumberAndGetPhoneNumberTest" storage="c:\users\pc\documents\visual studio 2010\projects\bsn\bsn.testes\bin\debug\bsn.testes.dll" id="cc8c5708-de93-a6b4-7f90-c5c4de51dfef">
      <Execution id="c0d06ed3-7899-4d15-929b-21498d7af2fd" />
      <TestMethod codeBase="C:/Users/PC/Documents/Visual Studio 2010/Projects/bsn/bsn.testes/bin/Debug/bsn.testes.DLL" adapterTypeName="Microsoft.VisualStudio.TestTools.TestTypes.Unit.UnitTestAdapter, Microsoft.VisualStudio.QualityTools.Tips.UnitTest.Adapter, Version=10.0.0.0, Culture=neutral, PublicKeyToken=b03f5f7f11d50a3a" className="bsn.testes.AnuncioTest, bsn.testes, Version=1.0.0.0, Culture=neutral, PublicKeyToken=null" name="setPhoneNumberAndGetPhoneNumberTest" />
    </UnitTest>
    <UnitTest name="testRetrievePage" storage="c:\users\pc\documents\visual studio 2010\projects\bsn\bsn.testes\bin\debug\bsn.testes.dll" id="b2f6292e-2f70-1d4d-c018-f254231951b9">
      <Execution id="4ff0a056-bf8b-4e44-9875-092fe61a9823" />
      <TestMethod codeBase="C:/Users/PC/Documents/Visual Studio 2010/Projects/bsn/bsn.testes/bin/Debug/bsn.testes.DLL" adapterTypeName="Microsoft.VisualStudio.TestTools.TestTypes.Unit.UnitTestAdapter, Microsoft.VisualStudio.QualityTools.Tips.UnitTest.Adapter, Version=10.0.0.0, Culture=neutral, PublicKeyToken=b03f5f7f11d50a3a" className="bsn.testes.PaginaTest, bsn.testes, Version=1.0.0.0, Culture=neutral, PublicKeyToken=null" name="testRetrievePage" />
    </UnitTest>
    <UnitTest name="RemovedAnnouncementSignatureTest" storage="c:\users\pc\documents\visual studio 2010\projects\bsn\bsn.testes\bin\debug\bsn.testes.dll" id="65b1a735-3de2-3a71-9b25-323bd23f557e">
      <Execution id="ca01eb26-fc30-4e51-9a91-d3f77ab6f4e1" />
      <TestMethod codeBase="C:/Users/PC/Documents/Visual Studio 2010/Projects/bsn/bsn.testes/bin/Debug/bsn.testes.DLL" adapterTypeName="Microsoft.VisualStudio.TestTools.TestTypes.Unit.UnitTestAdapter, Microsoft.VisualStudio.QualityTools.Tips.UnitTest.Adapter, Version=10.0.0.0, Culture=neutral, PublicKeyToken=b03f5f7f11d50a3a" className="bsn.testes.SiteClassificadoTest, bsn.testes, Version=1.0.0.0, Culture=neutral, PublicKeyToken=null" name="RemovedAnnouncementSignatureTest" />
    </UnitTest>
    <UnitTest name="PageNotFoundSignatureTest" storage="c:\users\pc\documents\visual studio 2010\projects\bsn\bsn.testes\bin\debug\bsn.testes.dll" id="16ef14d7-8913-5496-2d62-f31c876a55cf">
      <Execution id="65252fc5-94bb-4d59-8cc8-ccb3ffe0af35" />
      <TestMethod codeBase="C:/Users/PC/Documents/Visual Studio 2010/Projects/bsn/bsn.testes/bin/Debug/bsn.testes.DLL" adapterTypeName="Microsoft.VisualStudio.TestTools.TestTypes.Unit.UnitTestAdapter, Microsoft.VisualStudio.QualityTools.Tips.UnitTest.Adapter, Version=10.0.0.0, Culture=neutral, PublicKeyToken=b03f5f7f11d50a3a" className="bsn.testes.SiteClassificadoTest, bsn.testes, Version=1.0.0.0, Culture=neutral, PublicKeyToken=null" name="PageNotFoundSignatureTest" />
    </UnitTest>
    <UnitTest name="getAnnouncementURLTest" storage="c:\users\pc\documents\visual studio 2010\projects\bsn\bsn.testes\bin\debug\bsn.testes.dll" id="fda67e4d-76e8-c9d7-e71a-20f6a3b66518">
      <Execution id="c301510a-f9c2-4b89-9fc1-1e0b661d3dc8" />
      <TestMethod codeBase="C:/Users/PC/Documents/Visual Studio 2010/Projects/bsn/bsn.testes/bin/Debug/bsn.testes.DLL" adapterTypeName="Microsoft.VisualStudio.TestTools.TestTypes.Unit.UnitTestAdapter, Microsoft.VisualStudio.QualityTools.Tips.UnitTest.Adapter, Version=10.0.0.0, Culture=neutral, PublicKeyToken=b03f5f7f11d50a3a" className="bsn.testes.SiteClassificadoTest, bsn.testes, Version=1.0.0.0, Culture=neutral, PublicKeyToken=null" name="getAnnouncementURLTest" />
    </UnitTest>
    <UnitTest name="setNumberOfRoomsAndGetNumberOfRoomsTest" storage="c:\users\pc\documents\visual studio 2010\projects\bsn\bsn.testes\bin\debug\bsn.testes.dll" id="6c1df49d-cc6b-447c-540f-81457e14180d">
      <Execution id="86a7178f-d310-41c7-94c9-174ed0885db6" />
      <TestMethod codeBase="C:/Users/PC/Documents/Visual Studio 2010/Projects/bsn/bsn.testes/bin/Debug/bsn.testes.DLL" adapterTypeName="Microsoft.VisualStudio.TestTools.TestTypes.Unit.UnitTestAdapter, Microsoft.VisualStudio.QualityTools.Tips.UnitTest.Adapter, Version=10.0.0.0, Culture=neutral, PublicKeyToken=b03f5f7f11d50a3a" className="bsn.testes.AnuncioTest, bsn.testes, Version=1.0.0.0, Culture=neutral, PublicKeyToken=null" name="setNumberOfRoomsAndGetNumberOfRoomsTest" />
    </UnitTest>
    <UnitTest name="PararTest" storage="c:\users\pc\documents\visual studio 2010\projects\bsn\bsn.testes\bin\debug\bsn.testes.dll" id="dbee80ea-94db-3fdd-925d-c9340afcfd2b">
      <Execution id="9da9883a-7df1-4d2c-a704-36264c725c32" />
      <TestMethod codeBase="C:/Users/PC/Documents/Visual Studio 2010/Projects/bsn/bsn.testes/bin/Debug/bsn.testes.DLL" adapterTypeName="Microsoft.VisualStudio.TestTools.TestTypes.Unit.UnitTestAdapter, Microsoft.VisualStudio.QualityTools.Tips.UnitTest.Adapter, Version=10.0.0.0, Culture=neutral, PublicKeyToken=b03f5f7f11d50a3a" className="bsn.testes.EngineTest, bsn.testes, Version=1.0.0.0, Culture=neutral, PublicKeyToken=null" name="PararTest" />
    </UnitTest>
    <UnitTest name="setAreaAndGetAreaTest" storage="c:\users\pc\documents\visual studio 2010\projects\bsn\bsn.testes\bin\debug\bsn.testes.dll" id="ecd375f6-c741-c7c3-7e2d-ab021902b7d4">
      <Execution id="ebdbac64-e3ae-4dfd-80dd-5357d1fe891e" />
      <TestMethod codeBase="C:/Users/PC/Documents/Visual Studio 2010/Projects/bsn/bsn.testes/bin/Debug/bsn.testes.DLL" adapterTypeName="Microsoft.VisualStudio.TestTools.TestTypes.Unit.UnitTestAdapter, Microsoft.VisualStudio.QualityTools.Tips.UnitTest.Adapter, Version=10.0.0.0, Culture=neutral, PublicKeyToken=b03f5f7f11d50a3a" className="bsn.testes.AnuncioTest, bsn.testes, Version=1.0.0.0, Culture=neutral, PublicKeyToken=null" name="setAreaAndGetAreaTest" />
    </UnitTest>
  </TestDefinitions>
  <TestLists>
    <TestList name="Results Not in a List" id="8c84fa94-04c1-424b-9868-57a2d4851a1d" />
    <TestList name="All Loaded Results" id="19431567-8539-422a-85d7-44ee4e166bda" />
  </TestLists>
  <TestEntries>
    <TestEntry testId="02495e72-679a-012b-3ce3-de11ca9c2c09" executionId="23e2c464-9b58-4c2c-97c4-a2e6318a8271" testListId="8c84fa94-04c1-424b-9868-57a2d4851a1d" />
    <TestEntry testId="16ef14d7-8913-5496-2d62-f31c876a55cf" executionId="65252fc5-94bb-4d59-8cc8-ccb3ffe0af35" testListId="8c84fa94-04c1-424b-9868-57a2d4851a1d" />
    <TestEntry testId="2a3693e1-d1d4-1361-bf39-bcd62f65504c" executionId="e939d129-8029-408f-94aa-027769af78fa" testListId="8c84fa94-04c1-424b-9868-57a2d4851a1d" />
    <TestEntry testId="3c4c0693-eeb3-3493-7983-fc3dd9aa2513" executionId="26ad2cfb-b9c2-45e8-985b-fef297eaddc3" testListId="8c84fa94-04c1-424b-9868-57a2d4851a1d" />
    <TestEntry testId="48cfa31e-c995-f8bd-a145-f4c486ec352d" executionId="e1029933-41d9-437a-9272-e153ca3d7d73" testListId="8c84fa94-04c1-424b-9868-57a2d4851a1d" />
    <TestEntry testId="4eb63158-fc83-45a8-aa0f-056ceacb33a8" executionId="8fe5e0ef-fbb5-4e99-aa0a-7b676f246d28" testListId="8c84fa94-04c1-424b-9868-57a2d4851a1d" />
    <TestEntry testId="5368c8eb-5bb5-a8cb-2dc3-1cb85f98ee4b" executionId="a60c44bd-8ee2-424e-b148-064f12b38eb9" testListId="8c84fa94-04c1-424b-9868-57a2d4851a1d" />
    <TestEntry testId="552b1b97-0f72-2d2f-7a21-e916174348ec" executionId="1f05c170-38e3-4bd7-8d01-12830e9d8d03" testListId="8c84fa94-04c1-424b-9868-57a2d4851a1d" />
    <TestEntry testId="5563289a-8135-277f-2a7f-feefb03b5eb5" executionId="f88a40b9-d092-4207-98e5-4f2f8f9f23ef" testListId="8c84fa94-04c1-424b-9868-57a2d4851a1d" />
    <TestEntry testId="5ac14d65-a48c-91f2-3358-ed9359375156" executionId="a5431707-ce6d-41d5-b494-ba88b7b67f0c" testListId="8c84fa94-04c1-424b-9868-57a2d4851a1d" />
    <TestEntry testId="5fa21879-07c9-aec9-5188-805a3fb7e086" executionId="7cd98f29-7388-49fa-b077-8f675eab28f3" testListId="8c84fa94-04c1-424b-9868-57a2d4851a1d" />
    <TestEntry testId="65b1a735-3de2-3a71-9b25-323bd23f557e" executionId="ca01eb26-fc30-4e51-9a91-d3f77ab6f4e1" testListId="8c84fa94-04c1-424b-9868-57a2d4851a1d" />
    <TestEntry testId="6a6976cc-2b3f-5994-b391-27013bcc262a" executionId="ceade3ae-2c42-4652-ae63-ba1212e2b42e" testListId="8c84fa94-04c1-424b-9868-57a2d4851a1d" />
    <TestEntry testId="6c1df49d-cc6b-447c-540f-81457e14180d" executionId="86a7178f-d310-41c7-94c9-174ed0885db6" testListId="8c84fa94-04c1-424b-9868-57a2d4851a1d" />
    <TestEntry testId="71d867b4-693e-970e-3cde-7db77311d000" executionId="aced5504-2a7a-43e4-9ffa-64cd50cbf855" testListId="8c84fa94-04c1-424b-9868-57a2d4851a1d" />
    <TestEntry testId="7df6e744-46e2-f346-3513-53e0d3dd5f7d" executionId="d257ed83-ad85-4a5c-af8a-028d42921403" testListId="8c84fa94-04c1-424b-9868-57a2d4851a1d" />
    <TestEntry testId="83cd4b8d-4c02-62c0-beba-0952bfcb3bb1" executionId="b7ca08f1-58c6-4e2f-8ad6-46728b377568" testListId="8c84fa94-04c1-424b-9868-57a2d4851a1d" />
    <TestEntry testId="8624d0e0-435c-ae66-f21f-a38248e0bba4" executionId="d45a5ddf-dc88-4fce-8bd0-d73a10c18bad" testListId="8c84fa94-04c1-424b-9868-57a2d4851a1d" />
    <TestEntry testId="8807962d-0936-7ba0-3944-2762f3f44a96" executionId="7895f6e8-06e7-4984-9755-6b7c0fb7e288" testListId="8c84fa94-04c1-424b-9868-57a2d4851a1d" />
    <TestEntry testId="977d10a7-25f3-505d-59bf-208d54a8dbb6" executionId="913958f8-a899-4cae-b235-c5bf1af4e340" testListId="8c84fa94-04c1-424b-9868-57a2d4851a1d" />
    <TestEntry testId="b1d85730-def1-51ba-584f-9cb39d895ef3" executionId="9d047ed1-9db1-4714-8e66-e959f62adb0f" testListId="8c84fa94-04c1-424b-9868-57a2d4851a1d" />
    <TestEntry testId="b2f6292e-2f70-1d4d-c018-f254231951b9" executionId="4ff0a056-bf8b-4e44-9875-092fe61a9823" testListId="8c84fa94-04c1-424b-9868-57a2d4851a1d" />
    <TestEntry testId="b789d7ab-6ba0-6f38-710d-5beb6f7ce5c3" executionId="46288c54-5305-4ea7-a6a7-fd2e16fca183" testListId="8c84fa94-04c1-424b-9868-57a2d4851a1d" />
    <TestEntry testId="b8133cef-caec-432d-c60c-f792c1356424" executionId="ad7f9056-02fd-465e-af62-be27d0f1be5f" testListId="8c84fa94-04c1-424b-9868-57a2d4851a1d" />
    <TestEntry testId="ba2a49ab-ae45-5b0f-55e5-ee743b7da6b8" executionId="02dce51a-65bb-4d6c-8d2f-2d63cfa73a3f" testListId="8c84fa94-04c1-424b-9868-57a2d4851a1d" />
    <TestEntry testId="c40ab77e-57c1-6106-41df-08d33d527246" executionId="7c4baffe-fa1b-43ae-968d-f37f14580f14" testListId="8c84fa94-04c1-424b-9868-57a2d4851a1d" />
    <TestEntry testId="c4ac07b3-6017-d4bf-5a58-0edee35de7c1" executionId="25eb6fcc-07e3-4120-ba90-a23e3d918511" testListId="8c84fa94-04c1-424b-9868-57a2d4851a1d" />
    <TestEntry testId="cc8c5708-de93-a6b4-7f90-c5c4de51dfef" executionId="c0d06ed3-7899-4d15-929b-21498d7af2fd" testListId="8c84fa94-04c1-424b-9868-57a2d4851a1d" />
    <TestEntry testId="cfacbd58-3e0f-3567-d1af-c72f7e1c24e0" executionId="ff12e725-fa53-4c64-833a-0df93c2fd608" testListId="8c84fa94-04c1-424b-9868-57a2d4851a1d" />
    <TestEntry testId="d1d185b5-ba98-cf38-0f1e-482f3390343e" executionId="2eaa54df-2b3b-4e98-8c6b-9a263e15799e" testListId="8c84fa94-04c1-424b-9868-57a2d4851a1d" />
    <TestEntry testId="dbee80ea-94db-3fdd-925d-c9340afcfd2b" executionId="9da9883a-7df1-4d2c-a704-36264c725c32" testListId="8c84fa94-04c1-424b-9868-57a2d4851a1d" />
    <TestEntry testId="e86c7cd6-f690-befe-c5f2-70bf10a49f15" executionId="74290549-c980-48d0-8b5b-48544645def0" testListId="8c84fa94-04c1-424b-9868-57a2d4851a1d" />
    <TestEntry testId="ecd375f6-c741-c7c3-7e2d-ab021902b7d4" executionId="ebdbac64-e3ae-4dfd-80dd-5357d1fe891e" testListId="8c84fa94-04c1-424b-9868-57a2d4851a1d" />
    <TestEntry testId="f1863733-713b-3d74-c344-4595b3c5d0ea" executionId="b6501d9d-09f2-4a3b-b754-23c1c2940797" testListId="8c84fa94-04c1-424b-9868-57a2d4851a1d" />
    <TestEntry testId="f38e60c2-ebf3-cc3a-4fa0-0cc3a670f21f" executionId="426a1d63-921e-4cdd-b4c9-b91f513a89df" testListId="8c84fa94-04c1-424b-9868-57a2d4851a1d" />
    <TestEntry testId="f647950d-40ad-251e-e698-f4d95a4db016" executionId="3e43af45-143f-447d-8d53-cd2b4265d951" testListId="8c84fa94-04c1-424b-9868-57a2d4851a1d" />
    <TestEntry testId="fa334ddd-d82c-9fb0-d8b7-fd0aa767efda" executionId="d7bbf9f3-bceb-4154-8bcd-feaf8f73965a" testListId="8c84fa94-04c1-424b-9868-57a2d4851a1d" />
    <TestEntry testId="fb21a266-314e-0f4e-a168-8d6ac8b25057" executionId="a7ee56cf-798e-44e7-9e2f-9f87f085a736" testListId="8c84fa94-04c1-424b-9868-57a2d4851a1d" />
    <TestEntry testId="fb5fa2a2-905c-9518-fc01-5d7f609ff7cb" executionId="6bc6e55f-8900-47e5-8ee2-6a21f109bc9f" testListId="8c84fa94-04c1-424b-9868-57a2d4851a1d" />
    <TestEntry testId="fc23e177-694b-ee89-05ed-f7a945d80a04" executionId="b7accb02-ea6f-4263-a556-f4384ee94d2f" testListId="8c84fa94-04c1-424b-9868-57a2d4851a1d" />
    <TestEntry testId="fda67e4d-76e8-c9d7-e71a-20f6a3b66518" executionId="c301510a-f9c2-4b89-9fc1-1e0b661d3dc8" testListId="8c84fa94-04c1-424b-9868-57a2d4851a1d" />
  </TestEntries>
  <Results>
    <UnitTestResult executionId="23e2c464-9b58-4c2c-97c4-a2e6318a8271" testId="02495e72-679a-012b-3ce3-de11ca9c2c09" testName="ExpiredAnnouncementIsNotValidTest" computerName="PC-PC" duration="00:00:26.6335027" startTime="2012-07-01T20:50:13.7571465-03:00" endTime="2012-07-01T20:50:41.0977102-03:00" testType="13cdc9d9-ddb5-4fa4-a97d-d965ccfc6d4b" outcome="Failed" testListId="8c84fa94-04c1-424b-9868-57a2d4851a1d" relativeResultsDirectory="23e2c464-9b58-4c2c-97c4-a2e6318a8271">
      <Output>
        <ErrorInfo>
          <Message>Assert.IsFalse failed. </Message>
          <StackTrace>   at bsn.testes.SiteClassificadoTest.ExpiredAnnouncementIsNotValidTest() in C:\Users\PC\Documents\Visual Studio 2010\Projects\bsn\bsn.testes\SiteClassificadoTest.cs:line 37
</StackTrace>
        </ErrorInfo>
      </Output>
    </UnitTestResult>
    <UnitTestResult executionId="65252fc5-94bb-4d59-8cc8-ccb3ffe0af35" testId="16ef14d7-8913-5496-2d62-f31c876a55cf" testName="PageNotFoundSignatureTest" computerName="PC-PC" duration="00:00:02.2432136" startTime="2012-07-01T20:50:41.1117110-03:00" endTime="2012-07-01T20:50:43.3658400-03:00" testType="13cdc9d9-ddb5-4fa4-a97d-d965ccfc6d4b" outcome="Inconclusive" testListId="8c84fa94-04c1-424b-9868-57a2d4851a1d" relativeResultsDirectory="65252fc5-94bb-4d59-8cc8-ccb3ffe0af35">
      <Output>
        <ErrorInfo>
          <Message>Assert.Inconclusive failed. Verify the correctness of this test method.</Message>
          <StackTrace>   at bsn.testes.SiteClassificadoTest.PageNotFoundSignatureTest() in C:\Users\PC\Documents\Visual Studio 2010\Projects\bsn\bsn.testes\SiteClassificadoTest.cs:line 260
</StackTrace>
        </ErrorInfo>
      </Output>
    </UnitTestResult>
    <UnitTestResult executionId="e939d129-8029-408f-94aa-027769af78fa" testId="2a3693e1-d1d4-1361-bf39-bcd62f65504c" testName="GetSiteInfonetMongoInfonet" computerName="PC-PC" duration="00:00:00.0015488" startTime="2012-07-01T20:50:43.3768406-03:00" endTime="2012-07-01T20:50:43.3878412-03:00" testType="13cdc9d9-ddb5-4fa4-a97d-d965ccfc6d4b" outcome="Passed" testListId="8c84fa94-04c1-424b-9868-57a2d4851a1d" relativeResultsDirectory="e939d129-8029-408f-94aa-027769af78fa">
    </UnitTestResult>
    <UnitTestResult executionId="26ad2cfb-b9c2-45e8-985b-fef297eaddc3" testId="3c4c0693-eeb3-3493-7983-fc3dd9aa2513" testName="ActiveAnnoucementIsValidTest" computerName="PC-PC" duration="00:00:04.3522489" startTime="2012-07-01T20:50:43.3988419-03:00" endTime="2012-07-01T20:50:47.7510908-03:00" testType="13cdc9d9-ddb5-4fa4-a97d-d965ccfc6d4b" outcome="Aborted" testListId="8c84fa94-04c1-424b-9868-57a2d4851a1d" relativeResultsDirectory="26ad2cfb-b9c2-45e8-985b-fef297eaddc3">
    </UnitTestResult>
    <UnitTestResult executionId="e1029933-41d9-437a-9272-e153ca3d7d73" testId="48cfa31e-c995-f8bd-a145-f4c486ec352d" testName="retrieveTest" computerName="PC-PC" testType="13cdc9d9-ddb5-4fa4-a97d-d965ccfc6d4b" outcome="NotExecuted" testListId="8c84fa94-04c1-424b-9868-57a2d4851a1d" relativeResultsDirectory="e1029933-41d9-437a-9272-e153ca3d7d73">
    </UnitTestResult>
    <UnitTestResult executionId="8fe5e0ef-fbb5-4e99-aa0a-7b676f246d28" testId="4eb63158-fc83-45a8-aa0f-056ceacb33a8" testName="setContactAndGetContactTest" computerName="PC-PC" testType="13cdc9d9-ddb5-4fa4-a97d-d965ccfc6d4b" outcome="NotExecuted" testListId="8c84fa94-04c1-424b-9868-57a2d4851a1d" relativeResultsDirectory="8fe5e0ef-fbb5-4e99-aa0a-7b676f246d28">
    </UnitTestResult>
    <UnitTestResult executionId="a60c44bd-8ee2-424e-b148-064f12b38eb9" testId="5368c8eb-5bb5-a8cb-2dc3-1cb85f98ee4b" testName="isPageNotFoundTest" computerName="PC-PC" testType="13cdc9d9-ddb5-4fa4-a97d-d965ccfc6d4b" outcome="NotExecuted" testListId="8c84fa94-04c1-424b-9868-57a2d4851a1d" relativeResultsDirectory="a60c44bd-8ee2-424e-b148-064f12b38eb9">
    </UnitTestResult>
    <UnitTestResult executionId="1f05c170-38e3-4bd7-8d01-12830e9d8d03" testId="552b1b97-0f72-2d2f-7a21-e916174348ec" testName="teste" computerName="PC-PC" testType="13cdc9d9-ddb5-4fa4-a97d-d965ccfc6d4b" outcome="NotExecuted" testListId="8c84fa94-04c1-424b-9868-57a2d4851a1d" relativeResultsDirectory="1f05c170-38e3-4bd7-8d01-12830e9d8d03">
    </UnitTestResult>
    <UnitTestResult executionId="f88a40b9-d092-4207-98e5-4f2f8f9f23ef" testId="5563289a-8135-277f-2a7f-feefb03b5eb5" testName="isValidPageTest" computerName="PC-PC" testType="13cdc9d9-ddb5-4fa4-a97d-d965ccfc6d4b" outcome="NotExecuted" testListId="8c84fa94-04c1-424b-9868-57a2d4851a1d" relativeResultsDirectory="f88a40b9-d092-4207-98e5-4f2f8f9f23ef">
    </UnitTestResult>
    <UnitTestResult executionId="a5431707-ce6d-41d5-b494-ba88b7b67f0c" testId="5ac14d65-a48c-91f2-3358-ed9359375156" testName="LastValidPageRequestTest" computerName="PC-PC" testType="13cdc9d9-ddb5-4fa4-a97d-d965ccfc6d4b" outcome="NotExecuted" testListId="8c84fa94-04c1-424b-9868-57a2d4851a1d" relativeResultsDirectory="a5431707-ce6d-41d5-b494-ba88b7b67f0c">
    </UnitTestResult>
    <UnitTestResult executionId="7cd98f29-7388-49fa-b077-8f675eab28f3" testId="5fa21879-07c9-aec9-5188-805a3fb7e086" testName="EngineConstructorTest" computerName="PC-PC" testType="13cdc9d9-ddb5-4fa4-a97d-d965ccfc6d4b" outcome="NotExecuted" testListId="8c84fa94-04c1-424b-9868-57a2d4851a1d" relativeResultsDirectory="7cd98f29-7388-49fa-b077-8f675eab28f3">
    </UnitTestResult>
    <UnitTestResult executionId="ca01eb26-fc30-4e51-9a91-d3f77ab6f4e1" testId="65b1a735-3de2-3a71-9b25-323bd23f557e" testName="RemovedAnnouncementSignatureTest" computerName="PC-PC" testType="13cdc9d9-ddb5-4fa4-a97d-d965ccfc6d4b" outcome="NotExecuted" testListId="8c84fa94-04c1-424b-9868-57a2d4851a1d" relativeResultsDirectory="ca01eb26-fc30-4e51-9a91-d3f77ab6f4e1">
    </UnitTestResult>
    <UnitTestResult executionId="ceade3ae-2c42-4652-ae63-ba1212e2b42e" testId="6a6976cc-2b3f-5994-b391-27013bcc262a" testName="RegexPrecoTest" computerName="PC-PC" testType="13cdc9d9-ddb5-4fa4-a97d-d965ccfc6d4b" outcome="NotExecuted" testListId="8c84fa94-04c1-424b-9868-57a2d4851a1d" relativeResultsDirectory="ceade3ae-2c42-4652-ae63-ba1212e2b42e">
    </UnitTestResult>
    <UnitTestResult executionId="86a7178f-d310-41c7-94c9-174ed0885db6" testId="6c1df49d-cc6b-447c-540f-81457e14180d" testName="setNumberOfRoomsAndGetNumberOfRoomsTest" computerName="PC-PC" testType="13cdc9d9-ddb5-4fa4-a97d-d965ccfc6d4b" outcome="NotExecuted" testListId="8c84fa94-04c1-424b-9868-57a2d4851a1d" relativeResultsDirectory="86a7178f-d310-41c7-94c9-174ed0885db6">
    </UnitTestResult>
    <UnitTestResult executionId="aced5504-2a7a-43e4-9ffa-64cd50cbf855" testId="71d867b4-693e-970e-3cde-7db77311d000" testName="TemplateUrlTest" computerName="PC-PC" testType="13cdc9d9-ddb5-4fa4-a97d-d965ccfc6d4b" outcome="NotExecuted" testListId="8c84fa94-04c1-424b-9868-57a2d4851a1d" relativeResultsDirectory="aced5504-2a7a-43e4-9ffa-64cd50cbf855">
    </UnitTestResult>
    <UnitTestResult executionId="d257ed83-ad85-4a5c-af8a-028d42921403" testId="7df6e744-46e2-f346-3513-53e0d3dd5f7d" testName="getTextsInIgnoredPagesTest" computerName="PC-PC" testType="13cdc9d9-ddb5-4fa4-a97d-d965ccfc6d4b" outcome="NotExecuted" testListId="8c84fa94-04c1-424b-9868-57a2d4851a1d" relativeResultsDirectory="d257ed83-ad85-4a5c-af8a-028d42921403">
    </UnitTestResult>
    <UnitTestResult executionId="b7ca08f1-58c6-4e2f-8ad6-46728b377568" testId="83cd4b8d-4c02-62c0-beba-0952bfcb3bb1" testName="PaginaConstructorTest" computerName="PC-PC" testType="13cdc9d9-ddb5-4fa4-a97d-d965ccfc6d4b" outcome="NotExecuted" testListId="8c84fa94-04c1-424b-9868-57a2d4851a1d" relativeResultsDirectory="b7ca08f1-58c6-4e2f-8ad6-46728b377568">
    </UnitTestResult>
    <UnitTestResult executionId="d45a5ddf-dc88-4fce-8bd0-d73a10c18bad" testId="8624d0e0-435c-ae66-f21f-a38248e0bba4" testName="nextRealEstateTest" computerName="PC-PC" testType="13cdc9d9-ddb5-4fa4-a97d-d965ccfc6d4b" outcome="NotExecuted" testListId="8c84fa94-04c1-424b-9868-57a2d4851a1d" relativeResultsDirectory="d45a5ddf-dc88-4fce-8bd0-d73a10c18bad">
    </UnitTestResult>
    <UnitTestResult executionId="7895f6e8-06e7-4984-9755-6b7c0fb7e288" testId="8807962d-0936-7ba0-3944-2762f3f44a96" testName="setPriceAndGetPriceTest" computerName="PC-PC" testType="13cdc9d9-ddb5-4fa4-a97d-d965ccfc6d4b" outcome="NotExecuted" testListId="8c84fa94-04c1-424b-9868-57a2d4851a1d" relativeResultsDirectory="7895f6e8-06e7-4984-9755-6b7c0fb7e288">
    </UnitTestResult>
    <UnitTestResult executionId="913958f8-a899-4cae-b235-c5bf1af4e340" testId="977d10a7-25f3-505d-59bf-208d54a8dbb6" testName="SiteClassificadoConstructorTest" computerName="PC-PC" testType="13cdc9d9-ddb5-4fa4-a97d-d965ccfc6d4b" outcome="NotExecuted" testListId="8c84fa94-04c1-424b-9868-57a2d4851a1d" relativeResultsDirectory="913958f8-a899-4cae-b235-c5bf1af4e340">
    </UnitTestResult>
    <UnitTestResult executionId="9d047ed1-9db1-4714-8e66-e959f62adb0f" testId="b1d85730-def1-51ba-584f-9cb39d895ef3" testName="testRetrievePageInvalidUrl" computerName="PC-PC" testType="13cdc9d9-ddb5-4fa4-a97d-d965ccfc6d4b" outcome="NotExecuted" testListId="8c84fa94-04c1-424b-9868-57a2d4851a1d" relativeResultsDirectory="9d047ed1-9db1-4714-8e66-e959f62adb0f">
    </UnitTestResult>
    <UnitTestResult executionId="4ff0a056-bf8b-4e44-9875-092fe61a9823" testId="b2f6292e-2f70-1d4d-c018-f254231951b9" testName="testRetrievePage" computerName="PC-PC" testType="13cdc9d9-ddb5-4fa4-a97d-d965ccfc6d4b" outcome="NotExecuted" testListId="8c84fa94-04c1-424b-9868-57a2d4851a1d" relativeResultsDirectory="4ff0a056-bf8b-4e44-9875-092fe61a9823">
    </UnitTestResult>
    <UnitTestResult executionId="46288c54-5305-4ea7-a6a7-fd2e16fca183" testId="b789d7ab-6ba0-6f38-710d-5beb6f7ce5c3" testName="testNewWithNullContent" computerName="PC-PC" testType="13cdc9d9-ddb5-4fa4-a97d-d965ccfc6d4b" outcome="NotExecuted" testListId="8c84fa94-04c1-424b-9868-57a2d4851a1d" relativeResultsDirectory="46288c54-5305-4ea7-a6a7-fd2e16fca183">
    </UnitTestResult>
    <UnitTestResult executionId="ad7f9056-02fd-465e-af62-be27d0f1be5f" testId="b8133cef-caec-432d-c60c-f792c1356424" testName="RegexBairroTest" computerName="PC-PC" testType="13cdc9d9-ddb5-4fa4-a97d-d965ccfc6d4b" outcome="NotExecuted" testListId="8c84fa94-04c1-424b-9868-57a2d4851a1d" relativeResultsDirectory="ad7f9056-02fd-465e-af62-be27d0f1be5f">
    </UnitTestResult>
    <UnitTestResult executionId="02dce51a-65bb-4d6c-8d2f-2d63cfa73a3f" testId="ba2a49ab-ae45-5b0f-55e5-ee743b7da6b8" testName="GetContentTest" computerName="PC-PC" testType="13cdc9d9-ddb5-4fa4-a97d-d965ccfc6d4b" outcome="NotExecuted" testListId="8c84fa94-04c1-424b-9868-57a2d4851a1d" relativeResultsDirectory="02dce51a-65bb-4d6c-8d2f-2d63cfa73a3f">
    </UnitTestResult>
    <UnitTestResult executionId="7c4baffe-fa1b-43ae-968d-f37f14580f14" testId="c40ab77e-57c1-6106-41df-08d33d527246" testName="ExpiredAnnouncementSignatureTest" computerName="PC-PC" testType="13cdc9d9-ddb5-4fa4-a97d-d965ccfc6d4b" outcome="NotExecuted" testListId="8c84fa94-04c1-424b-9868-57a2d4851a1d" relativeResultsDirectory="7c4baffe-fa1b-43ae-968d-f37f14580f14">
    </UnitTestResult>
    <UnitTestResult executionId="25eb6fcc-07e3-4120-ba90-a23e3d918511" testId="c4ac07b3-6017-d4bf-5a58-0edee35de7c1" testName="isAnnouncementTest" computerName="PC-PC" testType="13cdc9d9-ddb5-4fa4-a97d-d965ccfc6d4b" outcome="NotExecuted" testListId="8c84fa94-04c1-424b-9868-57a2d4851a1d" relativeResultsDirectory="25eb6fcc-07e3-4120-ba90-a23e3d918511">
    </UnitTestResult>
    <UnitTestResult executionId="c0d06ed3-7899-4d15-929b-21498d7af2fd" testId="cc8c5708-de93-a6b4-7f90-c5c4de51dfef" testName="setPhoneNumberAndGetPhoneNumberTest" computerName="PC-PC" testType="13cdc9d9-ddb5-4fa4-a97d-d965ccfc6d4b" outcome="NotExecuted" testListId="8c84fa94-04c1-424b-9868-57a2d4851a1d" relativeResultsDirectory="c0d06ed3-7899-4d15-929b-21498d7af2fd">
    </UnitTestResult>
    <UnitTestResult executionId="ff12e725-fa53-4c64-833a-0df93c2fd608" testId="cfacbd58-3e0f-3567-d1af-c72f7e1c24e0" testName="setTemplateUrlTest" computerName="PC-PC" testType="13cdc9d9-ddb5-4fa4-a97d-d965ccfc6d4b" outcome="NotExecuted" testListId="8c84fa94-04c1-424b-9868-57a2d4851a1d" relativeResultsDirectory="ff12e725-fa53-4c64-833a-0df93c2fd608">
    </UnitTestResult>
    <UnitTestResult executionId="2eaa54df-2b3b-4e98-8c6b-9a263e15799e" testId="d1d185b5-ba98-cf38-0f1e-482f3390343e" testName="numberOfPagesNotFoundEqualsZero" computerName="PC-PC" testType="13cdc9d9-ddb5-4fa4-a97d-d965ccfc6d4b" outcome="NotExecuted" testListId="8c84fa94-04c1-424b-9868-57a2d4851a1d" relativeResultsDirectory="2eaa54df-2b3b-4e98-8c6b-9a263e15799e">
    </UnitTestResult>
    <UnitTestResult executionId="9da9883a-7df1-4d2c-a704-36264c725c32" testId="dbee80ea-94db-3fdd-925d-c9340afcfd2b" testName="PararTest" computerName="PC-PC" testType="13cdc9d9-ddb5-4fa4-a97d-d965ccfc6d4b" outcome="NotExecuted" testListId="8c84fa94-04c1-424b-9868-57a2d4851a1d" relativeResultsDirectory="9da9883a-7df1-4d2c-a704-36264c725c32">
    </UnitTestResult>
    <UnitTestResult executionId="74290549-c980-48d0-8b5b-48544645def0" testId="e86c7cd6-f690-befe-c5f2-70bf10a49f15" testName="NomeTest" computerName="PC-PC" testType="13cdc9d9-ddb5-4fa4-a97d-d965ccfc6d4b" outcome="NotExecuted" testListId="8c84fa94-04c1-424b-9868-57a2d4851a1d" relativeResultsDirectory="74290549-c980-48d0-8b5b-48544645def0">
    </UnitTestResult>
    <UnitTestResult executionId="ebdbac64-e3ae-4dfd-80dd-5357d1fe891e" testId="ecd375f6-c741-c7c3-7e2d-ab021902b7d4" testName="setAreaAndGetAreaTest" computerName="PC-PC" testType="13cdc9d9-ddb5-4fa4-a97d-d965ccfc6d4b" outcome="NotExecuted" testListId="8c84fa94-04c1-424b-9868-57a2d4851a1d" relativeResultsDirectory="ebdbac64-e3ae-4dfd-80dd-5357d1fe891e">
    </UnitTestResult>
    <UnitTestResult executionId="b6501d9d-09f2-4a3b-b754-23c1c2940797" testId="f1863733-713b-3d74-c344-4595b3c5d0ea" testName="AnnoucementeSignatureTest" computerName="PC-PC" testType="13cdc9d9-ddb5-4fa4-a97d-d965ccfc6d4b" outcome="NotExecuted" testListId="8c84fa94-04c1-424b-9868-57a2d4851a1d" relativeResultsDirectory="b6501d9d-09f2-4a3b-b754-23c1c2940797">
    </UnitTestResult>
    <UnitTestResult executionId="426a1d63-921e-4cdd-b4c9-b91f513a89df" testId="f38e60c2-ebf3-cc3a-4fa0-0cc3a670f21f" testName="IniciarTest" computerName="PC-PC" testType="13cdc9d9-ddb5-4fa4-a97d-d965ccfc6d4b" outcome="NotExecuted" testListId="8c84fa94-04c1-424b-9868-57a2d4851a1d" relativeResultsDirectory="426a1d63-921e-4cdd-b4c9-b91f513a89df">
    </UnitTestResult>
    <UnitTestResult executionId="3e43af45-143f-447d-8d53-cd2b4265d951" testId="f647950d-40ad-251e-e698-f4d95a4db016" testName="TestarFelizola_" computerName="PC-PC" testType="13cdc9d9-ddb5-4fa4-a97d-d965ccfc6d4b" outcome="NotExecuted" testListId="8c84fa94-04c1-424b-9868-57a2d4851a1d" relativeResultsDirectory="3e43af45-143f-447d-8d53-cd2b4265d951">
    </UnitTestResult>
    <UnitTestResult executionId="d7bbf9f3-bceb-4154-8bcd-feaf8f73965a" testId="fa334ddd-d82c-9fb0-d8b7-fd0aa767efda" testName="IdTest" computerName="PC-PC" testType="13cdc9d9-ddb5-4fa4-a97d-d965ccfc6d4b" outcome="NotExecuted" testListId="8c84fa94-04c1-424b-9868-57a2d4851a1d" relativeResultsDirectory="d7bbf9f3-bceb-4154-8bcd-feaf8f73965a">
    </UnitTestResult>
    <UnitTestResult executionId="a7ee56cf-798e-44e7-9e2f-9f87f085a736" testId="fb21a266-314e-0f4e-a168-8d6ac8b25057" testName="LinkTest" computerName="PC-PC" testType="13cdc9d9-ddb5-4fa4-a97d-d965ccfc6d4b" outcome="NotExecuted" testListId="8c84fa94-04c1-424b-9868-57a2d4851a1d" relativeResultsDirectory="a7ee56cf-798e-44e7-9e2f-9f87f085a736">
    </UnitTestResult>
    <UnitTestResult executionId="6bc6e55f-8900-47e5-8ee2-6a21f109bc9f" testId="fb5fa2a2-905c-9518-fc01-5d7f609ff7cb" testName="GetSitePorNomeTest" computerName="PC-PC" testType="13cdc9d9-ddb5-4fa4-a97d-d965ccfc6d4b" outcome="NotExecuted" testListId="8c84fa94-04c1-424b-9868-57a2d4851a1d" relativeResultsDirectory="6bc6e55f-8900-47e5-8ee2-6a21f109bc9f">
    </UnitTestResult>
    <UnitTestResult executionId="b7accb02-ea6f-4263-a556-f4384ee94d2f" testId="fc23e177-694b-ee89-05ed-f7a945d80a04" testName="ActiveAnnoucementIsAnnoucementTest" computerName="PC-PC" testType="13cdc9d9-ddb5-4fa4-a97d-d965ccfc6d4b" outcome="NotExecuted" testListId="8c84fa94-04c1-424b-9868-57a2d4851a1d" relativeResultsDirectory="b7accb02-ea6f-4263-a556-f4384ee94d2f">
    </UnitTestResult>
    <UnitTestResult executionId="c301510a-f9c2-4b89-9fc1-1e0b661d3dc8" testId="fda67e4d-76e8-c9d7-e71a-20f6a3b66518" testName="getAnnouncementURLTest" computerName="PC-PC" testType="13cdc9d9-ddb5-4fa4-a97d-d965ccfc6d4b" outcome="NotExecuted" testListId="8c84fa94-04c1-424b-9868-57a2d4851a1d" relativeResultsDirectory="c301510a-f9c2-4b89-9fc1-1e0b661d3dc8">
    </UnitTestResult>
  </Results>
</TestRun>