<?xml version="1.0" encoding="UTF-8"?>
<TestRun id="2b03ef6e-d930-4d4a-a3f6-d7f6d76a8636" name="PC@PC-PC 2012-07-01 21:23:59" runUser="PC-PC\PC" xmlns="http://microsoft.com/schemas/VisualStudio/TeamTest/2010">
  <TestSettings name="Local" id="3b433da5-8bdf-4d84-8a00-442453038e74">
    <Description>These are default test settings for a local test run.</Description>
    <Deployment enabled="false" runDeploymentRoot="PC_PC-PC 2012-07-01 21_23_59">
      <DeploymentItem filename="C:\Users\PC\Documents\Visual Studio 2010\Projects\bsn\core\bin\Debug\core.dll" />
      <DeploymentItem filename="C:\Users\PC\Documents\Visual Studio 2010\Projects\bsn\bsn.testes\bin\Debug\MongoDB.Bson.dll" />
      <DeploymentItem filename="C:\Users\PC\Documents\Visual Studio 2010\Projects\bsn\bsn.testes\bin\Debug\MongoDB.Driver.dll" />
      <DeploymentItem filename="C:\Users\PC\Documents\Visual Studio 2010\Projects\bsn\bsn.dal\bin\Debug\bsn.dal.dll" />
    </Deployment>
    <Execution>
      <TestTypeSpecific />
      <AgentRule name="Execution Agents">
      </AgentRule>
    </Execution>
  </TestSettings>
  <Times creation="2012-07-01T21:23:59.5670162-03:00" queuing="2012-07-01T21:23:59.7750280-03:00" start="2012-07-01T21:23:59.8180305-03:00" finish="2012-07-01T21:24:42.4414684-03:00" />
  <ResultSummary outcome="Failed">
    <Counters total="15" executed="15" passed="13" error="0" failed="2" timeout="0" aborted="0" inconclusive="0" passedButRunAborted="0" notRunnable="0" notExecuted="0" disconnected="0" warning="0" completed="0" inProgress="0" pending="0" />
  </ResultSummary>
  <TestDefinitions>
    <UnitTest name="ActiveAnnoucementIsValidTest" storage="c:\users\pc\documents\visual studio 2010\projects\bsn\bsn.testes\bin\debug\bsn.testes.dll" id="3c4c0693-eeb3-3493-7983-fc3dd9aa2513">
      <Execution id="aeaddd33-0721-4585-9749-cbc8bb5bbbad" />
      <TestMethod codeBase="C:/Users/PC/Documents/Visual Studio 2010/Projects/bsn/bsn.testes/bin/Debug/bsn.testes.DLL" adapterTypeName="Microsoft.VisualStudio.TestTools.TestTypes.Unit.UnitTestAdapter, Microsoft.VisualStudio.QualityTools.Tips.UnitTest.Adapter, Version=10.0.0.0, Culture=neutral, PublicKeyToken=b03f5f7f11d50a3a" className="bsn.testes.SiteClassificadoTest, bsn.testes, Version=1.0.0.0, Culture=neutral, PublicKeyToken=null" name="ActiveAnnoucementIsValidTest" />
    </UnitTest>
    <UnitTest name="testRetrievePageInvalidUrl" storage="c:\users\pc\documents\visual studio 2010\projects\bsn\bsn.testes\bin\debug\bsn.testes.dll" id="b1d85730-def1-51ba-584f-9cb39d895ef3">
      <Execution id="40e88aa0-1096-4380-abe3-5df57510e936" />
      <TestMethod codeBase="C:/Users/PC/Documents/Visual Studio 2010/Projects/bsn/bsn.testes/bin/Debug/bsn.testes.DLL" adapterTypeName="Microsoft.VisualStudio.TestTools.TestTypes.Unit.UnitTestAdapter, Microsoft.VisualStudio.QualityTools.Tips.UnitTest.Adapter, Version=10.0.0.0, Culture=neutral, PublicKeyToken=b03f5f7f11d50a3a" className="bsn.testes.PaginaTest, bsn.testes, Version=1.0.0.0, Culture=neutral, PublicKeyToken=null" name="testRetrievePageInvalidUrl" />
    </UnitTest>
    <UnitTest name="testRetrievePage" storage="c:\users\pc\documents\visual studio 2010\projects\bsn\bsn.testes\bin\debug\bsn.testes.dll" id="b2f6292e-2f70-1d4d-c018-f254231951b9">
      <Execution id="4712569d-76fd-4d58-99cd-655b0773791d" />
      <TestMethod codeBase="C:/Users/PC/Documents/Visual Studio 2010/Projects/bsn/bsn.testes/bin/Debug/bsn.testes.DLL" adapterTypeName="Microsoft.VisualStudio.TestTools.TestTypes.Unit.UnitTestAdapter, Microsoft.VisualStudio.QualityTools.Tips.UnitTest.Adapter, Version=10.0.0.0, Culture=neutral, PublicKeyToken=b03f5f7f11d50a3a" className="bsn.testes.PaginaTest, bsn.testes, Version=1.0.0.0, Culture=neutral, PublicKeyToken=null" name="testRetrievePage" />
    </UnitTest>
    <UnitTest name="LoopProximoAnuncio" storage="c:\users\pc\documents\visual studio 2010\projects\bsn\bsn.testes\bin\debug\bsn.testes.dll" id="aa2c2507-4dca-b730-9bb4-f85d5fbacd07">
      <Execution id="6c7c7ca6-04fe-4af8-9ee2-c6c486f91674" />
      <TestMethod codeBase="C:/Users/PC/Documents/Visual Studio 2010/Projects/bsn/bsn.testes/bin/Debug/bsn.testes.DLL" adapterTypeName="Microsoft.VisualStudio.TestTools.TestTypes.Unit.UnitTestAdapter, Microsoft.VisualStudio.QualityTools.Tips.UnitTest.Adapter, Version=10.0.0.0, Culture=neutral, PublicKeyToken=b03f5f7f11d50a3a" className="bsn.testes.BuscadorTest, bsn.testes, Version=1.0.0.0, Culture=neutral, PublicKeyToken=null" name="LoopProximoAnuncio" />
    </UnitTest>
    <UnitTest name="setPhoneNumberAndGetPhoneNumberTest" storage="c:\users\pc\documents\visual studio 2010\projects\bsn\bsn.testes\bin\debug\bsn.testes.dll" id="cc8c5708-de93-a6b4-7f90-c5c4de51dfef">
      <Execution id="51c9e6c3-032e-4ec5-acb0-a58e71609cf2" />
      <TestMethod codeBase="C:/Users/PC/Documents/Visual Studio 2010/Projects/bsn/bsn.testes/bin/Debug/bsn.testes.DLL" adapterTypeName="Microsoft.VisualStudio.TestTools.TestTypes.Unit.UnitTestAdapter, Microsoft.VisualStudio.QualityTools.Tips.UnitTest.Adapter, Version=10.0.0.0, Culture=neutral, PublicKeyToken=b03f5f7f11d50a3a" className="bsn.testes.AnuncioTest, bsn.testes, Version=1.0.0.0, Culture=neutral, PublicKeyToken=null" name="setPhoneNumberAndGetPhoneNumberTest" />
    </UnitTest>
    <UnitTest name="setNumberOfRoomsAndGetNumberOfRoomsTest" storage="c:\users\pc\documents\visual studio 2010\projects\bsn\bsn.testes\bin\debug\bsn.testes.dll" id="6c1df49d-cc6b-447c-540f-81457e14180d">
      <Execution id="e4147a3a-29bf-4273-91fc-b6059d75a570" />
      <TestMethod codeBase="C:/Users/PC/Documents/Visual Studio 2010/Projects/bsn/bsn.testes/bin/Debug/bsn.testes.DLL" adapterTypeName="Microsoft.VisualStudio.TestTools.TestTypes.Unit.UnitTestAdapter, Microsoft.VisualStudio.QualityTools.Tips.UnitTest.Adapter, Version=10.0.0.0, Culture=neutral, PublicKeyToken=b03f5f7f11d50a3a" className="bsn.testes.AnuncioTest, bsn.testes, Version=1.0.0.0, Culture=neutral, PublicKeyToken=null" name="setNumberOfRoomsAndGetNumberOfRoomsTest" />
    </UnitTest>
    <UnitTest name="setPriceAndGetPriceTest" storage="c:\users\pc\documents\visual studio 2010\projects\bsn\bsn.testes\bin\debug\bsn.testes.dll" id="8807962d-0936-7ba0-3944-2762f3f44a96">
      <Execution id="62712335-bee2-4f53-a140-589bb28fdff4" />
      <TestMethod codeBase="C:/Users/PC/Documents/Visual Studio 2010/Projects/bsn/bsn.testes/bin/Debug/bsn.testes.DLL" adapterTypeName="Microsoft.VisualStudio.TestTools.TestTypes.Unit.UnitTestAdapter, Microsoft.VisualStudio.QualityTools.Tips.UnitTest.Adapter, Version=10.0.0.0, Culture=neutral, PublicKeyToken=b03f5f7f11d50a3a" className="bsn.testes.AnuncioTest, bsn.testes, Version=1.0.0.0, Culture=neutral, PublicKeyToken=null" name="setPriceAndGetPriceTest" />
    </UnitTest>
    <UnitTest name="TestarFelizola_" storage="c:\users\pc\documents\visual studio 2010\projects\bsn\bsn.testes\bin\debug\bsn.testes.dll" id="f647950d-40ad-251e-e698-f4d95a4db016">
      <Execution id="52799196-7776-47d0-bdec-99b4d3d6d077" />
      <TestMethod codeBase="C:/Users/PC/Documents/Visual Studio 2010/Projects/bsn/bsn.testes/bin/Debug/bsn.testes.DLL" adapterTypeName="Microsoft.VisualStudio.TestTools.TestTypes.Unit.UnitTestAdapter, Microsoft.VisualStudio.QualityTools.Tips.UnitTest.Adapter, Version=10.0.0.0, Culture=neutral, PublicKeyToken=b03f5f7f11d50a3a" className="bsn.testes.bsn.testes.dados.SitesTest, bsn.testes, Version=1.0.0.0, Culture=neutral, PublicKeyToken=null" name="TestarFelizola_" />
    </UnitTest>
    <UnitTest name="nextRealEstateTest" storage="c:\users\pc\documents\visual studio 2010\projects\bsn\bsn.testes\bin\debug\bsn.testes.dll" id="8624d0e0-435c-ae66-f21f-a38248e0bba4">
      <Execution id="eb8c79a5-9f8f-4323-b035-d794a65fc965" />
      <TestMethod codeBase="C:/Users/PC/Documents/Visual Studio 2010/Projects/bsn/bsn.testes/bin/Debug/bsn.testes.DLL" adapterTypeName="Microsoft.VisualStudio.TestTools.TestTypes.Unit.UnitTestAdapter, Microsoft.VisualStudio.QualityTools.Tips.UnitTest.Adapter, Version=10.0.0.0, Culture=neutral, PublicKeyToken=b03f5f7f11d50a3a" className="bsn.testes.BuscadorTest, bsn.testes, Version=1.0.0.0, Culture=neutral, PublicKeyToken=null" name="nextRealEstateTest" />
    </UnitTest>
    <UnitTest name="setContactAndGetContactTest" storage="c:\users\pc\documents\visual studio 2010\projects\bsn\bsn.testes\bin\debug\bsn.testes.dll" id="4eb63158-fc83-45a8-aa0f-056ceacb33a8">
      <Execution id="96b4af9d-635d-44da-9d61-42007513c931" />
      <TestMethod codeBase="C:/Users/PC/Documents/Visual Studio 2010/Projects/bsn/bsn.testes/bin/Debug/bsn.testes.DLL" adapterTypeName="Microsoft.VisualStudio.TestTools.TestTypes.Unit.UnitTestAdapter, Microsoft.VisualStudio.QualityTools.Tips.UnitTest.Adapter, Version=10.0.0.0, Culture=neutral, PublicKeyToken=b03f5f7f11d50a3a" className="bsn.testes.AnuncioTest, bsn.testes, Version=1.0.0.0, Culture=neutral, PublicKeyToken=null" name="setContactAndGetContactTest" />
    </UnitTest>
    <UnitTest name="ActiveAnnoucementIsAnnoucementTest" storage="c:\users\pc\documents\visual studio 2010\projects\bsn\bsn.testes\bin\debug\bsn.testes.dll" id="fc23e177-694b-ee89-05ed-f7a945d80a04">
      <Execution id="e7e1a35c-5f9e-4595-8729-f4304858d003" />
      <TestMethod codeBase="C:/Users/PC/Documents/Visual Studio 2010/Projects/bsn/bsn.testes/bin/Debug/bsn.testes.DLL" adapterTypeName="Microsoft.VisualStudio.TestTools.TestTypes.Unit.UnitTestAdapter, Microsoft.VisualStudio.QualityTools.Tips.UnitTest.Adapter, Version=10.0.0.0, Culture=neutral, PublicKeyToken=b03f5f7f11d50a3a" className="bsn.testes.SiteClassificadoTest, bsn.testes, Version=1.0.0.0, Culture=neutral, PublicKeyToken=null" name="ActiveAnnoucementIsAnnoucementTest" />
    </UnitTest>
    <UnitTest name="GetSiteInfonetMongoInfonet" storage="c:\users\pc\documents\visual studio 2010\projects\bsn\bsn.testes\bin\debug\bsn.testes.dll" id="2a3693e1-d1d4-1361-bf39-bcd62f65504c">
      <Execution id="abd79fc3-6f62-41b2-a37c-c3c2af628a80" />
      <TestMethod codeBase="C:/Users/PC/Documents/Visual Studio 2010/Projects/bsn/bsn.testes/bin/Debug/bsn.testes.DLL" adapterTypeName="Microsoft.VisualStudio.TestTools.TestTypes.Unit.UnitTestAdapter, Microsoft.VisualStudio.QualityTools.Tips.UnitTest.Adapter, Version=10.0.0.0, Culture=neutral, PublicKeyToken=b03f5f7f11d50a3a" className="bsn.testes.SiteClassificadoTest, bsn.testes, Version=1.0.0.0, Culture=neutral, PublicKeyToken=null" name="GetSiteInfonetMongoInfonet" />
    </UnitTest>
    <UnitTest name="ExpiredAnnouncementIsNotValidTest" storage="c:\users\pc\documents\visual studio 2010\projects\bsn\bsn.testes\bin\debug\bsn.testes.dll" id="02495e72-679a-012b-3ce3-de11ca9c2c09">
      <Execution id="b43277f1-f4e4-4dbd-8ef5-a0c4d420ce5c" />
      <TestMethod codeBase="C:/Users/PC/Documents/Visual Studio 2010/Projects/bsn/bsn.testes/bin/Debug/bsn.testes.DLL" adapterTypeName="Microsoft.VisualStudio.TestTools.TestTypes.Unit.UnitTestAdapter, Microsoft.VisualStudio.QualityTools.Tips.UnitTest.Adapter, Version=10.0.0.0, Culture=neutral, PublicKeyToken=b03f5f7f11d50a3a" className="bsn.testes.SiteClassificadoTest, bsn.testes, Version=1.0.0.0, Culture=neutral, PublicKeyToken=null" name="ExpiredAnnouncementIsNotValidTest" />
    </UnitTest>
    <UnitTest name="setAreaAndGetAreaTest" storage="c:\users\pc\documents\visual studio 2010\projects\bsn\bsn.testes\bin\debug\bsn.testes.dll" id="ecd375f6-c741-c7c3-7e2d-ab021902b7d4">
      <Execution id="a6ca4ae9-ea63-4ae9-af34-0280c69d555f" />
      <TestMethod codeBase="C:/Users/PC/Documents/Visual Studio 2010/Projects/bsn/bsn.testes/bin/Debug/bsn.testes.DLL" adapterTypeName="Microsoft.VisualStudio.TestTools.TestTypes.Unit.UnitTestAdapter, Microsoft.VisualStudio.QualityTools.Tips.UnitTest.Adapter, Version=10.0.0.0, Culture=neutral, PublicKeyToken=b03f5f7f11d50a3a" className="bsn.testes.AnuncioTest, bsn.testes, Version=1.0.0.0, Culture=neutral, PublicKeyToken=null" name="setAreaAndGetAreaTest" />
    </UnitTest>
    <UnitTest name="testNewWithNullContent" storage="c:\users\pc\documents\visual studio 2010\projects\bsn\bsn.testes\bin\debug\bsn.testes.dll" id="b789d7ab-6ba0-6f38-710d-5beb6f7ce5c3">
      <Execution id="8a6893c7-bea8-458e-8c60-486de67b1d1a" />
      <TestMethod codeBase="C:/Users/PC/Documents/Visual Studio 2010/Projects/bsn/bsn.testes/bin/Debug/bsn.testes.DLL" adapterTypeName="Microsoft.VisualStudio.TestTools.TestTypes.Unit.UnitTestAdapter, Microsoft.VisualStudio.QualityTools.Tips.UnitTest.Adapter, Version=10.0.0.0, Culture=neutral, PublicKeyToken=b03f5f7f11d50a3a" className="bsn.testes.PaginaTest, bsn.testes, Version=1.0.0.0, Culture=neutral, PublicKeyToken=null" name="testNewWithNullContent" />
    </UnitTest>
  </TestDefinitions>
  <TestLists>
    <TestList name="Results Not in a List" id="8c84fa94-04c1-424b-9868-57a2d4851a1d" />
    <TestList name="All Loaded Results" id="19431567-8539-422a-85d7-44ee4e166bda" />
  </TestLists>
  <TestEntries>
    <TestEntry testId="02495e72-679a-012b-3ce3-de11ca9c2c09" executionId="b43277f1-f4e4-4dbd-8ef5-a0c4d420ce5c" testListId="8c84fa94-04c1-424b-9868-57a2d4851a1d" />
    <TestEntry testId="2a3693e1-d1d4-1361-bf39-bcd62f65504c" executionId="abd79fc3-6f62-41b2-a37c-c3c2af628a80" testListId="8c84fa94-04c1-424b-9868-57a2d4851a1d" />
    <TestEntry testId="3c4c0693-eeb3-3493-7983-fc3dd9aa2513" executionId="aeaddd33-0721-4585-9749-cbc8bb5bbbad" testListId="8c84fa94-04c1-424b-9868-57a2d4851a1d" />
    <TestEntry testId="4eb63158-fc83-45a8-aa0f-056ceacb33a8" executionId="96b4af9d-635d-44da-9d61-42007513c931" testListId="8c84fa94-04c1-424b-9868-57a2d4851a1d" />
    <TestEntry testId="6c1df49d-cc6b-447c-540f-81457e14180d" executionId="e4147a3a-29bf-4273-91fc-b6059d75a570" testListId="8c84fa94-04c1-424b-9868-57a2d4851a1d" />
    <TestEntry testId="8624d0e0-435c-ae66-f21f-a38248e0bba4" executionId="eb8c79a5-9f8f-4323-b035-d794a65fc965" testListId="8c84fa94-04c1-424b-9868-57a2d4851a1d" />
    <TestEntry testId="8807962d-0936-7ba0-3944-2762f3f44a96" executionId="62712335-bee2-4f53-a140-589bb28fdff4" testListId="8c84fa94-04c1-424b-9868-57a2d4851a1d" />
    <TestEntry testId="aa2c2507-4dca-b730-9bb4-f85d5fbacd07" executionId="6c7c7ca6-04fe-4af8-9ee2-c6c486f91674" testListId="8c84fa94-04c1-424b-9868-57a2d4851a1d" />
    <TestEntry testId="b1d85730-def1-51ba-584f-9cb39d895ef3" executionId="40e88aa0-1096-4380-abe3-5df57510e936" testListId="8c84fa94-04c1-424b-9868-57a2d4851a1d" />
    <TestEntry testId="b2f6292e-2f70-1d4d-c018-f254231951b9" executionId="4712569d-76fd-4d58-99cd-655b0773791d" testListId="8c84fa94-04c1-424b-9868-57a2d4851a1d" />
    <TestEntry testId="b789d7ab-6ba0-6f38-710d-5beb6f7ce5c3" executionId="8a6893c7-bea8-458e-8c60-486de67b1d1a" testListId="8c84fa94-04c1-424b-9868-57a2d4851a1d" />
    <TestEntry testId="cc8c5708-de93-a6b4-7f90-c5c4de51dfef" executionId="51c9e6c3-032e-4ec5-acb0-a58e71609cf2" testListId="8c84fa94-04c1-424b-9868-57a2d4851a1d" />
    <TestEntry testId="ecd375f6-c741-c7c3-7e2d-ab021902b7d4" executionId="a6ca4ae9-ea63-4ae9-af34-0280c69d555f" testListId="8c84fa94-04c1-424b-9868-57a2d4851a1d" />
    <TestEntry testId="f647950d-40ad-251e-e698-f4d95a4db016" executionId="52799196-7776-47d0-bdec-99b4d3d6d077" testListId="8c84fa94-04c1-424b-9868-57a2d4851a1d" />
    <TestEntry testId="fc23e177-694b-ee89-05ed-f7a945d80a04" executionId="e7e1a35c-5f9e-4595-8729-f4304858d003" testListId="8c84fa94-04c1-424b-9868-57a2d4851a1d" />
  </TestEntries>
  <Results>
    <UnitTestResult executionId="b43277f1-f4e4-4dbd-8ef5-a0c4d420ce5c" testId="02495e72-679a-012b-3ce3-de11ca9c2c09" testName="ExpiredAnnouncementIsNotValidTest" computerName="PC-PC" duration="00:00:00.2284984" startTime="2012-07-01T21:23:59.8380317-03:00" endTime="2012-07-01T21:24:00.3640617-03:00" testType="13cdc9d9-ddb5-4fa4-a97d-d965ccfc6d4b" outcome="Failed" testListId="8c84fa94-04c1-424b-9868-57a2d4851a1d" relativeResultsDirectory="b43277f1-f4e4-4dbd-8ef5-a0c4d420ce5c">
      <Output>
        <ErrorInfo>
          <Message>Test method bsn.testes.SiteClassificadoTest.ExpiredAnnouncementIsNotValidTest threw exception: 
System.ApplicationException: O arquivo 'infonet.com.br-expirado-id=150000.htm' não existe.</Message>
          <StackTrace>    at bsn.core.Pagina.CarregarDoArquivo(String caminhoArquivo) in C:\Users\PC\Documents\Visual Studio 2010\Projects\bsn\core\Pagina.cs:line 54
   at bsn.testes.SiteClassificadoTest.ExpiredAnnouncementIsNotValidTest() in C:\Users\PC\Documents\Visual Studio 2010\Projects\bsn\bsn.testes\SiteClassificadoTest.cs:line 34
</StackTrace>
        </ErrorInfo>
      </Output>
    </UnitTestResult>
    <UnitTestResult executionId="abd79fc3-6f62-41b2-a37c-c3c2af628a80" testId="2a3693e1-d1d4-1361-bf39-bcd62f65504c" testName="GetSiteInfonetMongoInfonet" computerName="PC-PC" duration="00:00:00.0040219" startTime="2012-07-01T21:24:00.3650618-03:00" endTime="2012-07-01T21:24:00.3760624-03:00" testType="13cdc9d9-ddb5-4fa4-a97d-d965ccfc6d4b" outcome="Passed" testListId="8c84fa94-04c1-424b-9868-57a2d4851a1d" relativeResultsDirectory="abd79fc3-6f62-41b2-a37c-c3c2af628a80">
    </UnitTestResult>
    <UnitTestResult executionId="aeaddd33-0721-4585-9749-cbc8bb5bbbad" testId="3c4c0693-eeb3-3493-7983-fc3dd9aa2513" testName="ActiveAnnoucementIsValidTest" computerName="PC-PC" duration="00:00:19.2670885" startTime="2012-07-01T21:24:00.3780625-03:00" endTime="2012-07-01T21:24:19.6511649-03:00" testType="13cdc9d9-ddb5-4fa4-a97d-d965ccfc6d4b" outcome="Passed" testListId="8c84fa94-04c1-424b-9868-57a2d4851a1d" relativeResultsDirectory="aeaddd33-0721-4585-9749-cbc8bb5bbbad">
    </UnitTestResult>
    <UnitTestResult executionId="96b4af9d-635d-44da-9d61-42007513c931" testId="4eb63158-fc83-45a8-aa0f-056ceacb33a8" testName="setContactAndGetContactTest" computerName="PC-PC" duration="00:00:00.0008930" startTime="2012-07-01T21:24:19.6531650-03:00" endTime="2012-07-01T21:24:19.6621655-03:00" testType="13cdc9d9-ddb5-4fa4-a97d-d965ccfc6d4b" outcome="Passed" testListId="8c84fa94-04c1-424b-9868-57a2d4851a1d" relativeResultsDirectory="96b4af9d-635d-44da-9d61-42007513c931">
    </UnitTestResult>
    <UnitTestResult executionId="e4147a3a-29bf-4273-91fc-b6059d75a570" testId="6c1df49d-cc6b-447c-540f-81457e14180d" testName="setNumberOfRoomsAndGetNumberOfRoomsTest" computerName="PC-PC" duration="00:00:00.0016653" startTime="2012-07-01T21:24:19.6671658-03:00" endTime="2012-07-01T21:24:19.6741662-03:00" testType="13cdc9d9-ddb5-4fa4-a97d-d965ccfc6d4b" outcome="Passed" testListId="8c84fa94-04c1-424b-9868-57a2d4851a1d" relativeResultsDirectory="e4147a3a-29bf-4273-91fc-b6059d75a570">
    </UnitTestResult>
    <UnitTestResult executionId="eb8c79a5-9f8f-4323-b035-d794a65fc965" testId="8624d0e0-435c-ae66-f21f-a38248e0bba4" testName="nextRealEstateTest" computerName="PC-PC" duration="00:00:03.1794339" startTime="2012-07-01T21:24:19.6751663-03:00" endTime="2012-07-01T21:24:22.8593484-03:00" testType="13cdc9d9-ddb5-4fa4-a97d-d965ccfc6d4b" outcome="Passed" testListId="8c84fa94-04c1-424b-9868-57a2d4851a1d" relativeResultsDirectory="eb8c79a5-9f8f-4323-b035-d794a65fc965">
    </UnitTestResult>
    <UnitTestResult executionId="62712335-bee2-4f53-a140-589bb28fdff4" testId="8807962d-0936-7ba0-3944-2762f3f44a96" testName="setPriceAndGetPriceTest" computerName="PC-PC" duration="00:00:00.0012743" startTime="2012-07-01T21:24:22.8613485-03:00" endTime="2012-07-01T21:24:22.8763494-03:00" testType="13cdc9d9-ddb5-4fa4-a97d-d965ccfc6d4b" outcome="Passed" testListId="8c84fa94-04c1-424b-9868-57a2d4851a1d" relativeResultsDirectory="62712335-bee2-4f53-a140-589bb28fdff4">
    </UnitTestResult>
    <UnitTestResult executionId="6c7c7ca6-04fe-4af8-9ee2-c6c486f91674" testId="aa2c2507-4dca-b730-9bb4-f85d5fbacd07" testName="LoopProximoAnuncio" computerName="PC-PC" duration="00:00:13.0221729" startTime="2012-07-01T21:24:22.8833498-03:00" endTime="2012-07-01T21:24:35.9170953-03:00" testType="13cdc9d9-ddb5-4fa4-a97d-d965ccfc6d4b" outcome="Passed" testListId="8c84fa94-04c1-424b-9868-57a2d4851a1d" relativeResultsDirectory="6c7c7ca6-04fe-4af8-9ee2-c6c486f91674">
      <Output>
        <StdOut>&lt;Anuncio  Bairro = 'PONTO NOVO' Preço = '185000,00'/&gt;
&lt;Anuncio  Bairro = 'Santo Antonio' Preço = '230000,00'/&gt;</StdOut>
      </Output>
    </UnitTestResult>
    <UnitTestResult executionId="40e88aa0-1096-4380-abe3-5df57510e936" testId="b1d85730-def1-51ba-584f-9cb39d895ef3" testName="testRetrievePageInvalidUrl" computerName="PC-PC" duration="00:00:02.4261898" startTime="2012-07-01T21:24:35.9180953-03:00" endTime="2012-07-01T21:24:38.3562348-03:00" testType="13cdc9d9-ddb5-4fa4-a97d-d965ccfc6d4b" outcome="Passed" testListId="8c84fa94-04c1-424b-9868-57a2d4851a1d" relativeResultsDirectory="40e88aa0-1096-4380-abe3-5df57510e936">
    </UnitTestResult>
    <UnitTestResult executionId="4712569d-76fd-4d58-99cd-655b0773791d" testId="b2f6292e-2f70-1d4d-c018-f254231951b9" testName="testRetrievePage" computerName="PC-PC" duration="00:00:00.3132601" startTime="2012-07-01T21:24:38.3582349-03:00" endTime="2012-07-01T21:24:38.6782532-03:00" testType="13cdc9d9-ddb5-4fa4-a97d-d965ccfc6d4b" outcome="Passed" testListId="8c84fa94-04c1-424b-9868-57a2d4851a1d" relativeResultsDirectory="4712569d-76fd-4d58-99cd-655b0773791d">
    </UnitTestResult>
    <UnitTestResult executionId="8a6893c7-bea8-458e-8c60-486de67b1d1a" testId="b789d7ab-6ba0-6f38-710d-5beb6f7ce5c3" testName="testNewWithNullContent" computerName="PC-PC" duration="00:00:00.0002808" startTime="2012-07-01T21:24:38.6812534-03:00" endTime="2012-07-01T21:24:38.6902539-03:00" testType="13cdc9d9-ddb5-4fa4-a97d-d965ccfc6d4b" outcome="Passed" testListId="8c84fa94-04c1-424b-9868-57a2d4851a1d" relativeResultsDirectory="8a6893c7-bea8-458e-8c60-486de67b1d1a">
    </UnitTestResult>
    <UnitTestResult executionId="51c9e6c3-032e-4ec5-acb0-a58e71609cf2" testId="cc8c5708-de93-a6b4-7f90-c5c4de51dfef" testName="setPhoneNumberAndGetPhoneNumberTest" computerName="PC-PC" duration="00:00:00.0008197" startTime="2012-07-01T21:24:38.6942541-03:00" endTime="2012-07-01T21:24:38.7042547-03:00" testType="13cdc9d9-ddb5-4fa4-a97d-d965ccfc6d4b" outcome="Passed" testListId="8c84fa94-04c1-424b-9868-57a2d4851a1d" relativeResultsDirectory="51c9e6c3-032e-4ec5-acb0-a58e71609cf2">
    </UnitTestResult>
    <UnitTestResult executionId="a6ca4ae9-ea63-4ae9-af34-0280c69d555f" testId="ecd375f6-c741-c7c3-7e2d-ab021902b7d4" testName="setAreaAndGetAreaTest" computerName="PC-PC" duration="00:00:00.0003106" startTime="2012-07-01T21:24:38.7062548-03:00" endTime="2012-07-01T21:24:38.7142552-03:00" testType="13cdc9d9-ddb5-4fa4-a97d-d965ccfc6d4b" outcome="Passed" testListId="8c84fa94-04c1-424b-9868-57a2d4851a1d" relativeResultsDirectory="a6ca4ae9-ea63-4ae9-af34-0280c69d555f">
    </UnitTestResult>
    <UnitTestResult executionId="52799196-7776-47d0-bdec-99b4d3d6d077" testId="f647950d-40ad-251e-e698-f4d95a4db016" testName="TestarFelizola_" computerName="PC-PC" duration="00:00:00.0016077" startTime="2012-07-01T21:24:38.7182555-03:00" endTime="2012-07-01T21:24:38.7242558-03:00" testType="13cdc9d9-ddb5-4fa4-a97d-d965ccfc6d4b" outcome="Failed" testListId="8c84fa94-04c1-424b-9868-57a2d4851a1d" relativeResultsDirectory="52799196-7776-47d0-bdec-99b4d3d6d077">
      <Output>
        <ErrorInfo>
          <Message>Test method bsn.testes.bsn.testes.dados.SitesTest.TestarFelizola_ threw exception: 
System.ApplicationException: O arquivo '.\dados\felizolaimobiliaria.com.br-id=860.htm' não existe.</Message>
          <StackTrace>    at bsn.core.Pagina.CarregarDoArquivo(String caminhoArquivo) in C:\Users\PC\Documents\Visual Studio 2010\Projects\bsn\core\Pagina.cs:line 54
   at bsn.testes.bsn.testes.dados.SitesTest.TestarFelizola_() in C:\Users\PC\Documents\Visual Studio 2010\Projects\bsn\bsn.testes\bsn.testes.dados\SitesTest.cs:line 21
</StackTrace>
        </ErrorInfo>
      </Output>
    </UnitTestResult>
    <UnitTestResult executionId="e7e1a35c-5f9e-4595-8729-f4304858d003" testId="fc23e177-694b-ee89-05ed-f7a945d80a04" testName="ActiveAnnoucementIsAnnoucementTest" computerName="PC-PC" duration="00:00:03.6738833" startTime="2012-07-01T21:24:38.7252559-03:00" endTime="2012-07-01T21:24:42.4054664-03:00" testType="13cdc9d9-ddb5-4fa4-a97d-d965ccfc6d4b" outcome="Passed" testListId="8c84fa94-04c1-424b-9868-57a2d4851a1d" relativeResultsDirectory="e7e1a35c-5f9e-4595-8729-f4304858d003">
    </UnitTestResult>
  </Results>
</TestRun>