<?xml version="1.0" encoding="UTF-8"?>
<TestRun id="c6228d8d-87f4-44de-a786-4d6a235ea7fe" name="PC@PC-PC 2012-07-01 20:48:48" runUser="PC-PC\PC" xmlns="http://microsoft.com/schemas/VisualStudio/TeamTest/2010">
  <TestSettings name="Local" id="3b433da5-8bdf-4d84-8a00-442453038e74">
    <Description>These are default test settings for a local test run.</Description>
    <Deployment enabled="false" runDeploymentRoot="PC_PC-PC 2012-07-01 20_48_48">
      <DeploymentItem filename="C:\Users\PC\Documents\Visual Studio 2010\Projects\bsn\core\bin\Debug\core.dll" />
      <DeploymentItem filename="C:\Users\PC\Documents\Visual Studio 2010\Projects\bsn\bsn.testes\bin\Debug\MongoDB.Bson.dll" />
      <DeploymentItem filename="C:\Users\PC\Documents\Visual Studio 2010\Projects\bsn\bsn.testes\bin\Debug\MongoDB.Driver.dll" />
      <DeploymentItem filename="C:\Users\PC\Documents\Visual Studio 2010\Projects\bsn\bsn.dal\bin\Debug\bsn.dal.dll" />
    </Deployment>
    <Execution>
      <TestTypeSpecific />
      <AgentRule name="Execution Agents">
      </AgentRule>
    </Execution>
  </TestSettings>
  <Times creation="2012-07-01T20:48:48.8132879-03:00" queuing="2012-07-01T20:48:49.9693541-03:00" start="2012-07-01T20:48:50.1643652-03:00" finish="2012-07-01T20:48:59.3088883-03:00" />
  <ResultSummary outcome="Error">
    <Counters total="19" executed="1" error="0" failed="0" timeout="0" aborted="1" inconclusive="0" passedButRunAborted="0" notRunnable="0" notExecuted="18" disconnected="0" warning="0" passed="0" completed="0" inProgress="0" pending="0" />
    <RunInfos>
      <RunInfo computerName="PC-PC" outcome="Error" timestamp="2012-07-01T20:48:59.2808867-03:00">
        <Text>Test host process exited unexpectedly.</Text>
      </RunInfo>
    </RunInfos>
  </ResultSummary>
  <TestDefinitions>
    <UnitTest name="getNumberOfRoomsTest" storage="c:\users\pc\documents\visual studio 2010\projects\bsn\bsn.testes\bin\debug\bsn.testes.dll" id="7d982a6d-9704-8080-b098-c57b71ec3c51">
      <Execution id="e701b3b4-012c-40f9-8839-0636b45e5838" />
      <TestMethod codeBase="C:/Users/PC/Documents/Visual Studio 2010/Projects/bsn/bsn.testes/bin/Debug/bsn.testes.DLL" adapterTypeName="Microsoft.VisualStudio.TestTools.TestTypes.Unit.UnitTestAdapter, Microsoft.VisualStudio.QualityTools.Tips.UnitTest.Adapter, Version=10.0.0.0, Culture=neutral, PublicKeyToken=b03f5f7f11d50a3a" className="bsn.testes.AnuncioTest, bsn.testes, Version=1.0.0.0, Culture=neutral, PublicKeyToken=null" name="getNumberOfRoomsTest" />
    </UnitTest>
    <UnitTest name="LinkTest" storage="c:\users\pc\documents\visual studio 2010\projects\bsn\bsn.testes\bin\debug\bsn.testes.dll" id="f36a005e-adb8-d007-0a86-9707547f994b">
      <Execution id="cd1c32cc-072a-4c5d-8d39-7ae626505271" />
      <TestMethod codeBase="C:/Users/PC/Documents/Visual Studio 2010/Projects/bsn/bsn.testes/bin/Debug/bsn.testes.DLL" adapterTypeName="Microsoft.VisualStudio.TestTools.TestTypes.Unit.UnitTestAdapter, Microsoft.VisualStudio.QualityTools.Tips.UnitTest.Adapter, Version=10.0.0.0, Culture=neutral, PublicKeyToken=b03f5f7f11d50a3a" className="bsn.testes.AnuncioTest, bsn.testes, Version=1.0.0.0, Culture=neutral, PublicKeyToken=null" name="LinkTest" />
    </UnitTest>
    <UnitTest name="setNumberOfRoomsAndGetNumberOfRoomsTest" storage="c:\users\pc\documents\visual studio 2010\projects\bsn\bsn.testes\bin\debug\bsn.testes.dll" id="6c1df49d-cc6b-447c-540f-81457e14180d">
      <Execution id="985f2003-6732-4957-9e43-fd9c1989f462" />
      <TestMethod codeBase="C:/Users/PC/Documents/Visual Studio 2010/Projects/bsn/bsn.testes/bin/Debug/bsn.testes.DLL" adapterTypeName="Microsoft.VisualStudio.TestTools.TestTypes.Unit.UnitTestAdapter, Microsoft.VisualStudio.QualityTools.Tips.UnitTest.Adapter, Version=10.0.0.0, Culture=neutral, PublicKeyToken=b03f5f7f11d50a3a" className="bsn.testes.AnuncioTest, bsn.testes, Version=1.0.0.0, Culture=neutral, PublicKeyToken=null" name="setNumberOfRoomsAndGetNumberOfRoomsTest" />
    </UnitTest>
    <UnitTest name="setPhoneNumberAndGetPhoneNumberTest" storage="c:\users\pc\documents\visual studio 2010\projects\bsn\bsn.testes\bin\debug\bsn.testes.dll" id="cc8c5708-de93-a6b4-7f90-c5c4de51dfef">
      <Execution id="262a74c5-c589-4677-a43c-4d8d52ccb94e" />
      <TestMethod codeBase="C:/Users/PC/Documents/Visual Studio 2010/Projects/bsn/bsn.testes/bin/Debug/bsn.testes.DLL" adapterTypeName="Microsoft.VisualStudio.TestTools.TestTypes.Unit.UnitTestAdapter, Microsoft.VisualStudio.QualityTools.Tips.UnitTest.Adapter, Version=10.0.0.0, Culture=neutral, PublicKeyToken=b03f5f7f11d50a3a" className="bsn.testes.AnuncioTest, bsn.testes, Version=1.0.0.0, Culture=neutral, PublicKeyToken=null" name="setPhoneNumberAndGetPhoneNumberTest" />
    </UnitTest>
    <UnitTest name="setContactAndGetContactTest" storage="c:\users\pc\documents\visual studio 2010\projects\bsn\bsn.testes\bin\debug\bsn.testes.dll" id="4eb63158-fc83-45a8-aa0f-056ceacb33a8">
      <Execution id="0bc61f40-fd01-4145-ad2f-a91df9b9124d" />
      <TestMethod codeBase="C:/Users/PC/Documents/Visual Studio 2010/Projects/bsn/bsn.testes/bin/Debug/bsn.testes.DLL" adapterTypeName="Microsoft.VisualStudio.TestTools.TestTypes.Unit.UnitTestAdapter, Microsoft.VisualStudio.QualityTools.Tips.UnitTest.Adapter, Version=10.0.0.0, Culture=neutral, PublicKeyToken=b03f5f7f11d50a3a" className="bsn.testes.AnuncioTest, bsn.testes, Version=1.0.0.0, Culture=neutral, PublicKeyToken=null" name="setContactAndGetContactTest" />
    </UnitTest>
    <UnitTest name="setPriceAndGetPriceTest" storage="c:\users\pc\documents\visual studio 2010\projects\bsn\bsn.testes\bin\debug\bsn.testes.dll" id="8807962d-0936-7ba0-3944-2762f3f44a96">
      <Execution id="93d38ec3-f4d1-4806-ba66-b433b534768d" />
      <TestMethod codeBase="C:/Users/PC/Documents/Visual Studio 2010/Projects/bsn/bsn.testes/bin/Debug/bsn.testes.DLL" adapterTypeName="Microsoft.VisualStudio.TestTools.TestTypes.Unit.UnitTestAdapter, Microsoft.VisualStudio.QualityTools.Tips.UnitTest.Adapter, Version=10.0.0.0, Culture=neutral, PublicKeyToken=b03f5f7f11d50a3a" className="bsn.testes.AnuncioTest, bsn.testes, Version=1.0.0.0, Culture=neutral, PublicKeyToken=null" name="setPriceAndGetPriceTest" />
    </UnitTest>
    <UnitTest name="PrecoTest" storage="c:\users\pc\documents\visual studio 2010\projects\bsn\bsn.testes\bin\debug\bsn.testes.dll" id="b4ba9c00-49f9-0088-6d40-cac877ebdcc6">
      <Execution id="f43890c7-03e2-4a2d-9aec-6492b572028c" />
      <TestMethod codeBase="C:/Users/PC/Documents/Visual Studio 2010/Projects/bsn/bsn.testes/bin/Debug/bsn.testes.DLL" adapterTypeName="Microsoft.VisualStudio.TestTools.TestTypes.Unit.UnitTestAdapter, Microsoft.VisualStudio.QualityTools.Tips.UnitTest.Adapter, Version=10.0.0.0, Culture=neutral, PublicKeyToken=b03f5f7f11d50a3a" className="bsn.testes.AnuncioTest, bsn.testes, Version=1.0.0.0, Culture=neutral, PublicKeyToken=null" name="PrecoTest" />
    </UnitTest>
    <UnitTest name="AnuncioConstructorTest" storage="c:\users\pc\documents\visual studio 2010\projects\bsn\bsn.testes\bin\debug\bsn.testes.dll" id="f04168ba-7ed2-09a4-2e16-412a0ab7c2cd">
      <Execution id="3f0d5a5a-9bbb-4f2c-ae9b-d35322ccfb45" />
      <TestMethod codeBase="C:/Users/PC/Documents/Visual Studio 2010/Projects/bsn/bsn.testes/bin/Debug/bsn.testes.DLL" adapterTypeName="Microsoft.VisualStudio.TestTools.TestTypes.Unit.UnitTestAdapter, Microsoft.VisualStudio.QualityTools.Tips.UnitTest.Adapter, Version=10.0.0.0, Culture=neutral, PublicKeyToken=b03f5f7f11d50a3a" className="bsn.testes.AnuncioTest, bsn.testes, Version=1.0.0.0, Culture=neutral, PublicKeyToken=null" name="AnuncioConstructorTest" />
    </UnitTest>
    <UnitTest name="setNumberOfRoomsTest" storage="c:\users\pc\documents\visual studio 2010\projects\bsn\bsn.testes\bin\debug\bsn.testes.dll" id="db6baa02-a9f5-368e-455f-b6f3c6d76b83">
      <Execution id="e022f704-31f5-404f-93b6-8cb4a6caa4da" />
      <TestMethod codeBase="C:/Users/PC/Documents/Visual Studio 2010/Projects/bsn/bsn.testes/bin/Debug/bsn.testes.DLL" adapterTypeName="Microsoft.VisualStudio.TestTools.TestTypes.Unit.UnitTestAdapter, Microsoft.VisualStudio.QualityTools.Tips.UnitTest.Adapter, Version=10.0.0.0, Culture=neutral, PublicKeyToken=b03f5f7f11d50a3a" className="bsn.testes.AnuncioTest, bsn.testes, Version=1.0.0.0, Culture=neutral, PublicKeyToken=null" name="setNumberOfRoomsTest" />
    </UnitTest>
    <UnitTest name="getContactTest" storage="c:\users\pc\documents\visual studio 2010\projects\bsn\bsn.testes\bin\debug\bsn.testes.dll" id="42cbf37a-c30c-3672-6b13-6419bff38d4a">
      <Execution id="edc7c35e-d46f-4438-ad21-53d93142df46" />
      <TestMethod codeBase="C:/Users/PC/Documents/Visual Studio 2010/Projects/bsn/bsn.testes/bin/Debug/bsn.testes.DLL" adapterTypeName="Microsoft.VisualStudio.TestTools.TestTypes.Unit.UnitTestAdapter, Microsoft.VisualStudio.QualityTools.Tips.UnitTest.Adapter, Version=10.0.0.0, Culture=neutral, PublicKeyToken=b03f5f7f11d50a3a" className="bsn.testes.AnuncioTest, bsn.testes, Version=1.0.0.0, Culture=neutral, PublicKeyToken=null" name="getContactTest" />
    </UnitTest>
    <UnitTest name="BairroTest" storage="c:\users\pc\documents\visual studio 2010\projects\bsn\bsn.testes\bin\debug\bsn.testes.dll" id="6af8db8b-2cd7-d359-0db8-c8c21ea4c02b">
      <Execution id="0bb26b47-ec22-4a22-90c6-62c88774c495" />
      <TestMethod codeBase="C:/Users/PC/Documents/Visual Studio 2010/Projects/bsn/bsn.testes/bin/Debug/bsn.testes.DLL" adapterTypeName="Microsoft.VisualStudio.TestTools.TestTypes.Unit.UnitTestAdapter, Microsoft.VisualStudio.QualityTools.Tips.UnitTest.Adapter, Version=10.0.0.0, Culture=neutral, PublicKeyToken=b03f5f7f11d50a3a" className="bsn.testes.AnuncioTest, bsn.testes, Version=1.0.0.0, Culture=neutral, PublicKeyToken=null" name="BairroTest" />
    </UnitTest>
    <UnitTest name="setContactTest" storage="c:\users\pc\documents\visual studio 2010\projects\bsn\bsn.testes\bin\debug\bsn.testes.dll" id="eaa1b93d-9e04-0de2-a512-b56c2ba8f8f2">
      <Execution id="b02a5ec2-cf6e-4954-abd3-c12271b83ef3" />
      <TestMethod codeBase="C:/Users/PC/Documents/Visual Studio 2010/Projects/bsn/bsn.testes/bin/Debug/bsn.testes.DLL" adapterTypeName="Microsoft.VisualStudio.TestTools.TestTypes.Unit.UnitTestAdapter, Microsoft.VisualStudio.QualityTools.Tips.UnitTest.Adapter, Version=10.0.0.0, Culture=neutral, PublicKeyToken=b03f5f7f11d50a3a" className="bsn.testes.AnuncioTest, bsn.testes, Version=1.0.0.0, Culture=neutral, PublicKeyToken=null" name="setContactTest" />
    </UnitTest>
    <UnitTest name="getLinkAdTest" storage="c:\users\pc\documents\visual studio 2010\projects\bsn\bsn.testes\bin\debug\bsn.testes.dll" id="a43d1409-a06a-1fd9-4bb6-e576d6fed4b8">
      <Execution id="7904edc7-b46d-4c79-ac1f-a6df40d88430" />
      <TestMethod codeBase="C:/Users/PC/Documents/Visual Studio 2010/Projects/bsn/bsn.testes/bin/Debug/bsn.testes.DLL" adapterTypeName="Microsoft.VisualStudio.TestTools.TestTypes.Unit.UnitTestAdapter, Microsoft.VisualStudio.QualityTools.Tips.UnitTest.Adapter, Version=10.0.0.0, Culture=neutral, PublicKeyToken=b03f5f7f11d50a3a" className="bsn.testes.AnuncioTest, bsn.testes, Version=1.0.0.0, Culture=neutral, PublicKeyToken=null" name="getLinkAdTest" />
    </UnitTest>
    <UnitTest name="setAreaAndGetAreaTest" storage="c:\users\pc\documents\visual studio 2010\projects\bsn\bsn.testes\bin\debug\bsn.testes.dll" id="ecd375f6-c741-c7c3-7e2d-ab021902b7d4">
      <Execution id="01dcd606-ca48-427f-ae51-a6ef626ad054" />
      <TestMethod codeBase="C:/Users/PC/Documents/Visual Studio 2010/Projects/bsn/bsn.testes/bin/Debug/bsn.testes.DLL" adapterTypeName="Microsoft.VisualStudio.TestTools.TestTypes.Unit.UnitTestAdapter, Microsoft.VisualStudio.QualityTools.Tips.UnitTest.Adapter, Version=10.0.0.0, Culture=neutral, PublicKeyToken=b03f5f7f11d50a3a" className="bsn.testes.AnuncioTest, bsn.testes, Version=1.0.0.0, Culture=neutral, PublicKeyToken=null" name="setAreaAndGetAreaTest" />
    </UnitTest>
    <UnitTest name="getAreaTest" storage="c:\users\pc\documents\visual studio 2010\projects\bsn\bsn.testes\bin\debug\bsn.testes.dll" id="9bca0463-631b-b06f-e589-1a7af4651a21">
      <Execution id="f8bc74b9-c5bc-4616-b3f5-4b9d71a8d415" />
      <TestMethod codeBase="C:/Users/PC/Documents/Visual Studio 2010/Projects/bsn/bsn.testes/bin/Debug/bsn.testes.DLL" adapterTypeName="Microsoft.VisualStudio.TestTools.TestTypes.Unit.UnitTestAdapter, Microsoft.VisualStudio.QualityTools.Tips.UnitTest.Adapter, Version=10.0.0.0, Culture=neutral, PublicKeyToken=b03f5f7f11d50a3a" className="bsn.testes.AnuncioTest, bsn.testes, Version=1.0.0.0, Culture=neutral, PublicKeyToken=null" name="getAreaTest" />
    </UnitTest>
    <UnitTest name="ToStringTest" storage="c:\users\pc\documents\visual studio 2010\projects\bsn\bsn.testes\bin\debug\bsn.testes.dll" id="d75814a2-bdfd-d346-ed92-4ba8314971c7">
      <Execution id="d16e106c-b5a7-4b73-b376-134ecc23109f" />
      <TestMethod codeBase="C:/Users/PC/Documents/Visual Studio 2010/Projects/bsn/bsn.testes/bin/Debug/bsn.testes.DLL" adapterTypeName="Microsoft.VisualStudio.TestTools.TestTypes.Unit.UnitTestAdapter, Microsoft.VisualStudio.QualityTools.Tips.UnitTest.Adapter, Version=10.0.0.0, Culture=neutral, PublicKeyToken=b03f5f7f11d50a3a" className="bsn.testes.AnuncioTest, bsn.testes, Version=1.0.0.0, Culture=neutral, PublicKeyToken=null" name="ToStringTest" />
    </UnitTest>
    <UnitTest name="setAreaTest" storage="c:\users\pc\documents\visual studio 2010\projects\bsn\bsn.testes\bin\debug\bsn.testes.dll" id="2768c13e-d39a-7b70-ff84-ca680cb07ba1">
      <Execution id="a960043b-66d1-4f6f-b45c-5f9fad66730a" />
      <TestMethod codeBase="C:/Users/PC/Documents/Visual Studio 2010/Projects/bsn/bsn.testes/bin/Debug/bsn.testes.DLL" adapterTypeName="Microsoft.VisualStudio.TestTools.TestTypes.Unit.UnitTestAdapter, Microsoft.VisualStudio.QualityTools.Tips.UnitTest.Adapter, Version=10.0.0.0, Culture=neutral, PublicKeyToken=b03f5f7f11d50a3a" className="bsn.testes.AnuncioTest, bsn.testes, Version=1.0.0.0, Culture=neutral, PublicKeyToken=null" name="setAreaTest" />
    </UnitTest>
    <UnitTest name="getPhoneNumberTest" storage="c:\users\pc\documents\visual studio 2010\projects\bsn\bsn.testes\bin\debug\bsn.testes.dll" id="cc12d89e-03af-d849-790c-d1c82ad78f45">
      <Execution id="33d7461f-2ec1-4a87-b1b9-ee211563ad49" />
      <TestMethod codeBase="C:/Users/PC/Documents/Visual Studio 2010/Projects/bsn/bsn.testes/bin/Debug/bsn.testes.DLL" adapterTypeName="Microsoft.VisualStudio.TestTools.TestTypes.Unit.UnitTestAdapter, Microsoft.VisualStudio.QualityTools.Tips.UnitTest.Adapter, Version=10.0.0.0, Culture=neutral, PublicKeyToken=b03f5f7f11d50a3a" className="bsn.testes.AnuncioTest, bsn.testes, Version=1.0.0.0, Culture=neutral, PublicKeyToken=null" name="getPhoneNumberTest" />
    </UnitTest>
    <UnitTest name="setPhoneNumberTest" storage="c:\users\pc\documents\visual studio 2010\projects\bsn\bsn.testes\bin\debug\bsn.testes.dll" id="caa6c26d-62bc-e705-127a-4f22802bcdb0">
      <Execution id="5fc971d4-0c1a-4c46-a496-2ef7c09b581d" />
      <TestMethod codeBase="C:/Users/PC/Documents/Visual Studio 2010/Projects/bsn/bsn.testes/bin/Debug/bsn.testes.DLL" adapterTypeName="Microsoft.VisualStudio.TestTools.TestTypes.Unit.UnitTestAdapter, Microsoft.VisualStudio.QualityTools.Tips.UnitTest.Adapter, Version=10.0.0.0, Culture=neutral, PublicKeyToken=b03f5f7f11d50a3a" className="bsn.testes.AnuncioTest, bsn.testes, Version=1.0.0.0, Culture=neutral, PublicKeyToken=null" name="setPhoneNumberTest" />
    </UnitTest>
  </TestDefinitions>
  <TestLists>
    <TestList name="Results Not in a List" id="8c84fa94-04c1-424b-9868-57a2d4851a1d" />
    <TestList name="All Loaded Results" id="19431567-8539-422a-85d7-44ee4e166bda" />
  </TestLists>
  <TestEntries>
    <TestEntry testId="2768c13e-d39a-7b70-ff84-ca680cb07ba1" executionId="a960043b-66d1-4f6f-b45c-5f9fad66730a" testListId="8c84fa94-04c1-424b-9868-57a2d4851a1d" />
    <TestEntry testId="42cbf37a-c30c-3672-6b13-6419bff38d4a" executionId="edc7c35e-d46f-4438-ad21-53d93142df46" testListId="8c84fa94-04c1-424b-9868-57a2d4851a1d" />
    <TestEntry testId="4eb63158-fc83-45a8-aa0f-056ceacb33a8" executionId="0bc61f40-fd01-4145-ad2f-a91df9b9124d" testListId="8c84fa94-04c1-424b-9868-57a2d4851a1d" />
    <TestEntry testId="6af8db8b-2cd7-d359-0db8-c8c21ea4c02b" executionId="0bb26b47-ec22-4a22-90c6-62c88774c495" testListId="8c84fa94-04c1-424b-9868-57a2d4851a1d" />
    <TestEntry testId="6c1df49d-cc6b-447c-540f-81457e14180d" executionId="985f2003-6732-4957-9e43-fd9c1989f462" testListId="8c84fa94-04c1-424b-9868-57a2d4851a1d" />
    <TestEntry testId="7d982a6d-9704-8080-b098-c57b71ec3c51" executionId="e701b3b4-012c-40f9-8839-0636b45e5838" testListId="8c84fa94-04c1-424b-9868-57a2d4851a1d" />
    <TestEntry testId="8807962d-0936-7ba0-3944-2762f3f44a96" executionId="93d38ec3-f4d1-4806-ba66-b433b534768d" testListId="8c84fa94-04c1-424b-9868-57a2d4851a1d" />
    <TestEntry testId="9bca0463-631b-b06f-e589-1a7af4651a21" executionId="f8bc74b9-c5bc-4616-b3f5-4b9d71a8d415" testListId="8c84fa94-04c1-424b-9868-57a2d4851a1d" />
    <TestEntry testId="a43d1409-a06a-1fd9-4bb6-e576d6fed4b8" executionId="7904edc7-b46d-4c79-ac1f-a6df40d88430" testListId="8c84fa94-04c1-424b-9868-57a2d4851a1d" />
    <TestEntry testId="b4ba9c00-49f9-0088-6d40-cac877ebdcc6" executionId="f43890c7-03e2-4a2d-9aec-6492b572028c" testListId="8c84fa94-04c1-424b-9868-57a2d4851a1d" />
    <TestEntry testId="caa6c26d-62bc-e705-127a-4f22802bcdb0" executionId="5fc971d4-0c1a-4c46-a496-2ef7c09b581d" testListId="8c84fa94-04c1-424b-9868-57a2d4851a1d" />
    <TestEntry testId="cc12d89e-03af-d849-790c-d1c82ad78f45" executionId="33d7461f-2ec1-4a87-b1b9-ee211563ad49" testListId="8c84fa94-04c1-424b-9868-57a2d4851a1d" />
    <TestEntry testId="cc8c5708-de93-a6b4-7f90-c5c4de51dfef" executionId="262a74c5-c589-4677-a43c-4d8d52ccb94e" testListId="8c84fa94-04c1-424b-9868-57a2d4851a1d" />
    <TestEntry testId="d75814a2-bdfd-d346-ed92-4ba8314971c7" executionId="d16e106c-b5a7-4b73-b376-134ecc23109f" testListId="8c84fa94-04c1-424b-9868-57a2d4851a1d" />
    <TestEntry testId="db6baa02-a9f5-368e-455f-b6f3c6d76b83" executionId="e022f704-31f5-404f-93b6-8cb4a6caa4da" testListId="8c84fa94-04c1-424b-9868-57a2d4851a1d" />
    <TestEntry testId="eaa1b93d-9e04-0de2-a512-b56c2ba8f8f2" executionId="b02a5ec2-cf6e-4954-abd3-c12271b83ef3" testListId="8c84fa94-04c1-424b-9868-57a2d4851a1d" />
    <TestEntry testId="ecd375f6-c741-c7c3-7e2d-ab021902b7d4" executionId="01dcd606-ca48-427f-ae51-a6ef626ad054" testListId="8c84fa94-04c1-424b-9868-57a2d4851a1d" />
    <TestEntry testId="f04168ba-7ed2-09a4-2e16-412a0ab7c2cd" executionId="3f0d5a5a-9bbb-4f2c-ae9b-d35322ccfb45" testListId="8c84fa94-04c1-424b-9868-57a2d4851a1d" />
    <TestEntry testId="f36a005e-adb8-d007-0a86-9707547f994b" executionId="cd1c32cc-072a-4c5d-8d39-7ae626505271" testListId="8c84fa94-04c1-424b-9868-57a2d4851a1d" />
  </TestEntries>
  <Results>
    <UnitTestResult executionId="a960043b-66d1-4f6f-b45c-5f9fad66730a" testId="2768c13e-d39a-7b70-ff84-ca680cb07ba1" testName="setAreaTest" computerName="PC-PC" duration="00:00:08.9375112" startTime="2012-07-01T20:48:50.3473757-03:00" endTime="2012-07-01T20:48:59.2848869-03:00" testType="13cdc9d9-ddb5-4fa4-a97d-d965ccfc6d4b" outcome="Aborted" testListId="8c84fa94-04c1-424b-9868-57a2d4851a1d" relativeResultsDirectory="a960043b-66d1-4f6f-b45c-5f9fad66730a">
    </UnitTestResult>
    <UnitTestResult executionId="edc7c35e-d46f-4438-ad21-53d93142df46" testId="42cbf37a-c30c-3672-6b13-6419bff38d4a" testName="getContactTest" computerName="PC-PC" testType="13cdc9d9-ddb5-4fa4-a97d-d965ccfc6d4b" outcome="NotExecuted" testListId="8c84fa94-04c1-424b-9868-57a2d4851a1d" relativeResultsDirectory="edc7c35e-d46f-4438-ad21-53d93142df46">
    </UnitTestResult>
    <UnitTestResult executionId="0bc61f40-fd01-4145-ad2f-a91df9b9124d" testId="4eb63158-fc83-45a8-aa0f-056ceacb33a8" testName="setContactAndGetContactTest" computerName="PC-PC" testType="13cdc9d9-ddb5-4fa4-a97d-d965ccfc6d4b" outcome="NotExecuted" testListId="8c84fa94-04c1-424b-9868-57a2d4851a1d" relativeResultsDirectory="0bc61f40-fd01-4145-ad2f-a91df9b9124d">
    </UnitTestResult>
    <UnitTestResult executionId="0bb26b47-ec22-4a22-90c6-62c88774c495" testId="6af8db8b-2cd7-d359-0db8-c8c21ea4c02b" testName="BairroTest" computerName="PC-PC" testType="13cdc9d9-ddb5-4fa4-a97d-d965ccfc6d4b" outcome="NotExecuted" testListId="8c84fa94-04c1-424b-9868-57a2d4851a1d" relativeResultsDirectory="0bb26b47-ec22-4a22-90c6-62c88774c495">
    </UnitTestResult>
    <UnitTestResult executionId="985f2003-6732-4957-9e43-fd9c1989f462" testId="6c1df49d-cc6b-447c-540f-81457e14180d" testName="setNumberOfRoomsAndGetNumberOfRoomsTest" computerName="PC-PC" testType="13cdc9d9-ddb5-4fa4-a97d-d965ccfc6d4b" outcome="NotExecuted" testListId="8c84fa94-04c1-424b-9868-57a2d4851a1d" relativeResultsDirectory="985f2003-6732-4957-9e43-fd9c1989f462">
    </UnitTestResult>
    <UnitTestResult executionId="e701b3b4-012c-40f9-8839-0636b45e5838" testId="7d982a6d-9704-8080-b098-c57b71ec3c51" testName="getNumberOfRoomsTest" computerName="PC-PC" testType="13cdc9d9-ddb5-4fa4-a97d-d965ccfc6d4b" outcome="NotExecuted" testListId="8c84fa94-04c1-424b-9868-57a2d4851a1d" relativeResultsDirectory="e701b3b4-012c-40f9-8839-0636b45e5838">
    </UnitTestResult>
    <UnitTestResult executionId="93d38ec3-f4d1-4806-ba66-b433b534768d" testId="8807962d-0936-7ba0-3944-2762f3f44a96" testName="setPriceAndGetPriceTest" computerName="PC-PC" testType="13cdc9d9-ddb5-4fa4-a97d-d965ccfc6d4b" outcome="NotExecuted" testListId="8c84fa94-04c1-424b-9868-57a2d4851a1d" relativeResultsDirectory="93d38ec3-f4d1-4806-ba66-b433b534768d">
    </UnitTestResult>
    <UnitTestResult executionId="f8bc74b9-c5bc-4616-b3f5-4b9d71a8d415" testId="9bca0463-631b-b06f-e589-1a7af4651a21" testName="getAreaTest" computerName="PC-PC" testType="13cdc9d9-ddb5-4fa4-a97d-d965ccfc6d4b" outcome="NotExecuted" testListId="8c84fa94-04c1-424b-9868-57a2d4851a1d" relativeResultsDirectory="f8bc74b9-c5bc-4616-b3f5-4b9d71a8d415">
    </UnitTestResult>
    <UnitTestResult executionId="7904edc7-b46d-4c79-ac1f-a6df40d88430" testId="a43d1409-a06a-1fd9-4bb6-e576d6fed4b8" testName="getLinkAdTest" computerName="PC-PC" testType="13cdc9d9-ddb5-4fa4-a97d-d965ccfc6d4b" outcome="NotExecuted" testListId="8c84fa94-04c1-424b-9868-57a2d4851a1d" relativeResultsDirectory="7904edc7-b46d-4c79-ac1f-a6df40d88430">
    </UnitTestResult>
    <UnitTestResult executionId="f43890c7-03e2-4a2d-9aec-6492b572028c" testId="b4ba9c00-49f9-0088-6d40-cac877ebdcc6" testName="PrecoTest" computerName="PC-PC" testType="13cdc9d9-ddb5-4fa4-a97d-d965ccfc6d4b" outcome="NotExecuted" testListId="8c84fa94-04c1-424b-9868-57a2d4851a1d" relativeResultsDirectory="f43890c7-03e2-4a2d-9aec-6492b572028c">
    </UnitTestResult>
    <UnitTestResult executionId="5fc971d4-0c1a-4c46-a496-2ef7c09b581d" testId="caa6c26d-62bc-e705-127a-4f22802bcdb0" testName="setPhoneNumberTest" computerName="PC-PC" testType="13cdc9d9-ddb5-4fa4-a97d-d965ccfc6d4b" outcome="NotExecuted" testListId="8c84fa94-04c1-424b-9868-57a2d4851a1d" relativeResultsDirectory="5fc971d4-0c1a-4c46-a496-2ef7c09b581d">
    </UnitTestResult>
    <UnitTestResult executionId="33d7461f-2ec1-4a87-b1b9-ee211563ad49" testId="cc12d89e-03af-d849-790c-d1c82ad78f45" testName="getPhoneNumberTest" computerName="PC-PC" testType="13cdc9d9-ddb5-4fa4-a97d-d965ccfc6d4b" outcome="NotExecuted" testListId="8c84fa94-04c1-424b-9868-57a2d4851a1d" relativeResultsDirectory="33d7461f-2ec1-4a87-b1b9-ee211563ad49">
    </UnitTestResult>
    <UnitTestResult executionId="262a74c5-c589-4677-a43c-4d8d52ccb94e" testId="cc8c5708-de93-a6b4-7f90-c5c4de51dfef" testName="setPhoneNumberAndGetPhoneNumberTest" computerName="PC-PC" testType="13cdc9d9-ddb5-4fa4-a97d-d965ccfc6d4b" outcome="NotExecuted" testListId="8c84fa94-04c1-424b-9868-57a2d4851a1d" relativeResultsDirectory="262a74c5-c589-4677-a43c-4d8d52ccb94e">
    </UnitTestResult>
    <UnitTestResult executionId="d16e106c-b5a7-4b73-b376-134ecc23109f" testId="d75814a2-bdfd-d346-ed92-4ba8314971c7" testName="ToStringTest" computerName="PC-PC" testType="13cdc9d9-ddb5-4fa4-a97d-d965ccfc6d4b" outcome="NotExecuted" testListId="8c84fa94-04c1-424b-9868-57a2d4851a1d" relativeResultsDirectory="d16e106c-b5a7-4b73-b376-134ecc23109f">
    </UnitTestResult>
    <UnitTestResult executionId="e022f704-31f5-404f-93b6-8cb4a6caa4da" testId="db6baa02-a9f5-368e-455f-b6f3c6d76b83" testName="setNumberOfRoomsTest" computerName="PC-PC" testType="13cdc9d9-ddb5-4fa4-a97d-d965ccfc6d4b" outcome="NotExecuted" testListId="8c84fa94-04c1-424b-9868-57a2d4851a1d" relativeResultsDirectory="e022f704-31f5-404f-93b6-8cb4a6caa4da">
    </UnitTestResult>
    <UnitTestResult executionId="b02a5ec2-cf6e-4954-abd3-c12271b83ef3" testId="eaa1b93d-9e04-0de2-a512-b56c2ba8f8f2" testName="setContactTest" computerName="PC-PC" testType="13cdc9d9-ddb5-4fa4-a97d-d965ccfc6d4b" outcome="NotExecuted" testListId="8c84fa94-04c1-424b-9868-57a2d4851a1d" relativeResultsDirectory="b02a5ec2-cf6e-4954-abd3-c12271b83ef3">
    </UnitTestResult>
    <UnitTestResult executionId="01dcd606-ca48-427f-ae51-a6ef626ad054" testId="ecd375f6-c741-c7c3-7e2d-ab021902b7d4" testName="setAreaAndGetAreaTest" computerName="PC-PC" testType="13cdc9d9-ddb5-4fa4-a97d-d965ccfc6d4b" outcome="NotExecuted" testListId="8c84fa94-04c1-424b-9868-57a2d4851a1d" relativeResultsDirectory="01dcd606-ca48-427f-ae51-a6ef626ad054">
    </UnitTestResult>
    <UnitTestResult executionId="3f0d5a5a-9bbb-4f2c-ae9b-d35322ccfb45" testId="f04168ba-7ed2-09a4-2e16-412a0ab7c2cd" testName="AnuncioConstructorTest" computerName="PC-PC" testType="13cdc9d9-ddb5-4fa4-a97d-d965ccfc6d4b" outcome="NotExecuted" testListId="8c84fa94-04c1-424b-9868-57a2d4851a1d" relativeResultsDirectory="3f0d5a5a-9bbb-4f2c-ae9b-d35322ccfb45">
    </UnitTestResult>
    <UnitTestResult executionId="cd1c32cc-072a-4c5d-8d39-7ae626505271" testId="f36a005e-adb8-d007-0a86-9707547f994b" testName="LinkTest" computerName="PC-PC" testType="13cdc9d9-ddb5-4fa4-a97d-d965ccfc6d4b" outcome="NotExecuted" testListId="8c84fa94-04c1-424b-9868-57a2d4851a1d" relativeResultsDirectory="cd1c32cc-072a-4c5d-8d39-7ae626505271">
    </UnitTestResult>
  </Results>
</TestRun>